mkdir -p build
cc -ffreestanding -fno-ident -mno-red-zone -MMD -MP -c kernel/arch/x86_64/entry.S -o build/kernel/arch/x86_64/entry.o
cc -ffreestanding -fno-ident -mno-red-zone -MMD -MP -c kernel/arch/x86_64/gdt_asm.S -o build/kernel/arch/x86_64/gdt_asm.o
cc -ffreestanding -fno-ident -mno-red-zone -MMD -MP -c kernel/arch/x86_64/isr.S -o build/kernel/arch/x86_64/isr.o
cc -ffreestanding -fno-ident -mno-red-zone -MMD -MP -c kernel/arch/x86_64/syscall_entry.S -o build/kernel/arch/x86_64/syscall_entry.o
cc -ffreestanding -fno-stack-protector -fno-stack-check -mno-red-zone -mno-sse -mno-sse2 -mno-mmx -mgeneral-regs-only -fPIE -fno-ident -Wall -Wextra -O2 -Iinclude/nexus -Idrivers -Idrivers/bus -Idrivers/graphics -Idrivers/graphics/framebuffer -Idrivers/graphics/gpu -Idrivers/graphics/gpu/amd -Idrivers/graphics/gpu/intel -Idrivers/graphics/gpu/nvidia -Idrivers/hardware -Idrivers/hardware/cpu -Idrivers/hardware/pic -Idrivers/input -Idrivers/input/core -Idrivers/input/keyboard -Idrivers/input/mouse -Idrivers/network -Idrivers/network/e1000 -Idrivers/storage -Idrivers/timer -Idrivers/usb -Ifs -Ifs/gpt -Ifs/vfs -Ifs/vfs/core -Ifs/vfs/mount -Ifs/vfs/registry -Igui -Igui/apps -Igui/apps/files -Igui/apps/settings -Igui/apps/terminal -Igui/core -Igui/desktop -Igui/input -Igui/renderer -Igui/search -Igui/window -Ikernel -Ikernel/arch -Ikernel/arch/x86_64 -Ikernel/bootmode -Ikernel/core -Ikernel/core/events -Ikernel/core/ipc -Ikernel/core/module -Ikernel/core/network -Ikernel/core/process -Ikernel/core/runtime -Ikernel/core/scheduler -Ikernel/core/sync -Ikernel/core/syscall -Ikernel/core/usermode -Ikernel/mm -Ilib -Ilib/memory -Iplatform -Iplatform/target -Ishell -Ishell/commands -Ishell/commands/filesystem -Ishell/commands/system -Ishell/commands/utilities -Ishell/core -Isystem -Isystem/apps -Isystem/config -Isystem/core -Isystem/desktop -Isystem/gui -Isystem/services -Isystem/services/app_manager -Isystem/services/font -Isystem/services/package_manager -Isystem/services/power -Isystem/services/session -Isystem/services/system_info -Iassets/fonts -MMD -MP -c drivers/bus/pci.c -o build/drivers/bus/pci.o
cc -ffreestanding -fno-stack-protector -fno-stack-check -mno-red-zone -mno-sse -mno-sse2 -mno-mmx -mgeneral-regs-only -fPIE -fno-ident -Wall -Wextra -O2 -Iinclude/nexus -Idrivers -Idrivers/bus -Idrivers/graphics -Idrivers/graphics/framebuffer -Idrivers/graphics/gpu -Idrivers/graphics/gpu/amd -Idrivers/graphics/gpu/intel -Idrivers/graphics/gpu/nvidia -Idrivers/hardware -Idrivers/hardware/cpu -Idrivers/hardware/pic -Idrivers/input -Idrivers/input/core -Idrivers/input/keyboard -Idrivers/input/mouse -Idrivers/network -Idrivers/network/e1000 -Idrivers/storage -Idrivers/timer -Idrivers/usb -Ifs -Ifs/gpt -Ifs/vfs -Ifs/vfs/core -Ifs/vfs/mount -Ifs/vfs/registry -Igui -Igui/apps -Igui/apps/files -Igui/apps/settings -Igui/apps/terminal -Igui/core -Igui/desktop -Igui/input -Igui/renderer -Igui/search -Igui/window -Ikernel -Ikernel/arch -Ikernel/arch/x86_64 -Ikernel/bootmode -Ikernel/core -Ikernel/core/events -Ikernel/core/ipc -Ikernel/core/module -Ikernel/core/network -Ikernel/core/process -Ikernel/core/runtime -Ikernel/core/scheduler -Ikernel/core/sync -Ikernel/core/syscall -Ikernel/core/usermode -Ikernel/mm -Ilib -Ilib/memory -Iplatform -Iplatform/target -Ishell -Ishell/commands -Ishell/commands/filesystem -Ishell/commands/system -Ishell/commands/utilities -Ishell/core -Isystem -Isystem/apps -Isystem/config -Isystem/core -Isystem/desktop -Isystem/gui -Isystem/services -Isystem/services/app_manager -Isystem/services/font -Isystem/services/package_manager -Isystem/services/power -Isystem/services/session -Isystem/services/system_info -Iassets/fonts -MMD -MP -c drivers/graphics/framebuffer/console.c -o build/drivers/graphics/framebuffer/console.o
cc -ffreestanding -fno-stack-protector -fno-stack-check -mno-red-zone -mno-sse -mno-sse2 -mno-mmx -mgeneral-regs-only -fPIE -fno-ident -Wall -Wextra -O2 -Iinclude/nexus -Idrivers -Idrivers/bus -Idrivers/graphics -Idrivers/graphics/framebuffer -Idrivers/graphics/gpu -Idrivers/graphics/gpu/amd -Idrivers/graphics/gpu/intel -Idrivers/graphics/gpu/nvidia -Idrivers/hardware -Idrivers/hardware/cpu -Idrivers/hardware/pic -Idrivers/input -Idrivers/input/core -Idrivers/input/keyboard -Idrivers/input/mouse -Idrivers/network -Idrivers/network/e1000 -Idrivers/storage -Idrivers/timer -Idrivers/usb -Ifs -Ifs/gpt -Ifs/vfs -Ifs/vfs/core -Ifs/vfs/mount -Ifs/vfs/registry -Igui -Igui/apps -Igui/apps/files -Igui/apps/settings -Igui/apps/terminal -Igui/core -Igui/desktop -Igui/input -Igui/renderer -Igui/search -Igui/window -Ikernel -Ikernel/arch -Ikernel/arch/x86_64 -Ikernel/bootmode -Ikernel/core -Ikernel/core/events -Ikernel/core/ipc -Ikernel/core/module -Ikernel/core/network -Ikernel/core/process -Ikernel/core/runtime -Ikernel/core/scheduler -Ikernel/core/sync -Ikernel/core/syscall -Ikernel/core/usermode -Ikernel/mm -Ilib -Ilib/memory -Iplatform -Iplatform/target -Ishell -Ishell/commands -Ishell/commands/filesystem -Ishell/commands/system -Ishell/commands/utilities -Ishell/core -Isystem -Isystem/apps -Isystem/config -Isystem/core -Isystem/desktop -Isystem/gui -Isystem/services -Isystem/services/app_manager -Isystem/services/font -Isystem/services/package_manager -Isystem/services/power -Isystem/services/session -Isystem/services/system_info -Iassets/fonts -MMD -MP -c drivers/graphics/gpu/amd/amd_gpu.c -o build/drivers/graphics/gpu/amd/amd_gpu.o
cc -ffreestanding -fno-stack-protector -fno-stack-check -mno-red-zone -mno-sse -mno-sse2 -mno-mmx -mgeneral-regs-only -fPIE -fno-ident -Wall -Wextra -O2 -Iinclude/nexus -Idrivers -Idrivers/bus -Idrivers/graphics -Idrivers/graphics/framebuffer -Idrivers/graphics/gpu -Idrivers/graphics/gpu/amd -Idrivers/graphics/gpu/intel -Idrivers/graphics/gpu/nvidia -Idrivers/hardware -Idrivers/hardware/cpu -Idrivers/hardware/pic -Idrivers/input -Idrivers/input/core -Idrivers/input/keyboard -Idrivers/input/mouse -Idrivers/network -Idrivers/network/e1000 -Idrivers/storage -Idrivers/timer -Idrivers/usb -Ifs -Ifs/gpt -Ifs/vfs -Ifs/vfs/core -Ifs/vfs/mount -Ifs/vfs/registry -Igui -Igui/apps -Igui/apps/files -Igui/apps/settings -Igui/apps/terminal -Igui/core -Igui/desktop -Igui/input -Igui/renderer -Igui/search -Igui/window -Ikernel -Ikernel/arch -Ikernel/arch/x86_64 -Ikernel/bootmode -Ikernel/core -Ikernel/core/events -Ikernel/core/ipc -Ikernel/core/module -Ikernel/core/network -Ikernel/core/process -Ikernel/core/runtime -Ikernel/core/scheduler -Ikernel/core/sync -Ikernel/core/syscall -Ikernel/core/usermode -Ikernel/mm -Ilib -Ilib/memory -Iplatform -Iplatform/target -Ishell -Ishell/commands -Ishell/commands/filesystem -Ishell/commands/system -Ishell/commands/utilities -Ishell/core -Isystem -Isystem/apps -Isystem/config -Isystem/core -Isystem/desktop -Isystem/gui -Isystem/services -Isystem/services/app_manager -Isystem/services/font -Isystem/services/package_manager -Isystem/services/power -Isystem/services/session -Isystem/services/system_info -Iassets/fonts -MMD -MP -c drivers/graphics/gpu/gpu.c -o build/drivers/graphics/gpu/gpu.o
cc -ffreestanding -fno-stack-protector -fno-stack-check -mno-red-zone -mno-sse -mno-sse2 -mno-mmx -mgeneral-regs-only -fPIE -fno-ident -Wall -Wextra -O2 -Iinclude/nexus -Idrivers -Idrivers/bus -Idrivers/graphics -Idrivers/graphics/framebuffer -Idrivers/graphics/gpu -Idrivers/graphics/gpu/amd -Idrivers/graphics/gpu/intel -Idrivers/graphics/gpu/nvidia -Idrivers/hardware -Idrivers/hardware/cpu -Idrivers/hardware/pic -Idrivers/input -Idrivers/input/core -Idrivers/input/keyboard -Idrivers/input/mouse -Idrivers/network -Idrivers/network/e1000 -Idrivers/storage -Idrivers/timer -Idrivers/usb -Ifs -Ifs/gpt -Ifs/vfs -Ifs/vfs/core -Ifs/vfs/mount -Ifs/vfs/registry -Igui -Igui/apps -Igui/apps/files -Igui/apps/settings -Igui/apps/terminal -Igui/core -Igui/desktop -Igui/input -Igui/renderer -Igui/search -Igui/window -Ikernel -Ikernel/arch -Ikernel/arch/x86_64 -Ikernel/bootmode -Ikernel/core -Ikernel/core/events -Ikernel/core/ipc -Ikernel/core/module -Ikernel/core/network -Ikernel/core/process -Ikernel/core/runtime -Ikernel/core/scheduler -Ikernel/core/sync -Ikernel/core/syscall -Ikernel/core/usermode -Ikernel/mm -Ilib -Ilib/memory -Iplatform -Iplatform/target -Ishell -Ishell/commands -Ishell/commands/filesystem -Ishell/commands/system -Ishell/commands/utilities -Ishell/core -Isystem -Isystem/apps -Isystem/config -Isystem/core -Isystem/desktop -Isystem/gui -Isystem/services -Isystem/services/app_manager -Isystem/services/font -Isystem/services/package_manager -Isystem/services/power -Isystem/services/session -Isystem/services/system_info -Iassets/fonts -MMD -MP -c drivers/graphics/gpu/intel/intel_gpu.c -o build/drivers/graphics/gpu/intel/intel_gpu.o
cc -ffreestanding -fno-stack-protector -fno-stack-check -mno-red-zone -mno-sse -mno-sse2 -mno-mmx -mgeneral-regs-only -fPIE -fno-ident -Wall -Wextra -O2 -Iinclude/nexus -Idrivers -Idrivers/bus -Idrivers/graphics -Idrivers/graphics/framebuffer -Idrivers/graphics/gpu -Idrivers/graphics/gpu/amd -Idrivers/graphics/gpu/intel -Idrivers/graphics/gpu/nvidia -Idrivers/hardware -Idrivers/hardware/cpu -Idrivers/hardware/pic -Idrivers/input -Idrivers/input/core -Idrivers/input/keyboard -Idrivers/input/mouse -Idrivers/network -Idrivers/network/e1000 -Idrivers/storage -Idrivers/timer -Idrivers/usb -Ifs -Ifs/gpt -Ifs/vfs -Ifs/vfs/core -Ifs/vfs/mount -Ifs/vfs/registry -Igui -Igui/apps -Igui/apps/files -Igui/apps/settings -Igui/apps/terminal -Igui/core -Igui/desktop -Igui/input -Igui/renderer -Igui/search -Igui/window -Ikernel -Ikernel/arch -Ikernel/arch/x86_64 -Ikernel/bootmode -Ikernel/core -Ikernel/core/events -Ikernel/core/ipc -Ikernel/core/module -Ikernel/core/network -Ikernel/core/process -Ikernel/core/runtime -Ikernel/core/scheduler -Ikernel/core/sync -Ikernel/core/syscall -Ikernel/core/usermode -Ikernel/mm -Ilib -Ilib/memory -Iplatform -Iplatform/target -Ishell -Ishell/commands -Ishell/commands/filesystem -Ishell/commands/system -Ishell/commands/utilities -Ishell/core -Isystem -Isystem/apps -Isystem/config -Isystem/core -Isystem/desktop -Isystem/gui -Isystem/services -Isystem/services/app_manager -Isystem/services/font -Isystem/services/package_manager -Isystem/services/power -Isystem/services/session -Isystem/services/system_info -Iassets/fonts -MMD -MP -c drivers/graphics/gpu/nvidia/nvidia_gpu.c -o build/drivers/graphics/gpu/nvidia/nvidia_gpu.o
cc -ffreestanding -fno-stack-protector -fno-stack-check -mno-red-zone -mno-sse -mno-sse2 -mno-mmx -mgeneral-regs-only -fPIE -fno-ident -Wall -Wextra -O2 -Iinclude/nexus -Idrivers -Idrivers/bus -Idrivers/graphics -Idrivers/graphics/framebuffer -Idrivers/graphics/gpu -Idrivers/graphics/gpu/amd -Idrivers/graphics/gpu/intel -Idrivers/graphics/gpu/nvidia -Idrivers/hardware -Idrivers/hardware/cpu -Idrivers/hardware/pic -Idrivers/input -Idrivers/input/core -Idrivers/input/keyboard -Idrivers/input/mouse -Idrivers/network -Idrivers/network/e1000 -Idrivers/storage -Idrivers/timer -Idrivers/usb -Ifs -Ifs/gpt -Ifs/vfs -Ifs/vfs/core -Ifs/vfs/mount -Ifs/vfs/registry -Igui -Igui/apps -Igui/apps/files -Igui/apps/settings -Igui/apps/terminal -Igui/core -Igui/desktop -Igui/input -Igui/renderer -Igui/search -Igui/window -Ikernel -Ikernel/arch -Ikernel/arch/x86_64 -Ikernel/bootmode -Ikernel/core -Ikernel/core/events -Ikernel/core/ipc -Ikernel/core/module -Ikernel/core/network -Ikernel/core/process -Ikernel/core/runtime -Ikernel/core/scheduler -Ikernel/core/sync -Ikernel/core/syscall -Ikernel/core/usermode -Ikernel/mm -Ilib -Ilib/memory -Iplatform -Iplatform/target -Ishell -Ishell/commands -Ishell/commands/filesystem -Ishell/commands/system -Ishell/commands/utilities -Ishell/core -Isystem -Isystem/apps -Isystem/config -Isystem/core -Isystem/desktop -Isystem/gui -Isystem/services -Isystem/services/app_manager -Isystem/services/font -Isystem/services/package_manager -Isystem/services/power -Isystem/services/session -Isystem/services/system_info -Iassets/fonts -MMD -MP -c drivers/hardware/cpu/cpu.c -o build/drivers/hardware/cpu/cpu.o
cc -ffreestanding -fno-stack-protector -fno-stack-check -mno-red-zone -mno-sse -mno-sse2 -mno-mmx -mgeneral-regs-only -fPIE -fno-ident -Wall -Wextra -O2 -Iinclude/nexus -Idrivers -Idrivers/bus -Idrivers/graphics -Idrivers/graphics/framebuffer -Idrivers/graphics/gpu -Idrivers/graphics/gpu/amd -Idrivers/graphics/gpu/intel -Idrivers/graphics/gpu/nvidia -Idrivers/hardware -Idrivers/hardware/cpu -Idrivers/hardware/pic -Idrivers/input -Idrivers/input/core -Idrivers/input/keyboard -Idrivers/input/mouse -Idrivers/network -Idrivers/network/e1000 -Idrivers/storage -Idrivers/timer -Idrivers/usb -Ifs -Ifs/gpt -Ifs/vfs -Ifs/vfs/core -Ifs/vfs/mount -Ifs/vfs/registry -Igui -Igui/apps -Igui/apps/files -Igui/apps/settings -Igui/apps/terminal -Igui/core -Igui/desktop -Igui/input -Igui/renderer -Igui/search -Igui/window -Ikernel -Ikernel/arch -Ikernel/arch/x86_64 -Ikernel/bootmode -Ikernel/core -Ikernel/core/events -Ikernel/core/ipc -Ikernel/core/module -Ikernel/core/network -Ikernel/core/process -Ikernel/core/runtime -Ikernel/core/scheduler -Ikernel/core/sync -Ikernel/core/syscall -Ikernel/core/usermode -Ikernel/mm -Ilib -Ilib/memory -Iplatform -Iplatform/target -Ishell -Ishell/commands -Ishell/commands/filesystem -Ishell/commands/system -Ishell/commands/utilities -Ishell/core -Isystem -Isystem/apps -Isystem/config -Isystem/core -Isystem/desktop -Isystem/gui -Isystem/services -Isystem/services/app_manager -Isystem/services/font -Isystem/services/package_manager -Isystem/services/power -Isystem/services/session -Isystem/services/system_info -Iassets/fonts -MMD -MP -c drivers/hardware/pic/pic.c -o build/drivers/hardware/pic/pic.o
cc -ffreestanding -fno-stack-protector -fno-stack-check -mno-red-zone -mno-sse -mno-sse2 -mno-mmx -mgeneral-regs-only -fPIE -fno-ident -Wall -Wextra -O2 -Iinclude/nexus -Idrivers -Idrivers/bus -Idrivers/graphics -Idrivers/graphics/framebuffer -Idrivers/graphics/gpu -Idrivers/graphics/gpu/amd -Idrivers/graphics/gpu/intel -Idrivers/graphics/gpu/nvidia -Idrivers/hardware -Idrivers/hardware/cpu -Idrivers/hardware/pic -Idrivers/input -Idrivers/input/core -Idrivers/input/keyboard -Idrivers/input/mouse -Idrivers/network -Idrivers/network/e1000 -Idrivers/storage -Idrivers/timer -Idrivers/usb -Ifs -Ifs/gpt -Ifs/vfs -Ifs/vfs/core -Ifs/vfs/mount -Ifs/vfs/registry -Igui -Igui/apps -Igui/apps/files -Igui/apps/settings -Igui/apps/terminal -Igui/core -Igui/desktop -Igui/input -Igui/renderer -Igui/search -Igui/window -Ikernel -Ikernel/arch -Ikernel/arch/x86_64 -Ikernel/bootmode -Ikernel/core -Ikernel/core/events -Ikernel/core/ipc -Ikernel/core/module -Ikernel/core/network -Ikernel/core/process -Ikernel/core/runtime -Ikernel/core/scheduler -Ikernel/core/sync -Ikernel/core/syscall -Ikernel/core/usermode -Ikernel/mm -Ilib -Ilib/memory -Iplatform -Iplatform/target -Ishell -Ishell/commands -Ishell/commands/filesystem -Ishell/commands/system -Ishell/commands/utilities -Ishell/core -Isystem -Isystem/apps -Isystem/config -Isystem/core -Isystem/desktop -Isystem/gui -Isystem/services -Isystem/services/app_manager -Isystem/services/font -Isystem/services/package_manager -Isystem/services/power -Isystem/services/session -Isystem/services/system_info -Iassets/fonts -MMD -MP -c drivers/input/core/input.c -o build/drivers/input/core/input.o
cc -ffreestanding -fno-stack-protector -fno-stack-check -mno-red-zone -mno-sse -mno-sse2 -mno-mmx -mgeneral-regs-only -fPIE -fno-ident -Wall -Wextra -O2 -Iinclude/nexus -Idrivers -Idrivers/bus -Idrivers/graphics -Idrivers/graphics/framebuffer -Idrivers/graphics/gpu -Idrivers/graphics/gpu/amd -Idrivers/graphics/gpu/intel -Idrivers/graphics/gpu/nvidia -Idrivers/hardware -Idrivers/hardware/cpu -Idrivers/hardware/pic -Idrivers/input -Idrivers/input/core -Idrivers/input/keyboard -Idrivers/input/mouse -Idrivers/network -Idrivers/network/e1000 -Idrivers/storage -Idrivers/timer -Idrivers/usb -Ifs -Ifs/gpt -Ifs/vfs -Ifs/vfs/core -Ifs/vfs/mount -Ifs/vfs/registry -Igui -Igui/apps -Igui/apps/files -Igui/apps/settings -Igui/apps/terminal -Igui/core -Igui/desktop -Igui/input -Igui/renderer -Igui/search -Igui/window -Ikernel -Ikernel/arch -Ikernel/arch/x86_64 -Ikernel/bootmode -Ikernel/core -Ikernel/core/events -Ikernel/core/ipc -Ikernel/core/module -Ikernel/core/network -Ikernel/core/process -Ikernel/core/runtime -Ikernel/core/scheduler -Ikernel/core/sync -Ikernel/core/syscall -Ikernel/core/usermode -Ikernel/mm -Ilib -Ilib/memory -Iplatform -Iplatform/target -Ishell -Ishell/commands -Ishell/commands/filesystem -Ishell/commands/system -Ishell/commands/utilities -Ishell/core -Isystem -Isystem/apps -Isystem/config -Isystem/core -Isystem/desktop -Isystem/gui -Isystem/services -Isystem/services/app_manager -Isystem/services/font -Isystem/services/package_manager -Isystem/services/power -Isystem/services/session -Isystem/services/system_info -Iassets/fonts -MMD -MP -c drivers/input/keyboard/keyboard.c -o build/drivers/input/keyboard/keyboard.o
cc -ffreestanding -fno-stack-protector -fno-stack-check -mno-red-zone -mno-sse -mno-sse2 -mno-mmx -mgeneral-regs-only -fPIE -fno-ident -Wall -Wextra -O2 -Iinclude/nexus -Idrivers -Idrivers/bus -Idrivers/graphics -Idrivers/graphics/framebuffer -Idrivers/graphics/gpu -Idrivers/graphics/gpu/amd -Idrivers/graphics/gpu/intel -Idrivers/graphics/gpu/nvidia -Idrivers/hardware -Idrivers/hardware/cpu -Idrivers/hardware/pic -Idrivers/input -Idrivers/input/core -Idrivers/input/keyboard -Idrivers/input/mouse -Idrivers/network -Idrivers/network/e1000 -Idrivers/storage -Idrivers/timer -Idrivers/usb -Ifs -Ifs/gpt -Ifs/vfs -Ifs/vfs/core -Ifs/vfs/mount -Ifs/vfs/registry -Igui -Igui/apps -Igui/apps/files -Igui/apps/settings -Igui/apps/terminal -Igui/core -Igui/desktop -Igui/input -Igui/renderer -Igui/search -Igui/window -Ikernel -Ikernel/arch -Ikernel/arch/x86_64 -Ikernel/bootmode -Ikernel/core -Ikernel/core/events -Ikernel/core/ipc -Ikernel/core/module -Ikernel/core/network -Ikernel/core/process -Ikernel/core/runtime -Ikernel/core/scheduler -Ikernel/core/sync -Ikernel/core/syscall -Ikernel/core/usermode -Ikernel/mm -Ilib -Ilib/memory -Iplatform -Iplatform/target -Ishell -Ishell/commands -Ishell/commands/filesystem -Ishell/commands/system -Ishell/commands/utilities -Ishell/core -Isystem -Isystem/apps -Isystem/config -Isystem/core -Isystem/desktop -Isystem/gui -Isystem/services -Isystem/services/app_manager -Isystem/services/font -Isystem/services/package_manager -Isystem/services/power -Isystem/services/session -Isystem/services/system_info -Iassets/fonts -MMD -MP -c drivers/input/mouse/mouse.c -o build/drivers/input/mouse/mouse.o
cc -ffreestanding -fno-stack-protector -fno-stack-check -mno-red-zone -mno-sse -mno-sse2 -mno-mmx -mgeneral-regs-only -fPIE -fno-ident -Wall -Wextra -O2 -Iinclude/nexus -Idrivers -Idrivers/bus -Idrivers/graphics -Idrivers/graphics/framebuffer -Idrivers/graphics/gpu -Idrivers/graphics/gpu/amd -Idrivers/graphics/gpu/intel -Idrivers/graphics/gpu/nvidia -Idrivers/hardware -Idrivers/hardware/cpu -Idrivers/hardware/pic -Idrivers/input -Idrivers/input/core -Idrivers/input/keyboard -Idrivers/input/mouse -Idrivers/network -Idrivers/network/e1000 -Idrivers/storage -Idrivers/timer -Idrivers/usb -Ifs -Ifs/gpt -Ifs/vfs -Ifs/vfs/core -Ifs/vfs/mount -Ifs/vfs/registry -Igui -Igui/apps -Igui/apps/files -Igui/apps/settings -Igui/apps/terminal -Igui/core -Igui/desktop -Igui/input -Igui/renderer -Igui/search -Igui/window -Ikernel -Ikernel/arch -Ikernel/arch/x86_64 -Ikernel/bootmode -Ikernel/core -Ikernel/core/events -Ikernel/core/ipc -Ikernel/core/module -Ikernel/core/network -Ikernel/core/process -Ikernel/core/runtime -Ikernel/core/scheduler -Ikernel/core/sync -Ikernel/core/syscall -Ikernel/core/usermode -Ikernel/mm -Ilib -Ilib/memory -Iplatform -Iplatform/target -Ishell -Ishell/commands -Ishell/commands/filesystem -Ishell/commands/system -Ishell/commands/utilities -Ishell/core -Isystem -Isystem/apps -Isystem/config -Isystem/core -Isystem/desktop -Isystem/gui -Isystem/services -Isystem/services/app_manager -Isystem/services/font -Isystem/services/package_manager -Isystem/services/power -Isystem/services/session -Isystem/services/system_info -Iassets/fonts -MMD -MP -c drivers/network/e1000/e1000.c -o build/drivers/network/e1000/e1000.o
cc -ffreestanding -fno-stack-protector -fno-stack-check -mno-red-zone -mno-sse -mno-sse2 -mno-mmx -mgeneral-regs-only -fPIE -fno-ident -Wall -Wextra -O2 -Iinclude/nexus -Idrivers -Idrivers/bus -Idrivers/graphics -Idrivers/graphics/framebuffer -Idrivers/graphics/gpu -Idrivers/graphics/gpu/amd -Idrivers/graphics/gpu/intel -Idrivers/graphics/gpu/nvidia -Idrivers/hardware -Idrivers/hardware/cpu -Idrivers/hardware/pic -Idrivers/input -Idrivers/input/core -Idrivers/input/keyboard -Idrivers/input/mouse -Idrivers/network -Idrivers/network/e1000 -Idrivers/storage -Idrivers/timer -Idrivers/usb -Ifs -Ifs/gpt -Ifs/vfs -Ifs/vfs/core -Ifs/vfs/mount -Ifs/vfs/registry -Igui -Igui/apps -Igui/apps/files -Igui/apps/settings -Igui/apps/terminal -Igui/core -Igui/desktop -Igui/input -Igui/renderer -Igui/search -Igui/window -Ikernel -Ikernel/arch -Ikernel/arch/x86_64 -Ikernel/bootmode -Ikernel/core -Ikernel/core/events -Ikernel/core/ipc -Ikernel/core/module -Ikernel/core/network -Ikernel/core/process -Ikernel/core/runtime -Ikernel/core/scheduler -Ikernel/core/sync -Ikernel/core/syscall -Ikernel/core/usermode -Ikernel/mm -Ilib -Ilib/memory -Iplatform -Iplatform/target -Ishell -Ishell/commands -Ishell/commands/filesystem -Ishell/commands/system -Ishell/commands/utilities -Ishell/core -Isystem -Isystem/apps -Isystem/config -Isystem/core -Isystem/desktop -Isystem/gui -Isystem/services -Isystem/services/app_manager -Isystem/services/font -Isystem/services/package_manager -Isystem/services/power -Isystem/services/session -Isystem/services/system_info -Iassets/fonts -MMD -MP -c drivers/storage/ahci.c -o build/drivers/storage/ahci.o
cc -ffreestanding -fno-stack-protector -fno-stack-check -mno-red-zone -mno-sse -mno-sse2 -mno-mmx -mgeneral-regs-only -fPIE -fno-ident -Wall -Wextra -O2 -Iinclude/nexus -Idrivers -Idrivers/bus -Idrivers/graphics -Idrivers/graphics/framebuffer -Idrivers/graphics/gpu -Idrivers/graphics/gpu/amd -Idrivers/graphics/gpu/intel -Idrivers/graphics/gpu/nvidia -Idrivers/hardware -Idrivers/hardware/cpu -Idrivers/hardware/pic -Idrivers/input -Idrivers/input/core -Idrivers/input/keyboard -Idrivers/input/mouse -Idrivers/network -Idrivers/network/e1000 -Idrivers/storage -Idrivers/timer -Idrivers/usb -Ifs -Ifs/gpt -Ifs/vfs -Ifs/vfs/core -Ifs/vfs/mount -Ifs/vfs/registry -Igui -Igui/apps -Igui/apps/files -Igui/apps/settings -Igui/apps/terminal -Igui/core -Igui/desktop -Igui/input -Igui/renderer -Igui/search -Igui/window -Ikernel -Ikernel/arch -Ikernel/arch/x86_64 -Ikernel/bootmode -Ikernel/core -Ikernel/core/events -Ikernel/core/ipc -Ikernel/core/module -Ikernel/core/network -Ikernel/core/process -Ikernel/core/runtime -Ikernel/core/scheduler -Ikernel/core/sync -Ikernel/core/syscall -Ikernel/core/usermode -Ikernel/mm -Ilib -Ilib/memory -Iplatform -Iplatform/target -Ishell -Ishell/commands -Ishell/commands/filesystem -Ishell/commands/system -Ishell/commands/utilities -Ishell/core -Isystem -Isystem/apps -Isystem/config -Isystem/core -Isystem/desktop -Isystem/gui -Isystem/services -Isystem/services/app_manager -Isystem/services/font -Isystem/services/package_manager -Isystem/services/power -Isystem/services/session -Isystem/services/system_info -Iassets/fonts -MMD -MP -c drivers/storage/nvme.c -o build/drivers/storage/nvme.o
cc -ffreestanding -fno-stack-protector -fno-stack-check -mno-red-zone -mno-sse -mno-sse2 -mno-mmx -mgeneral-regs-only -fPIE -fno-ident -Wall -Wextra -O2 -Iinclude/nexus -Idrivers -Idrivers/bus -Idrivers/graphics -Idrivers/graphics/framebuffer -Idrivers/graphics/gpu -Idrivers/graphics/gpu/amd -Idrivers/graphics/gpu/intel -Idrivers/graphics/gpu/nvidia -Idrivers/hardware -Idrivers/hardware/cpu -Idrivers/hardware/pic -Idrivers/input -Idrivers/input/core -Idrivers/input/keyboard -Idrivers/input/mouse -Idrivers/network -Idrivers/network/e1000 -Idrivers/storage -Idrivers/timer -Idrivers/usb -Ifs -Ifs/gpt -Ifs/vfs -Ifs/vfs/core -Ifs/vfs/mount -Ifs/vfs/registry -Igui -Igui/apps -Igui/apps/files -Igui/apps/settings -Igui/apps/terminal -Igui/core -Igui/desktop -Igui/input -Igui/renderer -Igui/search -Igui/window -Ikernel -Ikernel/arch -Ikernel/arch/x86_64 -Ikernel/bootmode -Ikernel/core -Ikernel/core/events -Ikernel/core/ipc -Ikernel/core/module -Ikernel/core/network -Ikernel/core/process -Ikernel/core/runtime -Ikernel/core/scheduler -Ikernel/core/sync -Ikernel/core/syscall -Ikernel/core/usermode -Ikernel/mm -Ilib -Ilib/memory -Iplatform -Iplatform/target -Ishell -Ishell/commands -Ishell/commands/filesystem -Ishell/commands/system -Ishell/commands/utilities -Ishell/core -Isystem -Isystem/apps -Isystem/config -Isystem/core -Isystem/desktop -Isystem/gui -Isystem/services -Isystem/services/app_manager -Isystem/services/font -Isystem/services/package_manager -Isystem/services/power -Isystem/services/session -Isystem/services/system_info -Iassets/fonts -MMD -MP -c drivers/timer/pit.c -o build/drivers/timer/pit.o
cc -ffreestanding -fno-stack-protector -fno-stack-check -mno-red-zone -mno-sse -mno-sse2 -mno-mmx -mgeneral-regs-only -fPIE -fno-ident -Wall -Wextra -O2 -Iinclude/nexus -Idrivers -Idrivers/bus -Idrivers/graphics -Idrivers/graphics/framebuffer -Idrivers/graphics/gpu -Idrivers/graphics/gpu/amd -Idrivers/graphics/gpu/intel -Idrivers/graphics/gpu/nvidia -Idrivers/hardware -Idrivers/hardware/cpu -Idrivers/hardware/pic -Idrivers/input -Idrivers/input/core -Idrivers/input/keyboard -Idrivers/input/mouse -Idrivers/network -Idrivers/network/e1000 -Idrivers/storage -Idrivers/timer -Idrivers/usb -Ifs -Ifs/gpt -Ifs/vfs -Ifs/vfs/core -Ifs/vfs/mount -Ifs/vfs/registry -Igui -Igui/apps -Igui/apps/files -Igui/apps/settings -Igui/apps/terminal -Igui/core -Igui/desktop -Igui/input -Igui/renderer -Igui/search -Igui/window -Ikernel -Ikernel/arch -Ikernel/arch/x86_64 -Ikernel/bootmode -Ikernel/core -Ikernel/core/events -Ikernel/core/ipc -Ikernel/core/module -Ikernel/core/network -Ikernel/core/process -Ikernel/core/runtime -Ikernel/core/scheduler -Ikernel/core/sync -Ikernel/core/syscall -Ikernel/core/usermode -Ikernel/mm -Ilib -Ilib/memory -Iplatform -Iplatform/target -Ishell -Ishell/commands -Ishell/commands/filesystem -Ishell/commands/system -Ishell/commands/utilities -Ishell/core -Isystem -Isystem/apps -Isystem/config -Isystem/core -Isystem/desktop -Isystem/gui -Isystem/services -Isystem/services/app_manager -Isystem/services/font -Isystem/services/package_manager -Isystem/services/power -Isystem/services/session -Isystem/services/system_info -Iassets/fonts -MMD -MP -c drivers/usb/ehci.c -o build/drivers/usb/ehci.o
cc -ffreestanding -fno-stack-protector -fno-stack-check -mno-red-zone -mno-sse -mno-sse2 -mno-mmx -mgeneral-regs-only -fPIE -fno-ident -Wall -Wextra -O2 -Iinclude/nexus -Idrivers -Idrivers/bus -Idrivers/graphics -Idrivers/graphics/framebuffer -Idrivers/graphics/gpu -Idrivers/graphics/gpu/amd -Idrivers/graphics/gpu/intel -Idrivers/graphics/gpu/nvidia -Idrivers/hardware -Idrivers/hardware/cpu -Idrivers/hardware/pic -Idrivers/input -Idrivers/input/core -Idrivers/input/keyboard -Idrivers/input/mouse -Idrivers/network -Idrivers/network/e1000 -Idrivers/storage -Idrivers/timer -Idrivers/usb -Ifs -Ifs/gpt -Ifs/vfs -Ifs/vfs/core -Ifs/vfs/mount -Ifs/vfs/registry -Igui -Igui/apps -Igui/apps/files -Igui/apps/settings -Igui/apps/terminal -Igui/core -Igui/desktop -Igui/input -Igui/renderer -Igui/search -Igui/window -Ikernel -Ikernel/arch -Ikernel/arch/x86_64 -Ikernel/bootmode -Ikernel/core -Ikernel/core/events -Ikernel/core/ipc -Ikernel/core/module -Ikernel/core/network -Ikernel/core/process -Ikernel/core/runtime -Ikernel/core/scheduler -Ikernel/core/sync -Ikernel/core/syscall -Ikernel/core/usermode -Ikernel/mm -Ilib -Ilib/memory -Iplatform -Iplatform/target -Ishell -Ishell/commands -Ishell/commands/filesystem -Ishell/commands/system -Ishell/commands/utilities -Ishell/core -Isystem -Isystem/apps -Isystem/config -Isystem/core -Isystem/desktop -Isystem/gui -Isystem/services -Isystem/services/app_manager -Isystem/services/font -Isystem/services/package_manager -Isystem/services/power -Isystem/services/session -Isystem/services/system_info -Iassets/fonts -MMD -MP -c drivers/usb/ohci.c -o build/drivers/usb/ohci.o
cc -ffreestanding -fno-stack-protector -fno-stack-check -mno-red-zone -mno-sse -mno-sse2 -mno-mmx -mgeneral-regs-only -fPIE -fno-ident -Wall -Wextra -O2 -Iinclude/nexus -Idrivers -Idrivers/bus -Idrivers/graphics -Idrivers/graphics/framebuffer -Idrivers/graphics/gpu -Idrivers/graphics/gpu/amd -Idrivers/graphics/gpu/intel -Idrivers/graphics/gpu/nvidia -Idrivers/hardware -Idrivers/hardware/cpu -Idrivers/hardware/pic -Idrivers/input -Idrivers/input/core -Idrivers/input/keyboard -Idrivers/input/mouse -Idrivers/network -Idrivers/network/e1000 -Idrivers/storage -Idrivers/timer -Idrivers/usb -Ifs -Ifs/gpt -Ifs/vfs -Ifs/vfs/core -Ifs/vfs/mount -Ifs/vfs/registry -Igui -Igui/apps -Igui/apps/files -Igui/apps/settings -Igui/apps/terminal -Igui/core -Igui/desktop -Igui/input -Igui/renderer -Igui/search -Igui/window -Ikernel -Ikernel/arch -Ikernel/arch/x86_64 -Ikernel/bootmode -Ikernel/core -Ikernel/core/events -Ikernel/core/ipc -Ikernel/core/module -Ikernel/core/network -Ikernel/core/process -Ikernel/core/runtime -Ikernel/core/scheduler -Ikernel/core/sync -Ikernel/core/syscall -Ikernel/core/usermode -Ikernel/mm -Ilib -Ilib/memory -Iplatform -Iplatform/target -Ishell -Ishell/commands -Ishell/commands/filesystem -Ishell/commands/system -Ishell/commands/utilities -Ishell/core -Isystem -Isystem/apps -Isystem/config -Isystem/core -Isystem/desktop -Isystem/gui -Isystem/services -Isystem/services/app_manager -Isystem/services/font -Isystem/services/package_manager -Isystem/services/power -Isystem/services/session -Isystem/services/system_info -Iassets/fonts -MMD -MP -c drivers/usb/uhci.c -o build/drivers/usb/uhci.o
cc -ffreestanding -fno-stack-protector -fno-stack-check -mno-red-zone -mno-sse -mno-sse2 -mno-mmx -mgeneral-regs-only -fPIE -fno-ident -Wall -Wextra -O2 -Iinclude/nexus -Idrivers -Idrivers/bus -Idrivers/graphics -Idrivers/graphics/framebuffer -Idrivers/graphics/gpu -Idrivers/graphics/gpu/amd -Idrivers/graphics/gpu/intel -Idrivers/graphics/gpu/nvidia -Idrivers/hardware -Idrivers/hardware/cpu -Idrivers/hardware/pic -Idrivers/input -Idrivers/input/core -Idrivers/input/keyboard -Idrivers/input/mouse -Idrivers/network -Idrivers/network/e1000 -Idrivers/storage -Idrivers/timer -Idrivers/usb -Ifs -Ifs/gpt -Ifs/vfs -Ifs/vfs/core -Ifs/vfs/mount -Ifs/vfs/registry -Igui -Igui/apps -Igui/apps/files -Igui/apps/settings -Igui/apps/terminal -Igui/core -Igui/desktop -Igui/input -Igui/renderer -Igui/search -Igui/window -Ikernel -Ikernel/arch -Ikernel/arch/x86_64 -Ikernel/bootmode -Ikernel/core -Ikernel/core/events -Ikernel/core/ipc -Ikernel/core/module -Ikernel/core/network -Ikernel/core/process -Ikernel/core/runtime -Ikernel/core/scheduler -Ikernel/core/sync -Ikernel/core/syscall -Ikernel/core/usermode -Ikernel/mm -Ilib -Ilib/memory -Iplatform -Iplatform/target -Ishell -Ishell/commands -Ishell/commands/filesystem -Ishell/commands/system -Ishell/commands/utilities -Ishell/core -Isystem -Isystem/apps -Isystem/config -Isystem/core -Isystem/desktop -Isystem/gui -Isystem/services -Isystem/services/app_manager -Isystem/services/font -Isystem/services/package_manager -Isystem/services/power -Isystem/services/session -Isystem/services/system_info -Iassets/fonts -MMD -MP -c drivers/usb/usb.c -o build/drivers/usb/usb.o
cc -ffreestanding -fno-stack-protector -fno-stack-check -mno-red-zone -mno-sse -mno-sse2 -mno-mmx -mgeneral-regs-only -fPIE -fno-ident -Wall -Wextra -O2 -Iinclude/nexus -Idrivers -Idrivers/bus -Idrivers/graphics -Idrivers/graphics/framebuffer -Idrivers/graphics/gpu -Idrivers/graphics/gpu/amd -Idrivers/graphics/gpu/intel -Idrivers/graphics/gpu/nvidia -Idrivers/hardware -Idrivers/hardware/cpu -Idrivers/hardware/pic -Idrivers/input -Idrivers/input/core -Idrivers/input/keyboard -Idrivers/input/mouse -Idrivers/network -Idrivers/network/e1000 -Idrivers/storage -Idrivers/timer -Idrivers/usb -Ifs -Ifs/gpt -Ifs/vfs -Ifs/vfs/core -Ifs/vfs/mount -Ifs/vfs/registry -Igui -Igui/apps -Igui/apps/files -Igui/apps/settings -Igui/apps/terminal -Igui/core -Igui/desktop -Igui/input -Igui/renderer -Igui/search -Igui/window -Ikernel -Ikernel/arch -Ikernel/arch/x86_64 -Ikernel/bootmode -Ikernel/core -Ikernel/core/events -Ikernel/core/ipc -Ikernel/core/module -Ikernel/core/network -Ikernel/core/process -Ikernel/core/runtime -Ikernel/core/scheduler -Ikernel/core/sync -Ikernel/core/syscall -Ikernel/core/usermode -Ikernel/mm -Ilib -Ilib/memory -Iplatform -Iplatform/target -Ishell -Ishell/commands -Ishell/commands/filesystem -Ishell/commands/system -Ishell/commands/utilities -Ishell/core -Isystem -Isystem/apps -Isystem/config -Isystem/core -Isystem/desktop -Isystem/gui -Isystem/services -Isystem/services/app_manager -Isystem/services/font -Isystem/services/package_manager -Isystem/services/power -Isystem/services/session -Isystem/services/system_info -Iassets/fonts -MMD -MP -c drivers/usb/xhci.c -o build/drivers/usb/xhci.o
cc -ffreestanding -fno-stack-protector -fno-stack-check -mno-red-zone -mno-sse -mno-sse2 -mno-mmx -mgeneral-regs-only -fPIE -fno-ident -Wall -Wextra -O2 -Iinclude/nexus -Idrivers -Idrivers/bus -Idrivers/graphics -Idrivers/graphics/framebuffer -Idrivers/graphics/gpu -Idrivers/graphics/gpu/amd -Idrivers/graphics/gpu/intel -Idrivers/graphics/gpu/nvidia -Idrivers/hardware -Idrivers/hardware/cpu -Idrivers/hardware/pic -Idrivers/input -Idrivers/input/core -Idrivers/input/keyboard -Idrivers/input/mouse -Idrivers/network -Idrivers/network/e1000 -Idrivers/storage -Idrivers/timer -Idrivers/usb -Ifs -Ifs/gpt -Ifs/vfs -Ifs/vfs/core -Ifs/vfs/mount -Ifs/vfs/registry -Igui -Igui/apps -Igui/apps/files -Igui/apps/settings -Igui/apps/terminal -Igui/core -Igui/desktop -Igui/input -Igui/renderer -Igui/search -Igui/window -Ikernel -Ikernel/arch -Ikernel/arch/x86_64 -Ikernel/bootmode -Ikernel/core -Ikernel/core/events -Ikernel/core/ipc -Ikernel/core/module -Ikernel/core/network -Ikernel/core/process -Ikernel/core/runtime -Ikernel/core/scheduler -Ikernel/core/sync -Ikernel/core/syscall -Ikernel/core/usermode -Ikernel/mm -Ilib -Ilib/memory -Iplatform -Iplatform/target -Ishell -Ishell/commands -Ishell/commands/filesystem -Ishell/commands/system -Ishell/commands/utilities -Ishell/core -Isystem -Isystem/apps -Isystem/config -Isystem/core -Isystem/desktop -Isystem/gui -Isystem/services -Isystem/services/app_manager -Isystem/services/font -Isystem/services/package_manager -Isystem/services/power -Isystem/services/session -Isystem/services/system_info -Iassets/fonts -MMD -MP -c fs/fat32.c -o build/fs/fat32.o
cc -ffreestanding -fno-stack-protector -fno-stack-check -mno-red-zone -mno-sse -mno-sse2 -mno-mmx -mgeneral-regs-only -fPIE -fno-ident -Wall -Wextra -O2 -Iinclude/nexus -Idrivers -Idrivers/bus -Idrivers/graphics -Idrivers/graphics/framebuffer -Idrivers/graphics/gpu -Idrivers/graphics/gpu/amd -Idrivers/graphics/gpu/intel -Idrivers/graphics/gpu/nvidia -Idrivers/hardware -Idrivers/hardware/cpu -Idrivers/hardware/pic -Idrivers/input -Idrivers/input/core -Idrivers/input/keyboard -Idrivers/input/mouse -Idrivers/network -Idrivers/network/e1000 -Idrivers/storage -Idrivers/timer -Idrivers/usb -Ifs -Ifs/gpt -Ifs/vfs -Ifs/vfs/core -Ifs/vfs/mount -Ifs/vfs/registry -Igui -Igui/apps -Igui/apps/files -Igui/apps/settings -Igui/apps/terminal -Igui/core -Igui/desktop -Igui/input -Igui/renderer -Igui/search -Igui/window -Ikernel -Ikernel/arch -Ikernel/arch/x86_64 -Ikernel/bootmode -Ikernel/core -Ikernel/core/events -Ikernel/core/ipc -Ikernel/core/module -Ikernel/core/network -Ikernel/core/process -Ikernel/core/runtime -Ikernel/core/scheduler -Ikernel/core/sync -Ikernel/core/syscall -Ikernel/core/usermode -Ikernel/mm -Ilib -Ilib/memory -Iplatform -Iplatform/target -Ishell -Ishell/commands -Ishell/commands/filesystem -Ishell/commands/system -Ishell/commands/utilities -Ishell/core -Isystem -Isystem/apps -Isystem/config -Isystem/core -Isystem/desktop -Isystem/gui -Isystem/services -Isystem/services/app_manager -Isystem/services/font -Isystem/services/package_manager -Isystem/services/power -Isystem/services/session -Isystem/services/system_info -Iassets/fonts -MMD -MP -c fs/gpt/gpt.c -o build/fs/gpt/gpt.o
cc -ffreestanding -fno-stack-protector -fno-stack-check -mno-red-zone -mno-sse -mno-sse2 -mno-mmx -mgeneral-regs-only -fPIE -fno-ident -Wall -Wextra -O2 -Iinclude/nexus -Idrivers -Idrivers/bus -Idrivers/graphics -Idrivers/graphics/framebuffer -Idrivers/graphics/gpu -Idrivers/graphics/gpu/amd -Idrivers/graphics/gpu/intel -Idrivers/graphics/gpu/nvidia -Idrivers/hardware -Idrivers/hardware/cpu -Idrivers/hardware/pic -Idrivers/input -Idrivers/input/core -Idrivers/input/keyboard -Idrivers/input/mouse -Idrivers/network -Idrivers/network/e1000 -Idrivers/storage -Idrivers/timer -Idrivers/usb -Ifs -Ifs/gpt -Ifs/vfs -Ifs/vfs/core -Ifs/vfs/mount -Ifs/vfs/registry -Igui -Igui/apps -Igui/apps/files -Igui/apps/settings -Igui/apps/terminal -Igui/core -Igui/desktop -Igui/input -Igui/renderer -Igui/search -Igui/window -Ikernel -Ikernel/arch -Ikernel/arch/x86_64 -Ikernel/bootmode -Ikernel/core -Ikernel/core/events -Ikernel/core/ipc -Ikernel/core/module -Ikernel/core/network -Ikernel/core/process -Ikernel/core/runtime -Ikernel/core/scheduler -Ikernel/core/sync -Ikernel/core/syscall -Ikernel/core/usermode -Ikernel/mm -Ilib -Ilib/memory -Iplatform -Iplatform/target -Ishell -Ishell/commands -Ishell/commands/filesystem -Ishell/commands/system -Ishell/commands/utilities -Ishell/core -Isystem -Isystem/apps -Isystem/config -Isystem/core -Isystem/desktop -Isystem/gui -Isystem/services -Isystem/services/app_manager -Isystem/services/font -Isystem/services/package_manager -Isystem/services/power -Isystem/services/session -Isystem/services/system_info -Iassets/fonts -MMD -MP -c fs/vfs/core/vfs.c -o build/fs/vfs/core/vfs.o
cc -ffreestanding -fno-stack-protector -fno-stack-check -mno-red-zone -mno-sse -mno-sse2 -mno-mmx -mgeneral-regs-only -fPIE -fno-ident -Wall -Wextra -O2 -Iinclude/nexus -Idrivers -Idrivers/bus -Idrivers/graphics -Idrivers/graphics/framebuffer -Idrivers/graphics/gpu -Idrivers/graphics/gpu/amd -Idrivers/graphics/gpu/intel -Idrivers/graphics/gpu/nvidia -Idrivers/hardware -Idrivers/hardware/cpu -Idrivers/hardware/pic -Idrivers/input -Idrivers/input/core -Idrivers/input/keyboard -Idrivers/input/mouse -Idrivers/network -Idrivers/network/e1000 -Idrivers/storage -Idrivers/timer -Idrivers/usb -Ifs -Ifs/gpt -Ifs/vfs -Ifs/vfs/core -Ifs/vfs/mount -Ifs/vfs/registry -Igui -Igui/apps -Igui/apps/files -Igui/apps/settings -Igui/apps/terminal -Igui/core -Igui/desktop -Igui/input -Igui/renderer -Igui/search -Igui/window -Ikernel -Ikernel/arch -Ikernel/arch/x86_64 -Ikernel/bootmode -Ikernel/core -Ikernel/core/events -Ikernel/core/ipc -Ikernel/core/module -Ikernel/core/network -Ikernel/core/process -Ikernel/core/runtime -Ikernel/core/scheduler -Ikernel/core/sync -Ikernel/core/syscall -Ikernel/core/usermode -Ikernel/mm -Ilib -Ilib/memory -Iplatform -Iplatform/target -Ishell -Ishell/commands -Ishell/commands/filesystem -Ishell/commands/system -Ishell/commands/utilities -Ishell/core -Isystem -Isystem/apps -Isystem/config -Isystem/core -Isystem/desktop -Isystem/gui -Isystem/services -Isystem/services/app_manager -Isystem/services/font -Isystem/services/package_manager -Isystem/services/power -Isystem/services/session -Isystem/services/system_info -Iassets/fonts -MMD -MP -c fs/vfs/mount/mount.c -o build/fs/vfs/mount/mount.o
cc -ffreestanding -fno-stack-protector -fno-stack-check -mno-red-zone -mno-sse -mno-sse2 -mno-mmx -mgeneral-regs-only -fPIE -fno-ident -Wall -Wextra -O2 -Iinclude/nexus -Idrivers -Idrivers/bus -Idrivers/graphics -Idrivers/graphics/framebuffer -Idrivers/graphics/gpu -Idrivers/graphics/gpu/amd -Idrivers/graphics/gpu/intel -Idrivers/graphics/gpu/nvidia -Idrivers/hardware -Idrivers/hardware/cpu -Idrivers/hardware/pic -Idrivers/input -Idrivers/input/core -Idrivers/input/keyboard -Idrivers/input/mouse -Idrivers/network -Idrivers/network/e1000 -Idrivers/storage -Idrivers/timer -Idrivers/usb -Ifs -Ifs/gpt -Ifs/vfs -Ifs/vfs/core -Ifs/vfs/mount -Ifs/vfs/registry -Igui -Igui/apps -Igui/apps/files -Igui/apps/settings -Igui/apps/terminal -Igui/core -Igui/desktop -Igui/input -Igui/renderer -Igui/search -Igui/window -Ikernel -Ikernel/arch -Ikernel/arch/x86_64 -Ikernel/bootmode -Ikernel/core -Ikernel/core/events -Ikernel/core/ipc -Ikernel/core/module -Ikernel/core/network -Ikernel/core/process -Ikernel/core/runtime -Ikernel/core/scheduler -Ikernel/core/sync -Ikernel/core/syscall -Ikernel/core/usermode -Ikernel/mm -Ilib -Ilib/memory -Iplatform -Iplatform/target -Ishell -Ishell/commands -Ishell/commands/filesystem -Ishell/commands/system -Ishell/commands/utilities -Ishell/core -Isystem -Isystem/apps -Isystem/config -Isystem/core -Isystem/desktop -Isystem/gui -Isystem/services -Isystem/services/app_manager -Isystem/services/font -Isystem/services/package_manager -Isystem/services/power -Isystem/services/session -Isystem/services/system_info -Iassets/fonts -MMD -MP -c fs/vfs/registry/fs.c -o build/fs/vfs/registry/fs.o
cc -ffreestanding -fno-stack-protector -fno-stack-check -mno-red-zone -mno-sse -mno-sse2 -mno-mmx -mgeneral-regs-only -fPIE -fno-ident -Wall -Wextra -O2 -Iinclude/nexus -Idrivers -Idrivers/bus -Idrivers/graphics -Idrivers/graphics/framebuffer -Idrivers/graphics/gpu -Idrivers/graphics/gpu/amd -Idrivers/graphics/gpu/intel -Idrivers/graphics/gpu/nvidia -Idrivers/hardware -Idrivers/hardware/cpu -Idrivers/hardware/pic -Idrivers/input -Idrivers/input/core -Idrivers/input/keyboard -Idrivers/input/mouse -Idrivers/network -Idrivers/network/e1000 -Idrivers/storage -Idrivers/timer -Idrivers/usb -Ifs -Ifs/gpt -Ifs/vfs -Ifs/vfs/core -Ifs/vfs/mount -Ifs/vfs/registry -Igui -Igui/apps -Igui/apps/files -Igui/apps/settings -Igui/apps/terminal -Igui/core -Igui/desktop -Igui/input -Igui/renderer -Igui/search -Igui/window -Ikernel -Ikernel/arch -Ikernel/arch/x86_64 -Ikernel/bootmode -Ikernel/core -Ikernel/core/events -Ikernel/core/ipc -Ikernel/core/module -Ikernel/core/network -Ikernel/core/process -Ikernel/core/runtime -Ikernel/core/scheduler -Ikernel/core/sync -Ikernel/core/syscall -Ikernel/core/usermode -Ikernel/mm -Ilib -Ilib/memory -Iplatform -Iplatform/target -Ishell -Ishell/commands -Ishell/commands/filesystem -Ishell/commands/system -Ishell/commands/utilities -Ishell/core -Isystem -Isystem/apps -Isystem/config -Isystem/core -Isystem/desktop -Isystem/gui -Isystem/services -Isystem/services/app_manager -Isystem/services/font -Isystem/services/package_manager -Isystem/services/power -Isystem/services/session -Isystem/services/system_info -Iassets/fonts -MMD -MP -c gui/apps/files/files.c -o build/gui/apps/files/files.o
cc -ffreestanding -fno-stack-protector -fno-stack-check -mno-red-zone -mno-sse -mno-sse2 -mno-mmx -mgeneral-regs-only -fPIE -fno-ident -Wall -Wextra -O2 -Iinclude/nexus -Idrivers -Idrivers/bus -Idrivers/graphics -Idrivers/graphics/framebuffer -Idrivers/graphics/gpu -Idrivers/graphics/gpu/amd -Idrivers/graphics/gpu/intel -Idrivers/graphics/gpu/nvidia -Idrivers/hardware -Idrivers/hardware/cpu -Idrivers/hardware/pic -Idrivers/input -Idrivers/input/core -Idrivers/input/keyboard -Idrivers/input/mouse -Idrivers/network -Idrivers/network/e1000 -Idrivers/storage -Idrivers/timer -Idrivers/usb -Ifs -Ifs/gpt -Ifs/vfs -Ifs/vfs/core -Ifs/vfs/mount -Ifs/vfs/registry -Igui -Igui/apps -Igui/apps/files -Igui/apps/settings -Igui/apps/terminal -Igui/core -Igui/desktop -Igui/input -Igui/renderer -Igui/search -Igui/window -Ikernel -Ikernel/arch -Ikernel/arch/x86_64 -Ikernel/bootmode -Ikernel/core -Ikernel/core/events -Ikernel/core/ipc -Ikernel/core/module -Ikernel/core/network -Ikernel/core/process -Ikernel/core/runtime -Ikernel/core/scheduler -Ikernel/core/sync -Ikernel/core/syscall -Ikernel/core/usermode -Ikernel/mm -Ilib -Ilib/memory -Iplatform -Iplatform/target -Ishell -Ishell/commands -Ishell/commands/filesystem -Ishell/commands/system -Ishell/commands/utilities -Ishell/core -Isystem -Isystem/apps -Isystem/config -Isystem/core -Isystem/desktop -Isystem/gui -Isystem/services -Isystem/services/app_manager -Isystem/services/font -Isystem/services/package_manager -Isystem/services/power -Isystem/services/session -Isystem/services/system_info -Iassets/fonts -MMD -MP -c gui/apps/settings/settings.c -o build/gui/apps/settings/settings.o
cc -ffreestanding -fno-stack-protector -fno-stack-check -mno-red-zone -mno-sse -mno-sse2 -mno-mmx -mgeneral-regs-only -fPIE -fno-ident -Wall -Wextra -O2 -Iinclude/nexus -Idrivers -Idrivers/bus -Idrivers/graphics -Idrivers/graphics/framebuffer -Idrivers/graphics/gpu -Idrivers/graphics/gpu/amd -Idrivers/graphics/gpu/intel -Idrivers/graphics/gpu/nvidia -Idrivers/hardware -Idrivers/hardware/cpu -Idrivers/hardware/pic -Idrivers/input -Idrivers/input/core -Idrivers/input/keyboard -Idrivers/input/mouse -Idrivers/network -Idrivers/network/e1000 -Idrivers/storage -Idrivers/timer -Idrivers/usb -Ifs -Ifs/gpt -Ifs/vfs -Ifs/vfs/core -Ifs/vfs/mount -Ifs/vfs/registry -Igui -Igui/apps -Igui/apps/files -Igui/apps/settings -Igui/apps/terminal -Igui/core -Igui/desktop -Igui/input -Igui/renderer -Igui/search -Igui/window -Ikernel -Ikernel/arch -Ikernel/arch/x86_64 -Ikernel/bootmode -Ikernel/core -Ikernel/core/events -Ikernel/core/ipc -Ikernel/core/module -Ikernel/core/network -Ikernel/core/process -Ikernel/core/runtime -Ikernel/core/scheduler -Ikernel/core/sync -Ikernel/core/syscall -Ikernel/core/usermode -Ikernel/mm -Ilib -Ilib/memory -Iplatform -Iplatform/target -Ishell -Ishell/commands -Ishell/commands/filesystem -Ishell/commands/system -Ishell/commands/utilities -Ishell/core -Isystem -Isystem/apps -Isystem/config -Isystem/core -Isystem/desktop -Isystem/gui -Isystem/services -Isystem/services/app_manager -Isystem/services/font -Isystem/services/package_manager -Isystem/services/power -Isystem/services/session -Isystem/services/system_info -Iassets/fonts -MMD -MP -c gui/apps/terminal/terminal.c -o build/gui/apps/terminal/terminal.o
cc -ffreestanding -fno-stack-protector -fno-stack-check -mno-red-zone -mno-sse -mno-sse2 -mno-mmx -mgeneral-regs-only -fPIE -fno-ident -Wall -Wextra -O2 -Iinclude/nexus -Idrivers -Idrivers/bus -Idrivers/graphics -Idrivers/graphics/framebuffer -Idrivers/graphics/gpu -Idrivers/graphics/gpu/amd -Idrivers/graphics/gpu/intel -Idrivers/graphics/gpu/nvidia -Idrivers/hardware -Idrivers/hardware/cpu -Idrivers/hardware/pic -Idrivers/input -Idrivers/input/core -Idrivers/input/keyboard -Idrivers/input/mouse -Idrivers/network -Idrivers/network/e1000 -Idrivers/storage -Idrivers/timer -Idrivers/usb -Ifs -Ifs/gpt -Ifs/vfs -Ifs/vfs/core -Ifs/vfs/mount -Ifs/vfs/registry -Igui -Igui/apps -Igui/apps/files -Igui/apps/settings -Igui/apps/terminal -Igui/core -Igui/desktop -Igui/input -Igui/renderer -Igui/search -Igui/window -Ikernel -Ikernel/arch -Ikernel/arch/x86_64 -Ikernel/bootmode -Ikernel/core -Ikernel/core/events -Ikernel/core/ipc -Ikernel/core/module -Ikernel/core/network -Ikernel/core/process -Ikernel/core/runtime -Ikernel/core/scheduler -Ikernel/core/sync -Ikernel/core/syscall -Ikernel/core/usermode -Ikernel/mm -Ilib -Ilib/memory -Iplatform -Iplatform/target -Ishell -Ishell/commands -Ishell/commands/filesystem -Ishell/commands/system -Ishell/commands/utilities -Ishell/core -Isystem -Isystem/apps -Isystem/config -Isystem/core -Isystem/desktop -Isystem/gui -Isystem/services -Isystem/services/app_manager -Isystem/services/font -Isystem/services/package_manager -Isystem/services/power -Isystem/services/session -Isystem/services/system_info -Iassets/fonts -MMD -MP -c gui/core/gui.c -o build/gui/core/gui.o
cc -ffreestanding -fno-stack-protector -fno-stack-check -mno-red-zone -mno-sse -mno-sse2 -mno-mmx -mgeneral-regs-only -fPIE -fno-ident -Wall -Wextra -O2 -Iinclude/nexus -Idrivers -Idrivers/bus -Idrivers/graphics -Idrivers/graphics/framebuffer -Idrivers/graphics/gpu -Idrivers/graphics/gpu/amd -Idrivers/graphics/gpu/intel -Idrivers/graphics/gpu/nvidia -Idrivers/hardware -Idrivers/hardware/cpu -Idrivers/hardware/pic -Idrivers/input -Idrivers/input/core -Idrivers/input/keyboard -Idrivers/input/mouse -Idrivers/network -Idrivers/network/e1000 -Idrivers/storage -Idrivers/timer -Idrivers/usb -Ifs -Ifs/gpt -Ifs/vfs -Ifs/vfs/core -Ifs/vfs/mount -Ifs/vfs/registry -Igui -Igui/apps -Igui/apps/files -Igui/apps/settings -Igui/apps/terminal -Igui/core -Igui/desktop -Igui/input -Igui/renderer -Igui/search -Igui/window -Ikernel -Ikernel/arch -Ikernel/arch/x86_64 -Ikernel/bootmode -Ikernel/core -Ikernel/core/events -Ikernel/core/ipc -Ikernel/core/module -Ikernel/core/network -Ikernel/core/process -Ikernel/core/runtime -Ikernel/core/scheduler -Ikernel/core/sync -Ikernel/core/syscall -Ikernel/core/usermode -Ikernel/mm -Ilib -Ilib/memory -Iplatform -Iplatform/target -Ishell -Ishell/commands -Ishell/commands/filesystem -Ishell/commands/system -Ishell/commands/utilities -Ishell/core -Isystem -Isystem/apps -Isystem/config -Isystem/core -Isystem/desktop -Isystem/gui -Isystem/services -Isystem/services/app_manager -Isystem/services/font -Isystem/services/package_manager -Isystem/services/power -Isystem/services/session -Isystem/services/system_info -Iassets/fonts -MMD -MP -c gui/core/gui_state.c -o build/gui/core/gui_state.o
cc -ffreestanding -fno-stack-protector -fno-stack-check -mno-red-zone -mno-sse -mno-sse2 -mno-mmx -mgeneral-regs-only -fPIE -fno-ident -Wall -Wextra -O2 -Iinclude/nexus -Idrivers -Idrivers/bus -Idrivers/graphics -Idrivers/graphics/framebuffer -Idrivers/graphics/gpu -Idrivers/graphics/gpu/amd -Idrivers/graphics/gpu/intel -Idrivers/graphics/gpu/nvidia -Idrivers/hardware -Idrivers/hardware/cpu -Idrivers/hardware/pic -Idrivers/input -Idrivers/input/core -Idrivers/input/keyboard -Idrivers/input/mouse -Idrivers/network -Idrivers/network/e1000 -Idrivers/storage -Idrivers/timer -Idrivers/usb -Ifs -Ifs/gpt -Ifs/vfs -Ifs/vfs/core -Ifs/vfs/mount -Ifs/vfs/registry -Igui -Igui/apps -Igui/apps/files -Igui/apps/settings -Igui/apps/terminal -Igui/core -Igui/desktop -Igui/input -Igui/renderer -Igui/search -Igui/window -Ikernel -Ikernel/arch -Ikernel/arch/x86_64 -Ikernel/bootmode -Ikernel/core -Ikernel/core/events -Ikernel/core/ipc -Ikernel/core/module -Ikernel/core/network -Ikernel/core/process -Ikernel/core/runtime -Ikernel/core/scheduler -Ikernel/core/sync -Ikernel/core/syscall -Ikernel/core/usermode -Ikernel/mm -Ilib -Ilib/memory -Iplatform -Iplatform/target -Ishell -Ishell/commands -Ishell/commands/filesystem -Ishell/commands/system -Ishell/commands/utilities -Ishell/core -Isystem -Isystem/apps -Isystem/config -Isystem/core -Isystem/desktop -Isystem/gui -Isystem/services -Isystem/services/app_manager -Isystem/services/font -Isystem/services/package_manager -Isystem/services/power -Isystem/services/session -Isystem/services/system_info -Iassets/fonts -MMD -MP -c gui/desktop/desktop.c -o build/gui/desktop/desktop.o
cc -ffreestanding -fno-stack-protector -fno-stack-check -mno-red-zone -mno-sse -mno-sse2 -mno-mmx -mgeneral-regs-only -fPIE -fno-ident -Wall -Wextra -O2 -Iinclude/nexus -Idrivers -Idrivers/bus -Idrivers/graphics -Idrivers/graphics/framebuffer -Idrivers/graphics/gpu -Idrivers/graphics/gpu/amd -Idrivers/graphics/gpu/intel -Idrivers/graphics/gpu/nvidia -Idrivers/hardware -Idrivers/hardware/cpu -Idrivers/hardware/pic -Idrivers/input -Idrivers/input/core -Idrivers/input/keyboard -Idrivers/input/mouse -Idrivers/network -Idrivers/network/e1000 -Idrivers/storage -Idrivers/timer -Idrivers/usb -Ifs -Ifs/gpt -Ifs/vfs -Ifs/vfs/core -Ifs/vfs/mount -Ifs/vfs/registry -Igui -Igui/apps -Igui/apps/files -Igui/apps/settings -Igui/apps/terminal -Igui/core -Igui/desktop -Igui/input -Igui/renderer -Igui/search -Igui/window -Ikernel -Ikernel/arch -Ikernel/arch/x86_64 -Ikernel/bootmode -Ikernel/core -Ikernel/core/events -Ikernel/core/ipc -Ikernel/core/module -Ikernel/core/network -Ikernel/core/process -Ikernel/core/runtime -Ikernel/core/scheduler -Ikernel/core/sync -Ikernel/core/syscall -Ikernel/core/usermode -Ikernel/mm -Ilib -Ilib/memory -Iplatform -Iplatform/target -Ishell -Ishell/commands -Ishell/commands/filesystem -Ishell/commands/system -Ishell/commands/utilities -Ishell/core -Isystem -Isystem/apps -Isystem/config -Isystem/core -Isystem/desktop -Isystem/gui -Isystem/services -Isystem/services/app_manager -Isystem/services/font -Isystem/services/package_manager -Isystem/services/power -Isystem/services/session -Isystem/services/system_info -Iassets/fonts -MMD -MP -c gui/input/input.c -o build/gui/input/input.o
cc -ffreestanding -fno-stack-protector -fno-stack-check -mno-red-zone -mno-sse -mno-sse2 -mno-mmx -mgeneral-regs-only -fPIE -fno-ident -Wall -Wextra -O2 -Iinclude/nexus -Idrivers -Idrivers/bus -Idrivers/graphics -Idrivers/graphics/framebuffer -Idrivers/graphics/gpu -Idrivers/graphics/gpu/amd -Idrivers/graphics/gpu/intel -Idrivers/graphics/gpu/nvidia -Idrivers/hardware -Idrivers/hardware/cpu -Idrivers/hardware/pic -Idrivers/input -Idrivers/input/core -Idrivers/input/keyboard -Idrivers/input/mouse -Idrivers/network -Idrivers/network/e1000 -Idrivers/storage -Idrivers/timer -Idrivers/usb -Ifs -Ifs/gpt -Ifs/vfs -Ifs/vfs/core -Ifs/vfs/mount -Ifs/vfs/registry -Igui -Igui/apps -Igui/apps/files -Igui/apps/settings -Igui/apps/terminal -Igui/core -Igui/desktop -Igui/input -Igui/renderer -Igui/search -Igui/window -Ikernel -Ikernel/arch -Ikernel/arch/x86_64 -Ikernel/bootmode -Ikernel/core -Ikernel/core/events -Ikernel/core/ipc -Ikernel/core/module -Ikernel/core/network -Ikernel/core/process -Ikernel/core/runtime -Ikernel/core/scheduler -Ikernel/core/sync -Ikernel/core/syscall -Ikernel/core/usermode -Ikernel/mm -Ilib -Ilib/memory -Iplatform -Iplatform/target -Ishell -Ishell/commands -Ishell/commands/filesystem -Ishell/commands/system -Ishell/commands/utilities -Ishell/core -Isystem -Isystem/apps -Isystem/config -Isystem/core -Isystem/desktop -Isystem/gui -Isystem/services -Isystem/services/app_manager -Isystem/services/font -Isystem/services/package_manager -Isystem/services/power -Isystem/services/session -Isystem/services/system_info -Iassets/fonts -MMD -MP -c gui/renderer/font.c -o build/gui/renderer/font.o
cc -ffreestanding -fno-stack-protector -fno-stack-check -mno-red-zone -mno-sse -mno-sse2 -mno-mmx -mgeneral-regs-only -fPIE -fno-ident -Wall -Wextra -O2 -Iinclude/nexus -Idrivers -Idrivers/bus -Idrivers/graphics -Idrivers/graphics/framebuffer -Idrivers/graphics/gpu -Idrivers/graphics/gpu/amd -Idrivers/graphics/gpu/intel -Idrivers/graphics/gpu/nvidia -Idrivers/hardware -Idrivers/hardware/cpu -Idrivers/hardware/pic -Idrivers/input -Idrivers/input/core -Idrivers/input/keyboard -Idrivers/input/mouse -Idrivers/network -Idrivers/network/e1000 -Idrivers/storage -Idrivers/timer -Idrivers/usb -Ifs -Ifs/gpt -Ifs/vfs -Ifs/vfs/core -Ifs/vfs/mount -Ifs/vfs/registry -Igui -Igui/apps -Igui/apps/files -Igui/apps/settings -Igui/apps/terminal -Igui/core -Igui/desktop -Igui/input -Igui/renderer -Igui/search -Igui/window -Ikernel -Ikernel/arch -Ikernel/arch/x86_64 -Ikernel/bootmode -Ikernel/core -Ikernel/core/events -Ikernel/core/ipc -Ikernel/core/module -Ikernel/core/network -Ikernel/core/process -Ikernel/core/runtime -Ikernel/core/scheduler -Ikernel/core/sync -Ikernel/core/syscall -Ikernel/core/usermode -Ikernel/mm -Ilib -Ilib/memory -Iplatform -Iplatform/target -Ishell -Ishell/commands -Ishell/commands/filesystem -Ishell/commands/system -Ishell/commands/utilities -Ishell/core -Isystem -Isystem/apps -Isystem/config -Isystem/core -Isystem/desktop -Isystem/gui -Isystem/services -Isystem/services/app_manager -Isystem/services/font -Isystem/services/package_manager -Isystem/services/power -Isystem/services/session -Isystem/services/system_info -Iassets/fonts -MMD -MP -c gui/renderer/renderer.c -o build/gui/renderer/renderer.o
cc -ffreestanding -fno-stack-protector -fno-stack-check -mno-red-zone -mno-sse -mno-sse2 -mno-mmx -mgeneral-regs-only -fPIE -fno-ident -Wall -Wextra -O2 -Iinclude/nexus -Idrivers -Idrivers/bus -Idrivers/graphics -Idrivers/graphics/framebuffer -Idrivers/graphics/gpu -Idrivers/graphics/gpu/amd -Idrivers/graphics/gpu/intel -Idrivers/graphics/gpu/nvidia -Idrivers/hardware -Idrivers/hardware/cpu -Idrivers/hardware/pic -Idrivers/input -Idrivers/input/core -Idrivers/input/keyboard -Idrivers/input/mouse -Idrivers/network -Idrivers/network/e1000 -Idrivers/storage -Idrivers/timer -Idrivers/usb -Ifs -Ifs/gpt -Ifs/vfs -Ifs/vfs/core -Ifs/vfs/mount -Ifs/vfs/registry -Igui -Igui/apps -Igui/apps/files -Igui/apps/settings -Igui/apps/terminal -Igui/core -Igui/desktop -Igui/input -Igui/renderer -Igui/search -Igui/window -Ikernel -Ikernel/arch -Ikernel/arch/x86_64 -Ikernel/bootmode -Ikernel/core -Ikernel/core/events -Ikernel/core/ipc -Ikernel/core/module -Ikernel/core/network -Ikernel/core/process -Ikernel/core/runtime -Ikernel/core/scheduler -Ikernel/core/sync -Ikernel/core/syscall -Ikernel/core/usermode -Ikernel/mm -Ilib -Ilib/memory -Iplatform -Iplatform/target -Ishell -Ishell/commands -Ishell/commands/filesystem -Ishell/commands/system -Ishell/commands/utilities -Ishell/core -Isystem -Isystem/apps -Isystem/config -Isystem/core -Isystem/desktop -Isystem/gui -Isystem/services -Isystem/services/app_manager -Isystem/services/font -Isystem/services/package_manager -Isystem/services/power -Isystem/services/session -Isystem/services/system_info -Iassets/fonts -MMD -MP -c gui/search/search.c -o build/gui/search/search.o
cc -ffreestanding -fno-stack-protector -fno-stack-check -mno-red-zone -mno-sse -mno-sse2 -mno-mmx -mgeneral-regs-only -fPIE -fno-ident -Wall -Wextra -O2 -Iinclude/nexus -Idrivers -Idrivers/bus -Idrivers/graphics -Idrivers/graphics/framebuffer -Idrivers/graphics/gpu -Idrivers/graphics/gpu/amd -Idrivers/graphics/gpu/intel -Idrivers/graphics/gpu/nvidia -Idrivers/hardware -Idrivers/hardware/cpu -Idrivers/hardware/pic -Idrivers/input -Idrivers/input/core -Idrivers/input/keyboard -Idrivers/input/mouse -Idrivers/network -Idrivers/network/e1000 -Idrivers/storage -Idrivers/timer -Idrivers/usb -Ifs -Ifs/gpt -Ifs/vfs -Ifs/vfs/core -Ifs/vfs/mount -Ifs/vfs/registry -Igui -Igui/apps -Igui/apps/files -Igui/apps/settings -Igui/apps/terminal -Igui/core -Igui/desktop -Igui/input -Igui/renderer -Igui/search -Igui/window -Ikernel -Ikernel/arch -Ikernel/arch/x86_64 -Ikernel/bootmode -Ikernel/core -Ikernel/core/events -Ikernel/core/ipc -Ikernel/core/module -Ikernel/core/network -Ikernel/core/process -Ikernel/core/runtime -Ikernel/core/scheduler -Ikernel/core/sync -Ikernel/core/syscall -Ikernel/core/usermode -Ikernel/mm -Ilib -Ilib/memory -Iplatform -Iplatform/target -Ishell -Ishell/commands -Ishell/commands/filesystem -Ishell/commands/system -Ishell/commands/utilities -Ishell/core -Isystem -Isystem/apps -Isystem/config -Isystem/core -Isystem/desktop -Isystem/gui -Isystem/services -Isystem/services/app_manager -Isystem/services/font -Isystem/services/package_manager -Isystem/services/power -Isystem/services/session -Isystem/services/system_info -Iassets/fonts -MMD -MP -c gui/window/window.c -o build/gui/window/window.o
cc -ffreestanding -fno-stack-protector -fno-stack-check -mno-red-zone -mno-sse -mno-sse2 -mno-mmx -mgeneral-regs-only -fPIE -fno-ident -Wall -Wextra -O2 -Iinclude/nexus -Idrivers -Idrivers/bus -Idrivers/graphics -Idrivers/graphics/framebuffer -Idrivers/graphics/gpu -Idrivers/graphics/gpu/amd -Idrivers/graphics/gpu/intel -Idrivers/graphics/gpu/nvidia -Idrivers/hardware -Idrivers/hardware/cpu -Idrivers/hardware/pic -Idrivers/input -Idrivers/input/core -Idrivers/input/keyboard -Idrivers/input/mouse -Idrivers/network -Idrivers/network/e1000 -Idrivers/storage -Idrivers/timer -Idrivers/usb -Ifs -Ifs/gpt -Ifs/vfs -Ifs/vfs/core -Ifs/vfs/mount -Ifs/vfs/registry -Igui -Igui/apps -Igui/apps/files -Igui/apps/settings -Igui/apps/terminal -Igui/core -Igui/desktop -Igui/input -Igui/renderer -Igui/search -Igui/window -Ikernel -Ikernel/arch -Ikernel/arch/x86_64 -Ikernel/bootmode -Ikernel/core -Ikernel/core/events -Ikernel/core/ipc -Ikernel/core/module -Ikernel/core/network -Ikernel/core/process -Ikernel/core/runtime -Ikernel/core/scheduler -Ikernel/core/sync -Ikernel/core/syscall -Ikernel/core/usermode -Ikernel/mm -Ilib -Ilib/memory -Iplatform -Iplatform/target -Ishell -Ishell/commands -Ishell/commands/filesystem -Ishell/commands/system -Ishell/commands/utilities -Ishell/core -Isystem -Isystem/apps -Isystem/config -Isystem/core -Isystem/desktop -Isystem/gui -Isystem/services -Isystem/services/app_manager -Isystem/services/font -Isystem/services/package_manager -Isystem/services/power -Isystem/services/session -Isystem/services/system_info -Iassets/fonts -MMD -MP -c kernel/arch/x86_64/gdt.c -o build/kernel/arch/x86_64/gdt.o
cc -ffreestanding -fno-stack-protector -fno-stack-check -mno-red-zone -mno-sse -mno-sse2 -mno-mmx -mgeneral-regs-only -fPIE -fno-ident -Wall -Wextra -O2 -Iinclude/nexus -Idrivers -Idrivers/bus -Idrivers/graphics -Idrivers/graphics/framebuffer -Idrivers/graphics/gpu -Idrivers/graphics/gpu/amd -Idrivers/graphics/gpu/intel -Idrivers/graphics/gpu/nvidia -Idrivers/hardware -Idrivers/hardware/cpu -Idrivers/hardware/pic -Idrivers/input -Idrivers/input/core -Idrivers/input/keyboard -Idrivers/input/mouse -Idrivers/network -Idrivers/network/e1000 -Idrivers/storage -Idrivers/timer -Idrivers/usb -Ifs -Ifs/gpt -Ifs/vfs -Ifs/vfs/core -Ifs/vfs/mount -Ifs/vfs/registry -Igui -Igui/apps -Igui/apps/files -Igui/apps/settings -Igui/apps/terminal -Igui/core -Igui/desktop -Igui/input -Igui/renderer -Igui/search -Igui/window -Ikernel -Ikernel/arch -Ikernel/arch/x86_64 -Ikernel/bootmode -Ikernel/core -Ikernel/core/events -Ikernel/core/ipc -Ikernel/core/module -Ikernel/core/network -Ikernel/core/process -Ikernel/core/runtime -Ikernel/core/scheduler -Ikernel/core/sync -Ikernel/core/syscall -Ikernel/core/usermode -Ikernel/mm -Ilib -Ilib/memory -Iplatform -Iplatform/target -Ishell -Ishell/commands -Ishell/commands/filesystem -Ishell/commands/system -Ishell/commands/utilities -Ishell/core -Isystem -Isystem/apps -Isystem/config -Isystem/core -Isystem/desktop -Isystem/gui -Isystem/services -Isystem/services/app_manager -Isystem/services/font -Isystem/services/package_manager -Isystem/services/power -Isystem/services/session -Isystem/services/system_info -Iassets/fonts -MMD -MP -c kernel/arch/x86_64/idt.c -o build/kernel/arch/x86_64/idt.o
cc -ffreestanding -fno-stack-protector -fno-stack-check -mno-red-zone -mno-sse -mno-sse2 -mno-mmx -mgeneral-regs-only -fPIE -fno-ident -Wall -Wextra -O2 -Iinclude/nexus -Idrivers -Idrivers/bus -Idrivers/graphics -Idrivers/graphics/framebuffer -Idrivers/graphics/gpu -Idrivers/graphics/gpu/amd -Idrivers/graphics/gpu/intel -Idrivers/graphics/gpu/nvidia -Idrivers/hardware -Idrivers/hardware/cpu -Idrivers/hardware/pic -Idrivers/input -Idrivers/input/core -Idrivers/input/keyboard -Idrivers/input/mouse -Idrivers/network -Idrivers/network/e1000 -Idrivers/storage -Idrivers/timer -Idrivers/usb -Ifs -Ifs/gpt -Ifs/vfs -Ifs/vfs/core -Ifs/vfs/mount -Ifs/vfs/registry -Igui -Igui/apps -Igui/apps/files -Igui/apps/settings -Igui/apps/terminal -Igui/core -Igui/desktop -Igui/input -Igui/renderer -Igui/search -Igui/window -Ikernel -Ikernel/arch -Ikernel/arch/x86_64 -Ikernel/bootmode -Ikernel/core -Ikernel/core/events -Ikernel/core/ipc -Ikernel/core/module -Ikernel/core/network -Ikernel/core/process -Ikernel/core/runtime -Ikernel/core/scheduler -Ikernel/core/sync -Ikernel/core/syscall -Ikernel/core/usermode -Ikernel/mm -Ilib -Ilib/memory -Iplatform -Iplatform/target -Ishell -Ishell/commands -Ishell/commands/filesystem -Ishell/commands/system -Ishell/commands/utilities -Ishell/core -Isystem -Isystem/apps -Isystem/config -Isystem/core -Isystem/desktop -Isystem/gui -Isystem/services -Isystem/services/app_manager -Isystem/services/font -Isystem/services/package_manager -Isystem/services/power -Isystem/services/session -Isystem/services/system_info -Iassets/fonts -MMD -MP -c kernel/core/elf_loader.c -o build/kernel/core/elf_loader.o
cc -ffreestanding -fno-stack-protector -fno-stack-check -mno-red-zone -mno-sse -mno-sse2 -mno-mmx -mgeneral-regs-only -fPIE -fno-ident -Wall -Wextra -O2 -Iinclude/nexus -Idrivers -Idrivers/bus -Idrivers/graphics -Idrivers/graphics/framebuffer -Idrivers/graphics/gpu -Idrivers/graphics/gpu/amd -Idrivers/graphics/gpu/intel -Idrivers/graphics/gpu/nvidia -Idrivers/hardware -Idrivers/hardware/cpu -Idrivers/hardware/pic -Idrivers/input -Idrivers/input/core -Idrivers/input/keyboard -Idrivers/input/mouse -Idrivers/network -Idrivers/network/e1000 -Idrivers/storage -Idrivers/timer -Idrivers/usb -Ifs -Ifs/gpt -Ifs/vfs -Ifs/vfs/core -Ifs/vfs/mount -Ifs/vfs/registry -Igui -Igui/apps -Igui/apps/files -Igui/apps/settings -Igui/apps/terminal -Igui/core -Igui/desktop -Igui/input -Igui/renderer -Igui/search -Igui/window -Ikernel -Ikernel/arch -Ikernel/arch/x86_64 -Ikernel/bootmode -Ikernel/core -Ikernel/core/events -Ikernel/core/ipc -Ikernel/core/module -Ikernel/core/network -Ikernel/core/process -Ikernel/core/runtime -Ikernel/core/scheduler -Ikernel/core/sync -Ikernel/core/syscall -Ikernel/core/usermode -Ikernel/mm -Ilib -Ilib/memory -Iplatform -Iplatform/target -Ishell -Ishell/commands -Ishell/commands/filesystem -Ishell/commands/system -Ishell/commands/utilities -Ishell/core -Isystem -Isystem/apps -Isystem/config -Isystem/core -Isystem/desktop -Isystem/gui -Isystem/services -Isystem/services/app_manager -Isystem/services/font -Isystem/services/package_manager -Isystem/services/power -Isystem/services/session -Isystem/services/system_info -Iassets/fonts -MMD -MP -c kernel/core/events/event_queue.c -o build/kernel/core/events/event_queue.o
cc -ffreestanding -fno-stack-protector -fno-stack-check -mno-red-zone -mno-sse -mno-sse2 -mno-mmx -mgeneral-regs-only -fPIE -fno-ident -Wall -Wextra -O2 -Iinclude/nexus -Idrivers -Idrivers/bus -Idrivers/graphics -Idrivers/graphics/framebuffer -Idrivers/graphics/gpu -Idrivers/graphics/gpu/amd -Idrivers/graphics/gpu/intel -Idrivers/graphics/gpu/nvidia -Idrivers/hardware -Idrivers/hardware/cpu -Idrivers/hardware/pic -Idrivers/input -Idrivers/input/core -Idrivers/input/keyboard -Idrivers/input/mouse -Idrivers/network -Idrivers/network/e1000 -Idrivers/storage -Idrivers/timer -Idrivers/usb -Ifs -Ifs/gpt -Ifs/vfs -Ifs/vfs/core -Ifs/vfs/mount -Ifs/vfs/registry -Igui -Igui/apps -Igui/apps/files -Igui/apps/settings -Igui/apps/terminal -Igui/core -Igui/desktop -Igui/input -Igui/renderer -Igui/search -Igui/window -Ikernel -Ikernel/arch -Ikernel/arch/x86_64 -Ikernel/bootmode -Ikernel/core -Ikernel/core/events -Ikernel/core/ipc -Ikernel/core/module -Ikernel/core/network -Ikernel/core/process -Ikernel/core/runtime -Ikernel/core/scheduler -Ikernel/core/sync -Ikernel/core/syscall -Ikernel/core/usermode -Ikernel/mm -Ilib -Ilib/memory -Iplatform -Iplatform/target -Ishell -Ishell/commands -Ishell/commands/filesystem -Ishell/commands/system -Ishell/commands/utilities -Ishell/core -Isystem -Isystem/apps -Isystem/config -Isystem/core -Isystem/desktop -Isystem/gui -Isystem/services -Isystem/services/app_manager -Isystem/services/font -Isystem/services/package_manager -Isystem/services/power -Isystem/services/session -Isystem/services/system_info -Iassets/fonts -MMD -MP -c kernel/core/events/kernel_events.c -o build/kernel/core/events/kernel_events.o
cc -ffreestanding -fno-stack-protector -fno-stack-check -mno-red-zone -mno-sse -mno-sse2 -mno-mmx -mgeneral-regs-only -fPIE -fno-ident -Wall -Wextra -O2 -Iinclude/nexus -Idrivers -Idrivers/bus -Idrivers/graphics -Idrivers/graphics/framebuffer -Idrivers/graphics/gpu -Idrivers/graphics/gpu/amd -Idrivers/graphics/gpu/intel -Idrivers/graphics/gpu/nvidia -Idrivers/hardware -Idrivers/hardware/cpu -Idrivers/hardware/pic -Idrivers/input -Idrivers/input/core -Idrivers/input/keyboard -Idrivers/input/mouse -Idrivers/network -Idrivers/network/e1000 -Idrivers/storage -Idrivers/timer -Idrivers/usb -Ifs -Ifs/gpt -Ifs/vfs -Ifs/vfs/core -Ifs/vfs/mount -Ifs/vfs/registry -Igui -Igui/apps -Igui/apps/files -Igui/apps/settings -Igui/apps/terminal -Igui/core -Igui/desktop -Igui/input -Igui/renderer -Igui/search -Igui/window -Ikernel -Ikernel/arch -Ikernel/arch/x86_64 -Ikernel/bootmode -Ikernel/core -Ikernel/core/events -Ikernel/core/ipc -Ikernel/core/module -Ikernel/core/network -Ikernel/core/process -Ikernel/core/runtime -Ikernel/core/scheduler -Ikernel/core/sync -Ikernel/core/syscall -Ikernel/core/usermode -Ikernel/mm -Ilib -Ilib/memory -Iplatform -Iplatform/target -Ishell -Ishell/commands -Ishell/commands/filesystem -Ishell/commands/system -Ishell/commands/utilities -Ishell/core -Isystem -Isystem/apps -Isystem/config -Isystem/core -Isystem/desktop -Isystem/gui -Isystem/services -Isystem/services/app_manager -Isystem/services/font -Isystem/services/package_manager -Isystem/services/power -Isystem/services/session -Isystem/services/system_info -Iassets/fonts -MMD -MP -c kernel/core/ipc/ipc.c -o build/kernel/core/ipc/ipc.o
cc -ffreestanding -fno-stack-protector -fno-stack-check -mno-red-zone -mno-sse -mno-sse2 -mno-mmx -mgeneral-regs-only -fPIE -fno-ident -Wall -Wextra -O2 -Iinclude/nexus -Idrivers -Idrivers/bus -Idrivers/graphics -Idrivers/graphics/framebuffer -Idrivers/graphics/gpu -Idrivers/graphics/gpu/amd -Idrivers/graphics/gpu/intel -Idrivers/graphics/gpu/nvidia -Idrivers/hardware -Idrivers/hardware/cpu -Idrivers/hardware/pic -Idrivers/input -Idrivers/input/core -Idrivers/input/keyboard -Idrivers/input/mouse -Idrivers/network -Idrivers/network/e1000 -Idrivers/storage -Idrivers/timer -Idrivers/usb -Ifs -Ifs/gpt -Ifs/vfs -Ifs/vfs/core -Ifs/vfs/mount -Ifs/vfs/registry -Igui -Igui/apps -Igui/apps/files -Igui/apps/settings -Igui/apps/terminal -Igui/core -Igui/desktop -Igui/input -Igui/renderer -Igui/search -Igui/window -Ikernel -Ikernel/arch -Ikernel/arch/x86_64 -Ikernel/bootmode -Ikernel/core -Ikernel/core/events -Ikernel/core/ipc -Ikernel/core/module -Ikernel/core/network -Ikernel/core/process -Ikernel/core/runtime -Ikernel/core/scheduler -Ikernel/core/sync -Ikernel/core/syscall -Ikernel/core/usermode -Ikernel/mm -Ilib -Ilib/memory -Iplatform -Iplatform/target -Ishell -Ishell/commands -Ishell/commands/filesystem -Ishell/commands/system -Ishell/commands/utilities -Ishell/core -Isystem -Isystem/apps -Isystem/config -Isystem/core -Isystem/desktop -Isystem/gui -Isystem/services -Isystem/services/app_manager -Isystem/services/font -Isystem/services/package_manager -Isystem/services/power -Isystem/services/session -Isystem/services/system_info -Iassets/fonts -MMD -MP -c kernel/core/kernel.c -o build/kernel/core/kernel.o
cc -ffreestanding -fno-stack-protector -fno-stack-check -mno-red-zone -mno-sse -mno-sse2 -mno-mmx -mgeneral-regs-only -fPIE -fno-ident -Wall -Wextra -O2 -Iinclude/nexus -Idrivers -Idrivers/bus -Idrivers/graphics -Idrivers/graphics/framebuffer -Idrivers/graphics/gpu -Idrivers/graphics/gpu/amd -Idrivers/graphics/gpu/intel -Idrivers/graphics/gpu/nvidia -Idrivers/hardware -Idrivers/hardware/cpu -Idrivers/hardware/pic -Idrivers/input -Idrivers/input/core -Idrivers/input/keyboard -Idrivers/input/mouse -Idrivers/network -Idrivers/network/e1000 -Idrivers/storage -Idrivers/timer -Idrivers/usb -Ifs -Ifs/gpt -Ifs/vfs -Ifs/vfs/core -Ifs/vfs/mount -Ifs/vfs/registry -Igui -Igui/apps -Igui/apps/files -Igui/apps/settings -Igui/apps/terminal -Igui/core -Igui/desktop -Igui/input -Igui/renderer -Igui/search -Igui/window -Ikernel -Ikernel/arch -Ikernel/arch/x86_64 -Ikernel/bootmode -Ikernel/core -Ikernel/core/events -Ikernel/core/ipc -Ikernel/core/module -Ikernel/core/network -Ikernel/core/process -Ikernel/core/runtime -Ikernel/core/scheduler -Ikernel/core/sync -Ikernel/core/syscall -Ikernel/core/usermode -Ikernel/mm -Ilib -Ilib/memory -Iplatform -Iplatform/target -Ishell -Ishell/commands -Ishell/commands/filesystem -Ishell/commands/system -Ishell/commands/utilities -Ishell/core -Isystem -Isystem/apps -Isystem/config -Isystem/core -Isystem/desktop -Isystem/gui -Isystem/services -Isystem/services/app_manager -Isystem/services/font -Isystem/services/package_manager -Isystem/services/power -Isystem/services/session -Isystem/services/system_info -Iassets/fonts -MMD -MP -c kernel/core/kstate.c -o build/kernel/core/kstate.o
cc -ffreestanding -fno-stack-protector -fno-stack-check -mno-red-zone -mno-sse -mno-sse2 -mno-mmx -mgeneral-regs-only -fPIE -fno-ident -Wall -Wextra -O2 -Iinclude/nexus -Idrivers -Idrivers/bus -Idrivers/graphics -Idrivers/graphics/framebuffer -Idrivers/graphics/gpu -Idrivers/graphics/gpu/amd -Idrivers/graphics/gpu/intel -Idrivers/graphics/gpu/nvidia -Idrivers/hardware -Idrivers/hardware/cpu -Idrivers/hardware/pic -Idrivers/input -Idrivers/input/core -Idrivers/input/keyboard -Idrivers/input/mouse -Idrivers/network -Idrivers/network/e1000 -Idrivers/storage -Idrivers/timer -Idrivers/usb -Ifs -Ifs/gpt -Ifs/vfs -Ifs/vfs/core -Ifs/vfs/mount -Ifs/vfs/registry -Igui -Igui/apps -Igui/apps/files -Igui/apps/settings -Igui/apps/terminal -Igui/core -Igui/desktop -Igui/input -Igui/renderer -Igui/search -Igui/window -Ikernel -Ikernel/arch -Ikernel/arch/x86_64 -Ikernel/bootmode -Ikernel/core -Ikernel/core/events -Ikernel/core/ipc -Ikernel/core/module -Ikernel/core/network -Ikernel/core/process -Ikernel/core/runtime -Ikernel/core/scheduler -Ikernel/core/sync -Ikernel/core/syscall -Ikernel/core/usermode -Ikernel/mm -Ilib -Ilib/memory -Iplatform -Iplatform/target -Ishell -Ishell/commands -Ishell/commands/filesystem -Ishell/commands/system -Ishell/commands/utilities -Ishell/core -Isystem -Isystem/apps -Isystem/config -Isystem/core -Isystem/desktop -Isystem/gui -Isystem/services -Isystem/services/app_manager -Isystem/services/font -Isystem/services/package_manager -Isystem/services/power -Isystem/services/session -Isystem/services/system_info -Iassets/fonts -MMD -MP -c kernel/core/module/driver_modules.c -o build/kernel/core/module/driver_modules.o
cc -ffreestanding -fno-stack-protector -fno-stack-check -mno-red-zone -mno-sse -mno-sse2 -mno-mmx -mgeneral-regs-only -fPIE -fno-ident -Wall -Wextra -O2 -Iinclude/nexus -Idrivers -Idrivers/bus -Idrivers/graphics -Idrivers/graphics/framebuffer -Idrivers/graphics/gpu -Idrivers/graphics/gpu/amd -Idrivers/graphics/gpu/intel -Idrivers/graphics/gpu/nvidia -Idrivers/hardware -Idrivers/hardware/cpu -Idrivers/hardware/pic -Idrivers/input -Idrivers/input/core -Idrivers/input/keyboard -Idrivers/input/mouse -Idrivers/network -Idrivers/network/e1000 -Idrivers/storage -Idrivers/timer -Idrivers/usb -Ifs -Ifs/gpt -Ifs/vfs -Ifs/vfs/core -Ifs/vfs/mount -Ifs/vfs/registry -Igui -Igui/apps -Igui/apps/files -Igui/apps/settings -Igui/apps/terminal -Igui/core -Igui/desktop -Igui/input -Igui/renderer -Igui/search -Igui/window -Ikernel -Ikernel/arch -Ikernel/arch/x86_64 -Ikernel/bootmode -Ikernel/core -Ikernel/core/events -Ikernel/core/ipc -Ikernel/core/module -Ikernel/core/network -Ikernel/core/process -Ikernel/core/runtime -Ikernel/core/scheduler -Ikernel/core/sync -Ikernel/core/syscall -Ikernel/core/usermode -Ikernel/mm -Ilib -Ilib/memory -Iplatform -Iplatform/target -Ishell -Ishell/commands -Ishell/commands/filesystem -Ishell/commands/system -Ishell/commands/utilities -Ishell/core -Isystem -Isystem/apps -Isystem/config -Isystem/core -Isystem/desktop -Isystem/gui -Isystem/services -Isystem/services/app_manager -Isystem/services/font -Isystem/services/package_manager -Isystem/services/power -Isystem/services/session -Isystem/services/system_info -Iassets/fonts -MMD -MP -c kernel/core/module/module.c -o build/kernel/core/module/module.o
cc -ffreestanding -fno-stack-protector -fno-stack-check -mno-red-zone -mno-sse -mno-sse2 -mno-mmx -mgeneral-regs-only -fPIE -fno-ident -Wall -Wextra -O2 -Iinclude/nexus -Idrivers -Idrivers/bus -Idrivers/graphics -Idrivers/graphics/framebuffer -Idrivers/graphics/gpu -Idrivers/graphics/gpu/amd -Idrivers/graphics/gpu/intel -Idrivers/graphics/gpu/nvidia -Idrivers/hardware -Idrivers/hardware/cpu -Idrivers/hardware/pic -Idrivers/input -Idrivers/input/core -Idrivers/input/keyboard -Idrivers/input/mouse -Idrivers/network -Idrivers/network/e1000 -Idrivers/storage -Idrivers/timer -Idrivers/usb -Ifs -Ifs/gpt -Ifs/vfs -Ifs/vfs/core -Ifs/vfs/mount -Ifs/vfs/registry -Igui -Igui/apps -Igui/apps/files -Igui/apps/settings -Igui/apps/terminal -Igui/core -Igui/desktop -Igui/input -Igui/renderer -Igui/search -Igui/window -Ikernel -Ikernel/arch -Ikernel/arch/x86_64 -Ikernel/bootmode -Ikernel/core -Ikernel/core/events -Ikernel/core/ipc -Ikernel/core/module -Ikernel/core/network -Ikernel/core/process -Ikernel/core/runtime -Ikernel/core/scheduler -Ikernel/core/sync -Ikernel/core/syscall -Ikernel/core/usermode -Ikernel/mm -Ilib -Ilib/memory -Iplatform -Iplatform/target -Ishell -Ishell/commands -Ishell/commands/filesystem -Ishell/commands/system -Ishell/commands/utilities -Ishell/core -Isystem -Isystem/apps -Isystem/config -Isystem/core -Isystem/desktop -Isystem/gui -Isystem/services -Isystem/services/app_manager -Isystem/services/font -Isystem/services/package_manager -Isystem/services/power -Isystem/services/session -Isystem/services/system_info -Iassets/fonts -MMD -MP -c kernel/core/module/native_runtime_modules.c -o build/kernel/core/module/native_runtime_modules.o
cc -ffreestanding -fno-stack-protector -fno-stack-check -mno-red-zone -mno-sse -mno-sse2 -mno-mmx -mgeneral-regs-only -fPIE -fno-ident -Wall -Wextra -O2 -Iinclude/nexus -Idrivers -Idrivers/bus -Idrivers/graphics -Idrivers/graphics/framebuffer -Idrivers/graphics/gpu -Idrivers/graphics/gpu/amd -Idrivers/graphics/gpu/intel -Idrivers/graphics/gpu/nvidia -Idrivers/hardware -Idrivers/hardware/cpu -Idrivers/hardware/pic -Idrivers/input -Idrivers/input/core -Idrivers/input/keyboard -Idrivers/input/mouse -Idrivers/network -Idrivers/network/e1000 -Idrivers/storage -Idrivers/timer -Idrivers/usb -Ifs -Ifs/gpt -Ifs/vfs -Ifs/vfs/core -Ifs/vfs/mount -Ifs/vfs/registry -Igui -Igui/apps -Igui/apps/files -Igui/apps/settings -Igui/apps/terminal -Igui/core -Igui/desktop -Igui/input -Igui/renderer -Igui/search -Igui/window -Ikernel -Ikernel/arch -Ikernel/arch/x86_64 -Ikernel/bootmode -Ikernel/core -Ikernel/core/events -Ikernel/core/ipc -Ikernel/core/module -Ikernel/core/network -Ikernel/core/process -Ikernel/core/runtime -Ikernel/core/scheduler -Ikernel/core/sync -Ikernel/core/syscall -Ikernel/core/usermode -Ikernel/mm -Ilib -Ilib/memory -Iplatform -Iplatform/target -Ishell -Ishell/commands -Ishell/commands/filesystem -Ishell/commands/system -Ishell/commands/utilities -Ishell/core -Isystem -Isystem/apps -Isystem/config -Isystem/core -Isystem/desktop -Isystem/gui -Isystem/services -Isystem/services/app_manager -Isystem/services/font -Isystem/services/package_manager -Isystem/services/power -Isystem/services/session -Isystem/services/system_info -Iassets/fonts -MMD -MP -c kernel/core/module/service_modules.c -o build/kernel/core/module/service_modules.o
cc -ffreestanding -fno-stack-protector -fno-stack-check -mno-red-zone -mno-sse -mno-sse2 -mno-mmx -mgeneral-regs-only -fPIE -fno-ident -Wall -Wextra -O2 -Iinclude/nexus -Idrivers -Idrivers/bus -Idrivers/graphics -Idrivers/graphics/framebuffer -Idrivers/graphics/gpu -Idrivers/graphics/gpu/amd -Idrivers/graphics/gpu/intel -Idrivers/graphics/gpu/nvidia -Idrivers/hardware -Idrivers/hardware/cpu -Idrivers/hardware/pic -Idrivers/input -Idrivers/input/core -Idrivers/input/keyboard -Idrivers/input/mouse -Idrivers/network -Idrivers/network/e1000 -Idrivers/storage -Idrivers/timer -Idrivers/usb -Ifs -Ifs/gpt -Ifs/vfs -Ifs/vfs/core -Ifs/vfs/mount -Ifs/vfs/registry -Igui -Igui/apps -Igui/apps/files -Igui/apps/settings -Igui/apps/terminal -Igui/core -Igui/desktop -Igui/input -Igui/renderer -Igui/search -Igui/window -Ikernel -Ikernel/arch -Ikernel/arch/x86_64 -Ikernel/bootmode -Ikernel/core -Ikernel/core/events -Ikernel/core/ipc -Ikernel/core/module -Ikernel/core/network -Ikernel/core/process -Ikernel/core/runtime -Ikernel/core/scheduler -Ikernel/core/sync -Ikernel/core/syscall -Ikernel/core/usermode -Ikernel/mm -Ilib -Ilib/memory -Iplatform -Iplatform/target -Ishell -Ishell/commands -Ishell/commands/filesystem -Ishell/commands/system -Ishell/commands/utilities -Ishell/core -Isystem -Isystem/apps -Isystem/config -Isystem/core -Isystem/desktop -Isystem/gui -Isystem/services -Isystem/services/app_manager -Isystem/services/font -Isystem/services/package_manager -Isystem/services/power -Isystem/services/session -Isystem/services/system_info -Iassets/fonts -MMD -MP -c kernel/core/network/network.c -o build/kernel/core/network/network.o
cc -ffreestanding -fno-stack-protector -fno-stack-check -mno-red-zone -mno-sse -mno-sse2 -mno-mmx -mgeneral-regs-only -fPIE -fno-ident -Wall -Wextra -O2 -Iinclude/nexus -Idrivers -Idrivers/bus -Idrivers/graphics -Idrivers/graphics/framebuffer -Idrivers/graphics/gpu -Idrivers/graphics/gpu/amd -Idrivers/graphics/gpu/intel -Idrivers/graphics/gpu/nvidia -Idrivers/hardware -Idrivers/hardware/cpu -Idrivers/hardware/pic -Idrivers/input -Idrivers/input/core -Idrivers/input/keyboard -Idrivers/input/mouse -Idrivers/network -Idrivers/network/e1000 -Idrivers/storage -Idrivers/timer -Idrivers/usb -Ifs -Ifs/gpt -Ifs/vfs -Ifs/vfs/core -Ifs/vfs/mount -Ifs/vfs/registry -Igui -Igui/apps -Igui/apps/files -Igui/apps/settings -Igui/apps/terminal -Igui/core -Igui/desktop -Igui/input -Igui/renderer -Igui/search -Igui/window -Ikernel -Ikernel/arch -Ikernel/arch/x86_64 -Ikernel/bootmode -Ikernel/core -Ikernel/core/events -Ikernel/core/ipc -Ikernel/core/module -Ikernel/core/network -Ikernel/core/process -Ikernel/core/runtime -Ikernel/core/scheduler -Ikernel/core/sync -Ikernel/core/syscall -Ikernel/core/usermode -Ikernel/mm -Ilib -Ilib/memory -Iplatform -Iplatform/target -Ishell -Ishell/commands -Ishell/commands/filesystem -Ishell/commands/system -Ishell/commands/utilities -Ishell/core -Isystem -Isystem/apps -Isystem/config -Isystem/core -Isystem/desktop -Isystem/gui -Isystem/services -Isystem/services/app_manager -Isystem/services/font -Isystem/services/package_manager -Isystem/services/power -Isystem/services/session -Isystem/services/system_info -Iassets/fonts -MMD -MP -c kernel/core/panic.c -o build/kernel/core/panic.o
cc -ffreestanding -fno-stack-protector -fno-stack-check -mno-red-zone -mno-sse -mno-sse2 -mno-mmx -mgeneral-regs-only -fPIE -fno-ident -Wall -Wextra -O2 -Iinclude/nexus -Idrivers -Idrivers/bus -Idrivers/graphics -Idrivers/graphics/framebuffer -Idrivers/graphics/gpu -Idrivers/graphics/gpu/amd -Idrivers/graphics/gpu/intel -Idrivers/graphics/gpu/nvidia -Idrivers/hardware -Idrivers/hardware/cpu -Idrivers/hardware/pic -Idrivers/input -Idrivers/input/core -Idrivers/input/keyboard -Idrivers/input/mouse -Idrivers/network -Idrivers/network/e1000 -Idrivers/storage -Idrivers/timer -Idrivers/usb -Ifs -Ifs/gpt -Ifs/vfs -Ifs/vfs/core -Ifs/vfs/mount -Ifs/vfs/registry -Igui -Igui/apps -Igui/apps/files -Igui/apps/settings -Igui/apps/terminal -Igui/core -Igui/desktop -Igui/input -Igui/renderer -Igui/search -Igui/window -Ikernel -Ikernel/arch -Ikernel/arch/x86_64 -Ikernel/bootmode -Ikernel/core -Ikernel/core/events -Ikernel/core/ipc -Ikernel/core/module -Ikernel/core/network -Ikernel/core/process -Ikernel/core/runtime -Ikernel/core/scheduler -Ikernel/core/sync -Ikernel/core/syscall -Ikernel/core/usermode -Ikernel/mm -Ilib -Ilib/memory -Iplatform -Iplatform/target -Ishell -Ishell/commands -Ishell/commands/filesystem -Ishell/commands/system -Ishell/commands/utilities -Ishell/core -Isystem -Isystem/apps -Isystem/config -Isystem/core -Isystem/desktop -Isystem/gui -Isystem/services -Isystem/services/app_manager -Isystem/services/font -Isystem/services/package_manager -Isystem/services/power -Isystem/services/session -Isystem/services/system_info -Iassets/fonts -MMD -MP -c kernel/core/process/capability.c -o build/kernel/core/process/capability.o
cc -ffreestanding -fno-stack-protector -fno-stack-check -mno-red-zone -mno-sse -mno-sse2 -mno-mmx -mgeneral-regs-only -fPIE -fno-ident -Wall -Wextra -O2 -Iinclude/nexus -Idrivers -Idrivers/bus -Idrivers/graphics -Idrivers/graphics/framebuffer -Idrivers/graphics/gpu -Idrivers/graphics/gpu/amd -Idrivers/graphics/gpu/intel -Idrivers/graphics/gpu/nvidia -Idrivers/hardware -Idrivers/hardware/cpu -Idrivers/hardware/pic -Idrivers/input -Idrivers/input/core -Idrivers/input/keyboard -Idrivers/input/mouse -Idrivers/network -Idrivers/network/e1000 -Idrivers/storage -Idrivers/timer -Idrivers/usb -Ifs -Ifs/gpt -Ifs/vfs -Ifs/vfs/core -Ifs/vfs/mount -Ifs/vfs/registry -Igui -Igui/apps -Igui/apps/files -Igui/apps/settings -Igui/apps/terminal -Igui/core -Igui/desktop -Igui/input -Igui/renderer -Igui/search -Igui/window -Ikernel -Ikernel/arch -Ikernel/arch/x86_64 -Ikernel/bootmode -Ikernel/core -Ikernel/core/events -Ikernel/core/ipc -Ikernel/core/module -Ikernel/core/network -Ikernel/core/process -Ikernel/core/runtime -Ikernel/core/scheduler -Ikernel/core/sync -Ikernel/core/syscall -Ikernel/core/usermode -Ikernel/mm -Ilib -Ilib/memory -Iplatform -Iplatform/target -Ishell -Ishell/commands -Ishell/commands/filesystem -Ishell/commands/system -Ishell/commands/utilities -Ishell/core -Isystem -Isystem/apps -Isystem/config -Isystem/core -Isystem/desktop -Isystem/gui -Isystem/services -Isystem/services/app_manager -Isystem/services/font -Isystem/services/package_manager -Isystem/services/power -Isystem/services/session -Isystem/services/system_info -Iassets/fonts -MMD -MP -c kernel/core/process/process.c -o build/kernel/core/process/process.o
cc -ffreestanding -fno-stack-protector -fno-stack-check -mno-red-zone -mno-sse -mno-sse2 -mno-mmx -mgeneral-regs-only -fPIE -fno-ident -Wall -Wextra -O2 -Iinclude/nexus -Idrivers -Idrivers/bus -Idrivers/graphics -Idrivers/graphics/framebuffer -Idrivers/graphics/gpu -Idrivers/graphics/gpu/amd -Idrivers/graphics/gpu/intel -Idrivers/graphics/gpu/nvidia -Idrivers/hardware -Idrivers/hardware/cpu -Idrivers/hardware/pic -Idrivers/input -Idrivers/input/core -Idrivers/input/keyboard -Idrivers/input/mouse -Idrivers/network -Idrivers/network/e1000 -Idrivers/storage -Idrivers/timer -Idrivers/usb -Ifs -Ifs/gpt -Ifs/vfs -Ifs/vfs/core -Ifs/vfs/mount -Ifs/vfs/registry -Igui -Igui/apps -Igui/apps/files -Igui/apps/settings -Igui/apps/terminal -Igui/core -Igui/desktop -Igui/input -Igui/renderer -Igui/search -Igui/window -Ikernel -Ikernel/arch -Ikernel/arch/x86_64 -Ikernel/bootmode -Ikernel/core -Ikernel/core/events -Ikernel/core/ipc -Ikernel/core/module -Ikernel/core/network -Ikernel/core/process -Ikernel/core/runtime -Ikernel/core/scheduler -Ikernel/core/sync -Ikernel/core/syscall -Ikernel/core/usermode -Ikernel/mm -Ilib -Ilib/memory -Iplatform -Iplatform/target -Ishell -Ishell/commands -Ishell/commands/filesystem -Ishell/commands/system -Ishell/commands/utilities -Ishell/core -Isystem -Isystem/apps -Isystem/config -Isystem/core -Isystem/desktop -Isystem/gui -Isystem/services -Isystem/services/app_manager -Isystem/services/font -Isystem/services/package_manager -Isystem/services/power -Isystem/services/session -Isystem/services/system_info -Iassets/fonts -MMD -MP -c kernel/core/runtime/runtime.c -o build/kernel/core/runtime/runtime.o
cc -ffreestanding -fno-stack-protector -fno-stack-check -mno-red-zone -mno-sse -mno-sse2 -mno-mmx -mgeneral-regs-only -fPIE -fno-ident -Wall -Wextra -O2 -Iinclude/nexus -Idrivers -Idrivers/bus -Idrivers/graphics -Idrivers/graphics/framebuffer -Idrivers/graphics/gpu -Idrivers/graphics/gpu/amd -Idrivers/graphics/gpu/intel -Idrivers/graphics/gpu/nvidia -Idrivers/hardware -Idrivers/hardware/cpu -Idrivers/hardware/pic -Idrivers/input -Idrivers/input/core -Idrivers/input/keyboard -Idrivers/input/mouse -Idrivers/network -Idrivers/network/e1000 -Idrivers/storage -Idrivers/timer -Idrivers/usb -Ifs -Ifs/gpt -Ifs/vfs -Ifs/vfs/core -Ifs/vfs/mount -Ifs/vfs/registry -Igui -Igui/apps -Igui/apps/files -Igui/apps/settings -Igui/apps/terminal -Igui/core -Igui/desktop -Igui/input -Igui/renderer -Igui/search -Igui/window -Ikernel -Ikernel/arch -Ikernel/arch/x86_64 -Ikernel/bootmode -Ikernel/core -Ikernel/core/events -Ikernel/core/ipc -Ikernel/core/module -Ikernel/core/network -Ikernel/core/process -Ikernel/core/runtime -Ikernel/core/scheduler -Ikernel/core/sync -Ikernel/core/syscall -Ikernel/core/usermode -Ikernel/mm -Ilib -Ilib/memory -Iplatform -Iplatform/target -Ishell -Ishell/commands -Ishell/commands/filesystem -Ishell/commands/system -Ishell/commands/utilities -Ishell/core -Isystem -Isystem/apps -Isystem/config -Isystem/core -Isystem/desktop -Isystem/gui -Isystem/services -Isystem/services/app_manager -Isystem/services/font -Isystem/services/package_manager -Isystem/services/power -Isystem/services/session -Isystem/services/system_info -Iassets/fonts -MMD -MP -c kernel/core/scheduler/scheduler.c -o build/kernel/core/scheduler/scheduler.o
cc -ffreestanding -fno-stack-protector -fno-stack-check -mno-red-zone -mno-sse -mno-sse2 -mno-mmx -mgeneral-regs-only -fPIE -fno-ident -Wall -Wextra -O2 -Iinclude/nexus -Idrivers -Idrivers/bus -Idrivers/graphics -Idrivers/graphics/framebuffer -Idrivers/graphics/gpu -Idrivers/graphics/gpu/amd -Idrivers/graphics/gpu/intel -Idrivers/graphics/gpu/nvidia -Idrivers/hardware -Idrivers/hardware/cpu -Idrivers/hardware/pic -Idrivers/input -Idrivers/input/core -Idrivers/input/keyboard -Idrivers/input/mouse -Idrivers/network -Idrivers/network/e1000 -Idrivers/storage -Idrivers/timer -Idrivers/usb -Ifs -Ifs/gpt -Ifs/vfs -Ifs/vfs/core -Ifs/vfs/mount -Ifs/vfs/registry -Igui -Igui/apps -Igui/apps/files -Igui/apps/settings -Igui/apps/terminal -Igui/core -Igui/desktop -Igui/input -Igui/renderer -Igui/search -Igui/window -Ikernel -Ikernel/arch -Ikernel/arch/x86_64 -Ikernel/bootmode -Ikernel/core -Ikernel/core/events -Ikernel/core/ipc -Ikernel/core/module -Ikernel/core/network -Ikernel/core/process -Ikernel/core/runtime -Ikernel/core/scheduler -Ikernel/core/sync -Ikernel/core/syscall -Ikernel/core/usermode -Ikernel/mm -Ilib -Ilib/memory -Iplatform -Iplatform/target -Ishell -Ishell/commands -Ishell/commands/filesystem -Ishell/commands/system -Ishell/commands/utilities -Ishell/core -Isystem -Isystem/apps -Isystem/config -Isystem/core -Isystem/desktop -Isystem/gui -Isystem/services -Isystem/services/app_manager -Isystem/services/font -Isystem/services/package_manager -Isystem/services/power -Isystem/services/session -Isystem/services/system_info -Iassets/fonts -MMD -MP -c kernel/core/sync/sync.c -o build/kernel/core/sync/sync.o
cc -ffreestanding -fno-stack-protector -fno-stack-check -mno-red-zone -mno-sse -mno-sse2 -mno-mmx -mgeneral-regs-only -fPIE -fno-ident -Wall -Wextra -O2 -Iinclude/nexus -Idrivers -Idrivers/bus -Idrivers/graphics -Idrivers/graphics/framebuffer -Idrivers/graphics/gpu -Idrivers/graphics/gpu/amd -Idrivers/graphics/gpu/intel -Idrivers/graphics/gpu/nvidia -Idrivers/hardware -Idrivers/hardware/cpu -Idrivers/hardware/pic -Idrivers/input -Idrivers/input/core -Idrivers/input/keyboard -Idrivers/input/mouse -Idrivers/network -Idrivers/network/e1000 -Idrivers/storage -Idrivers/timer -Idrivers/usb -Ifs -Ifs/gpt -Ifs/vfs -Ifs/vfs/core -Ifs/vfs/mount -Ifs/vfs/registry -Igui -Igui/apps -Igui/apps/files -Igui/apps/settings -Igui/apps/terminal -Igui/core -Igui/desktop -Igui/input -Igui/renderer -Igui/search -Igui/window -Ikernel -Ikernel/arch -Ikernel/arch/x86_64 -Ikernel/bootmode -Ikernel/core -Ikernel/core/events -Ikernel/core/ipc -Ikernel/core/module -Ikernel/core/network -Ikernel/core/process -Ikernel/core/runtime -Ikernel/core/scheduler -Ikernel/core/sync -Ikernel/core/syscall -Ikernel/core/usermode -Ikernel/mm -Ilib -Ilib/memory -Iplatform -Iplatform/target -Ishell -Ishell/commands -Ishell/commands/filesystem -Ishell/commands/system -Ishell/commands/utilities -Ishell/core -Isystem -Isystem/apps -Isystem/config -Isystem/core -Isystem/desktop -Isystem/gui -Isystem/services -Isystem/services/app_manager -Isystem/services/font -Isystem/services/package_manager -Isystem/services/power -Isystem/services/session -Isystem/services/system_info -Iassets/fonts -MMD -MP -c kernel/core/syscall/syscall.c -o build/kernel/core/syscall/syscall.o
cc -ffreestanding -fno-stack-protector -fno-stack-check -mno-red-zone -mno-sse -mno-sse2 -mno-mmx -mgeneral-regs-only -fPIE -fno-ident -Wall -Wextra -O2 -Iinclude/nexus -Idrivers -Idrivers/bus -Idrivers/graphics -Idrivers/graphics/framebuffer -Idrivers/graphics/gpu -Idrivers/graphics/gpu/amd -Idrivers/graphics/gpu/intel -Idrivers/graphics/gpu/nvidia -Idrivers/hardware -Idrivers/hardware/cpu -Idrivers/hardware/pic -Idrivers/input -Idrivers/input/core -Idrivers/input/keyboard -Idrivers/input/mouse -Idrivers/network -Idrivers/network/e1000 -Idrivers/storage -Idrivers/timer -Idrivers/usb -Ifs -Ifs/gpt -Ifs/vfs -Ifs/vfs/core -Ifs/vfs/mount -Ifs/vfs/registry -Igui -Igui/apps -Igui/apps/files -Igui/apps/settings -Igui/apps/terminal -Igui/core -Igui/desktop -Igui/input -Igui/renderer -Igui/search -Igui/window -Ikernel -Ikernel/arch -Ikernel/arch/x86_64 -Ikernel/bootmode -Ikernel/core -Ikernel/core/events -Ikernel/core/ipc -Ikernel/core/module -Ikernel/core/network -Ikernel/core/process -Ikernel/core/runtime -Ikernel/core/scheduler -Ikernel/core/sync -Ikernel/core/syscall -Ikernel/core/usermode -Ikernel/mm -Ilib -Ilib/memory -Iplatform -Iplatform/target -Ishell -Ishell/commands -Ishell/commands/filesystem -Ishell/commands/system -Ishell/commands/utilities -Ishell/core -Isystem -Isystem/apps -Isystem/config -Isystem/core -Isystem/desktop -Isystem/gui -Isystem/services -Isystem/services/app_manager -Isystem/services/font -Isystem/services/package_manager -Isystem/services/power -Isystem/services/session -Isystem/services/system_info -Iassets/fonts -MMD -MP -c kernel/core/usermode/usermode.c -o build/kernel/core/usermode/usermode.o
cc -ffreestanding -fno-stack-protector -fno-stack-check -mno-red-zone -mno-sse -mno-sse2 -mno-mmx -mgeneral-regs-only -fPIE -fno-ident -Wall -Wextra -O2 -Iinclude/nexus -Idrivers -Idrivers/bus -Idrivers/graphics -Idrivers/graphics/framebuffer -Idrivers/graphics/gpu -Idrivers/graphics/gpu/amd -Idrivers/graphics/gpu/intel -Idrivers/graphics/gpu/nvidia -Idrivers/hardware -Idrivers/hardware/cpu -Idrivers/hardware/pic -Idrivers/input -Idrivers/input/core -Idrivers/input/keyboard -Idrivers/input/mouse -Idrivers/network -Idrivers/network/e1000 -Idrivers/storage -Idrivers/timer -Idrivers/usb -Ifs -Ifs/gpt -Ifs/vfs -Ifs/vfs/core -Ifs/vfs/mount -Ifs/vfs/registry -Igui -Igui/apps -Igui/apps/files -Igui/apps/settings -Igui/apps/terminal -Igui/core -Igui/desktop -Igui/input -Igui/renderer -Igui/search -Igui/window -Ikernel -Ikernel/arch -Ikernel/arch/x86_64 -Ikernel/bootmode -Ikernel/core -Ikernel/core/events -Ikernel/core/ipc -Ikernel/core/module -Ikernel/core/network -Ikernel/core/process -Ikernel/core/runtime -Ikernel/core/scheduler -Ikernel/core/sync -Ikernel/core/syscall -Ikernel/core/usermode -Ikernel/mm -Ilib -Ilib/memory -Iplatform -Iplatform/target -Ishell -Ishell/commands -Ishell/commands/filesystem -Ishell/commands/system -Ishell/commands/utilities -Ishell/core -Isystem -Isystem/apps -Isystem/config -Isystem/core -Isystem/desktop -Isystem/gui -Isystem/services -Isystem/services/app_manager -Isystem/services/font -Isystem/services/package_manager -Isystem/services/power -Isystem/services/session -Isystem/services/system_info -Iassets/fonts -MMD -MP -c kernel/core/watchdog.c -o build/kernel/core/watchdog.o
cc -ffreestanding -fno-stack-protector -fno-stack-check -mno-red-zone -mno-sse -mno-sse2 -mno-mmx -mgeneral-regs-only -fPIE -fno-ident -Wall -Wextra -O2 -Iinclude/nexus -Idrivers -Idrivers/bus -Idrivers/graphics -Idrivers/graphics/framebuffer -Idrivers/graphics/gpu -Idrivers/graphics/gpu/amd -Idrivers/graphics/gpu/intel -Idrivers/graphics/gpu/nvidia -Idrivers/hardware -Idrivers/hardware/cpu -Idrivers/hardware/pic -Idrivers/input -Idrivers/input/core -Idrivers/input/keyboard -Idrivers/input/mouse -Idrivers/network -Idrivers/network/e1000 -Idrivers/storage -Idrivers/timer -Idrivers/usb -Ifs -Ifs/gpt -Ifs/vfs -Ifs/vfs/core -Ifs/vfs/mount -Ifs/vfs/registry -Igui -Igui/apps -Igui/apps/files -Igui/apps/settings -Igui/apps/terminal -Igui/core -Igui/desktop -Igui/input -Igui/renderer -Igui/search -Igui/window -Ikernel -Ikernel/arch -Ikernel/arch/x86_64 -Ikernel/bootmode -Ikernel/core -Ikernel/core/events -Ikernel/core/ipc -Ikernel/core/module -Ikernel/core/network -Ikernel/core/process -Ikernel/core/runtime -Ikernel/core/scheduler -Ikernel/core/sync -Ikernel/core/syscall -Ikernel/core/usermode -Ikernel/mm -Ilib -Ilib/memory -Iplatform -Iplatform/target -Ishell -Ishell/commands -Ishell/commands/filesystem -Ishell/commands/system -Ishell/commands/utilities -Ishell/core -Isystem -Isystem/apps -Isystem/config -Isystem/core -Isystem/desktop -Isystem/gui -Isystem/services -Isystem/services/app_manager -Isystem/services/font -Isystem/services/package_manager -Isystem/services/power -Isystem/services/session -Isystem/services/system_info -Iassets/fonts -MMD -MP -c kernel/mm/heap.c -o build/kernel/mm/heap.o
cc -ffreestanding -fno-stack-protector -fno-stack-check -mno-red-zone -mno-sse -mno-sse2 -mno-mmx -mgeneral-regs-only -fPIE -fno-ident -Wall -Wextra -O2 -Iinclude/nexus -Idrivers -Idrivers/bus -Idrivers/graphics -Idrivers/graphics/framebuffer -Idrivers/graphics/gpu -Idrivers/graphics/gpu/amd -Idrivers/graphics/gpu/intel -Idrivers/graphics/gpu/nvidia -Idrivers/hardware -Idrivers/hardware/cpu -Idrivers/hardware/pic -Idrivers/input -Idrivers/input/core -Idrivers/input/keyboard -Idrivers/input/mouse -Idrivers/network -Idrivers/network/e1000 -Idrivers/storage -Idrivers/timer -Idrivers/usb -Ifs -Ifs/gpt -Ifs/vfs -Ifs/vfs/core -Ifs/vfs/mount -Ifs/vfs/registry -Igui -Igui/apps -Igui/apps/files -Igui/apps/settings -Igui/apps/terminal -Igui/core -Igui/desktop -Igui/input -Igui/renderer -Igui/search -Igui/window -Ikernel -Ikernel/arch -Ikernel/arch/x86_64 -Ikernel/bootmode -Ikernel/core -Ikernel/core/events -Ikernel/core/ipc -Ikernel/core/module -Ikernel/core/network -Ikernel/core/process -Ikernel/core/runtime -Ikernel/core/scheduler -Ikernel/core/sync -Ikernel/core/syscall -Ikernel/core/usermode -Ikernel/mm -Ilib -Ilib/memory -Iplatform -Iplatform/target -Ishell -Ishell/commands -Ishell/commands/filesystem -Ishell/commands/system -Ishell/commands/utilities -Ishell/core -Isystem -Isystem/apps -Isystem/config -Isystem/core -Isystem/desktop -Isystem/gui -Isystem/services -Isystem/services/app_manager -Isystem/services/font -Isystem/services/package_manager -Isystem/services/power -Isystem/services/session -Isystem/services/system_info -Iassets/fonts -MMD -MP -c kernel/mm/paging.c -o build/kernel/mm/paging.o
cc -ffreestanding -fno-stack-protector -fno-stack-check -mno-red-zone -mno-sse -mno-sse2 -mno-mmx -mgeneral-regs-only -fPIE -fno-ident -Wall -Wextra -O2 -Iinclude/nexus -Idrivers -Idrivers/bus -Idrivers/graphics -Idrivers/graphics/framebuffer -Idrivers/graphics/gpu -Idrivers/graphics/gpu/amd -Idrivers/graphics/gpu/intel -Idrivers/graphics/gpu/nvidia -Idrivers/hardware -Idrivers/hardware/cpu -Idrivers/hardware/pic -Idrivers/input -Idrivers/input/core -Idrivers/input/keyboard -Idrivers/input/mouse -Idrivers/network -Idrivers/network/e1000 -Idrivers/storage -Idrivers/timer -Idrivers/usb -Ifs -Ifs/gpt -Ifs/vfs -Ifs/vfs/core -Ifs/vfs/mount -Ifs/vfs/registry -Igui -Igui/apps -Igui/apps/files -Igui/apps/settings -Igui/apps/terminal -Igui/core -Igui/desktop -Igui/input -Igui/renderer -Igui/search -Igui/window -Ikernel -Ikernel/arch -Ikernel/arch/x86_64 -Ikernel/bootmode -Ikernel/core -Ikernel/core/events -Ikernel/core/ipc -Ikernel/core/module -Ikernel/core/network -Ikernel/core/process -Ikernel/core/runtime -Ikernel/core/scheduler -Ikernel/core/sync -Ikernel/core/syscall -Ikernel/core/usermode -Ikernel/mm -Ilib -Ilib/memory -Iplatform -Iplatform/target -Ishell -Ishell/commands -Ishell/commands/filesystem -Ishell/commands/system -Ishell/commands/utilities -Ishell/core -Isystem -Isystem/apps -Isystem/config -Isystem/core -Isystem/desktop -Isystem/gui -Isystem/services -Isystem/services/app_manager -Isystem/services/font -Isystem/services/package_manager -Isystem/services/power -Isystem/services/session -Isystem/services/system_info -Iassets/fonts -MMD -MP -c kernel/mm/pmm.c -o build/kernel/mm/pmm.o
cc -ffreestanding -fno-stack-protector -fno-stack-check -mno-red-zone -mno-sse -mno-sse2 -mno-mmx -mgeneral-regs-only -fPIE -fno-ident -Wall -Wextra -O2 -Iinclude/nexus -Idrivers -Idrivers/bus -Idrivers/graphics -Idrivers/graphics/framebuffer -Idrivers/graphics/gpu -Idrivers/graphics/gpu/amd -Idrivers/graphics/gpu/intel -Idrivers/graphics/gpu/nvidia -Idrivers/hardware -Idrivers/hardware/cpu -Idrivers/hardware/pic -Idrivers/input -Idrivers/input/core -Idrivers/input/keyboard -Idrivers/input/mouse -Idrivers/network -Idrivers/network/e1000 -Idrivers/storage -Idrivers/timer -Idrivers/usb -Ifs -Ifs/gpt -Ifs/vfs -Ifs/vfs/core -Ifs/vfs/mount -Ifs/vfs/registry -Igui -Igui/apps -Igui/apps/files -Igui/apps/settings -Igui/apps/terminal -Igui/core -Igui/desktop -Igui/input -Igui/renderer -Igui/search -Igui/window -Ikernel -Ikernel/arch -Ikernel/arch/x86_64 -Ikernel/bootmode -Ikernel/core -Ikernel/core/events -Ikernel/core/ipc -Ikernel/core/module -Ikernel/core/network -Ikernel/core/process -Ikernel/core/runtime -Ikernel/core/scheduler -Ikernel/core/sync -Ikernel/core/syscall -Ikernel/core/usermode -Ikernel/mm -Ilib -Ilib/memory -Iplatform -Iplatform/target -Ishell -Ishell/commands -Ishell/commands/filesystem -Ishell/commands/system -Ishell/commands/utilities -Ishell/core -Isystem -Isystem/apps -Isystem/config -Isystem/core -Isystem/desktop -Isystem/gui -Isystem/services -Isystem/services/app_manager -Isystem/services/font -Isystem/services/package_manager -Isystem/services/power -Isystem/services/session -Isystem/services/system_info -Iassets/fonts -MMD -MP -c kernel/mm/vmm.c -o build/kernel/mm/vmm.o
cc -ffreestanding -fno-stack-protector -fno-stack-check -mno-red-zone -mno-sse -mno-sse2 -mno-mmx -mgeneral-regs-only -fPIE -fno-ident -Wall -Wextra -O2 -Iinclude/nexus -Idrivers -Idrivers/bus -Idrivers/graphics -Idrivers/graphics/framebuffer -Idrivers/graphics/gpu -Idrivers/graphics/gpu/amd -Idrivers/graphics/gpu/intel -Idrivers/graphics/gpu/nvidia -Idrivers/hardware -Idrivers/hardware/cpu -Idrivers/hardware/pic -Idrivers/input -Idrivers/input/core -Idrivers/input/keyboard -Idrivers/input/mouse -Idrivers/network -Idrivers/network/e1000 -Idrivers/storage -Idrivers/timer -Idrivers/usb -Ifs -Ifs/gpt -Ifs/vfs -Ifs/vfs/core -Ifs/vfs/mount -Ifs/vfs/registry -Igui -Igui/apps -Igui/apps/files -Igui/apps/settings -Igui/apps/terminal -Igui/core -Igui/desktop -Igui/input -Igui/renderer -Igui/search -Igui/window -Ikernel -Ikernel/arch -Ikernel/arch/x86_64 -Ikernel/bootmode -Ikernel/core -Ikernel/core/events -Ikernel/core/ipc -Ikernel/core/module -Ikernel/core/network -Ikernel/core/process -Ikernel/core/runtime -Ikernel/core/scheduler -Ikernel/core/sync -Ikernel/core/syscall -Ikernel/core/usermode -Ikernel/mm -Ilib -Ilib/memory -Iplatform -Iplatform/target -Ishell -Ishell/commands -Ishell/commands/filesystem -Ishell/commands/system -Ishell/commands/utilities -Ishell/core -Isystem -Isystem/apps -Isystem/config -Isystem/core -Isystem/desktop -Isystem/gui -Isystem/services -Isystem/services/app_manager -Isystem/services/font -Isystem/services/package_manager -Isystem/services/power -Isystem/services/session -Isystem/services/system_info -Iassets/fonts -MMD -MP -c lib/memory/mem.c -o build/lib/memory/mem.o
cc -ffreestanding -fno-stack-protector -fno-stack-check -mno-red-zone -mno-sse -mno-sse2 -mno-mmx -mgeneral-regs-only -fPIE -fno-ident -Wall -Wextra -O2 -Iinclude/nexus -Idrivers -Idrivers/bus -Idrivers/graphics -Idrivers/graphics/framebuffer -Idrivers/graphics/gpu -Idrivers/graphics/gpu/amd -Idrivers/graphics/gpu/intel -Idrivers/graphics/gpu/nvidia -Idrivers/hardware -Idrivers/hardware/cpu -Idrivers/hardware/pic -Idrivers/input -Idrivers/input/core -Idrivers/input/keyboard -Idrivers/input/mouse -Idrivers/network -Idrivers/network/e1000 -Idrivers/storage -Idrivers/timer -Idrivers/usb -Ifs -Ifs/gpt -Ifs/vfs -Ifs/vfs/core -Ifs/vfs/mount -Ifs/vfs/registry -Igui -Igui/apps -Igui/apps/files -Igui/apps/settings -Igui/apps/terminal -Igui/core -Igui/desktop -Igui/input -Igui/renderer -Igui/search -Igui/window -Ikernel -Ikernel/arch -Ikernel/arch/x86_64 -Ikernel/bootmode -Ikernel/core -Ikernel/core/events -Ikernel/core/ipc -Ikernel/core/module -Ikernel/core/network -Ikernel/core/process -Ikernel/core/runtime -Ikernel/core/scheduler -Ikernel/core/sync -Ikernel/core/syscall -Ikernel/core/usermode -Ikernel/mm -Ilib -Ilib/memory -Iplatform -Iplatform/target -Ishell -Ishell/commands -Ishell/commands/filesystem -Ishell/commands/system -Ishell/commands/utilities -Ishell/core -Isystem -Isystem/apps -Isystem/config -Isystem/core -Isystem/desktop -Isystem/gui -Isystem/services -Isystem/services/app_manager -Isystem/services/font -Isystem/services/package_manager -Isystem/services/power -Isystem/services/session -Isystem/services/system_info -Iassets/fonts -MMD -MP -c platform/target/target.c -o build/platform/target/target.o
cc -ffreestanding -fno-stack-protector -fno-stack-check -mno-red-zone -mno-sse -mno-sse2 -mno-mmx -mgeneral-regs-only -fPIE -fno-ident -Wall -Wextra -O2 -Iinclude/nexus -Idrivers -Idrivers/bus -Idrivers/graphics -Idrivers/graphics/framebuffer -Idrivers/graphics/gpu -Idrivers/graphics/gpu/amd -Idrivers/graphics/gpu/intel -Idrivers/graphics/gpu/nvidia -Idrivers/hardware -Idrivers/hardware/cpu -Idrivers/hardware/pic -Idrivers/input -Idrivers/input/core -Idrivers/input/keyboard -Idrivers/input/mouse -Idrivers/network -Idrivers/network/e1000 -Idrivers/storage -Idrivers/timer -Idrivers/usb -Ifs -Ifs/gpt -Ifs/vfs -Ifs/vfs/core -Ifs/vfs/mount -Ifs/vfs/registry -Igui -Igui/apps -Igui/apps/files -Igui/apps/settings -Igui/apps/terminal -Igui/core -Igui/desktop -Igui/input -Igui/renderer -Igui/search -Igui/window -Ikernel -Ikernel/arch -Ikernel/arch/x86_64 -Ikernel/bootmode -Ikernel/core -Ikernel/core/events -Ikernel/core/ipc -Ikernel/core/module -Ikernel/core/network -Ikernel/core/process -Ikernel/core/runtime -Ikernel/core/scheduler -Ikernel/core/sync -Ikernel/core/syscall -Ikernel/core/usermode -Ikernel/mm -Ilib -Ilib/memory -Iplatform -Iplatform/target -Ishell -Ishell/commands -Ishell/commands/filesystem -Ishell/commands/system -Ishell/commands/utilities -Ishell/core -Isystem -Isystem/apps -Isystem/config -Isystem/core -Isystem/desktop -Isystem/gui -Isystem/services -Isystem/services/app_manager -Isystem/services/font -Isystem/services/package_manager -Isystem/services/power -Isystem/services/session -Isystem/services/system_info -Iassets/fonts -MMD -MP -c shell/commands/filesystem/append.c -o build/shell/commands/filesystem/append.o
cc -ffreestanding -fno-stack-protector -fno-stack-check -mno-red-zone -mno-sse -mno-sse2 -mno-mmx -mgeneral-regs-only -fPIE -fno-ident -Wall -Wextra -O2 -Iinclude/nexus -Idrivers -Idrivers/bus -Idrivers/graphics -Idrivers/graphics/framebuffer -Idrivers/graphics/gpu -Idrivers/graphics/gpu/amd -Idrivers/graphics/gpu/intel -Idrivers/graphics/gpu/nvidia -Idrivers/hardware -Idrivers/hardware/cpu -Idrivers/hardware/pic -Idrivers/input -Idrivers/input/core -Idrivers/input/keyboard -Idrivers/input/mouse -Idrivers/network -Idrivers/network/e1000 -Idrivers/storage -Idrivers/timer -Idrivers/usb -Ifs -Ifs/gpt -Ifs/vfs -Ifs/vfs/core -Ifs/vfs/mount -Ifs/vfs/registry -Igui -Igui/apps -Igui/apps/files -Igui/apps/settings -Igui/apps/terminal -Igui/core -Igui/desktop -Igui/input -Igui/renderer -Igui/search -Igui/window -Ikernel -Ikernel/arch -Ikernel/arch/x86_64 -Ikernel/bootmode -Ikernel/core -Ikernel/core/events -Ikernel/core/ipc -Ikernel/core/module -Ikernel/core/network -Ikernel/core/process -Ikernel/core/runtime -Ikernel/core/scheduler -Ikernel/core/sync -Ikernel/core/syscall -Ikernel/core/usermode -Ikernel/mm -Ilib -Ilib/memory -Iplatform -Iplatform/target -Ishell -Ishell/commands -Ishell/commands/filesystem -Ishell/commands/system -Ishell/commands/utilities -Ishell/core -Isystem -Isystem/apps -Isystem/config -Isystem/core -Isystem/desktop -Isystem/gui -Isystem/services -Isystem/services/app_manager -Isystem/services/font -Isystem/services/package_manager -Isystem/services/power -Isystem/services/session -Isystem/services/system_info -Iassets/fonts -MMD -MP -c shell/commands/filesystem/cat.c -o build/shell/commands/filesystem/cat.o
cc -ffreestanding -fno-stack-protector -fno-stack-check -mno-red-zone -mno-sse -mno-sse2 -mno-mmx -mgeneral-regs-only -fPIE -fno-ident -Wall -Wextra -O2 -Iinclude/nexus -Idrivers -Idrivers/bus -Idrivers/graphics -Idrivers/graphics/framebuffer -Idrivers/graphics/gpu -Idrivers/graphics/gpu/amd -Idrivers/graphics/gpu/intel -Idrivers/graphics/gpu/nvidia -Idrivers/hardware -Idrivers/hardware/cpu -Idrivers/hardware/pic -Idrivers/input -Idrivers/input/core -Idrivers/input/keyboard -Idrivers/input/mouse -Idrivers/network -Idrivers/network/e1000 -Idrivers/storage -Idrivers/timer -Idrivers/usb -Ifs -Ifs/gpt -Ifs/vfs -Ifs/vfs/core -Ifs/vfs/mount -Ifs/vfs/registry -Igui -Igui/apps -Igui/apps/files -Igui/apps/settings -Igui/apps/terminal -Igui/core -Igui/desktop -Igui/input -Igui/renderer -Igui/search -Igui/window -Ikernel -Ikernel/arch -Ikernel/arch/x86_64 -Ikernel/bootmode -Ikernel/core -Ikernel/core/events -Ikernel/core/ipc -Ikernel/core/module -Ikernel/core/network -Ikernel/core/process -Ikernel/core/runtime -Ikernel/core/scheduler -Ikernel/core/sync -Ikernel/core/syscall -Ikernel/core/usermode -Ikernel/mm -Ilib -Ilib/memory -Iplatform -Iplatform/target -Ishell -Ishell/commands -Ishell/commands/filesystem -Ishell/commands/system -Ishell/commands/utilities -Ishell/core -Isystem -Isystem/apps -Isystem/config -Isystem/core -Isystem/desktop -Isystem/gui -Isystem/services -Isystem/services/app_manager -Isystem/services/font -Isystem/services/package_manager -Isystem/services/power -Isystem/services/session -Isystem/services/system_info -Iassets/fonts -MMD -MP -c shell/commands/filesystem/cd.c -o build/shell/commands/filesystem/cd.o
cc -ffreestanding -fno-stack-protector -fno-stack-check -mno-red-zone -mno-sse -mno-sse2 -mno-mmx -mgeneral-regs-only -fPIE -fno-ident -Wall -Wextra -O2 -Iinclude/nexus -Idrivers -Idrivers/bus -Idrivers/graphics -Idrivers/graphics/framebuffer -Idrivers/graphics/gpu -Idrivers/graphics/gpu/amd -Idrivers/graphics/gpu/intel -Idrivers/graphics/gpu/nvidia -Idrivers/hardware -Idrivers/hardware/cpu -Idrivers/hardware/pic -Idrivers/input -Idrivers/input/core -Idrivers/input/keyboard -Idrivers/input/mouse -Idrivers/network -Idrivers/network/e1000 -Idrivers/storage -Idrivers/timer -Idrivers/usb -Ifs -Ifs/gpt -Ifs/vfs -Ifs/vfs/core -Ifs/vfs/mount -Ifs/vfs/registry -Igui -Igui/apps -Igui/apps/files -Igui/apps/settings -Igui/apps/terminal -Igui/core -Igui/desktop -Igui/input -Igui/renderer -Igui/search -Igui/window -Ikernel -Ikernel/arch -Ikernel/arch/x86_64 -Ikernel/bootmode -Ikernel/core -Ikernel/core/events -Ikernel/core/ipc -Ikernel/core/module -Ikernel/core/network -Ikernel/core/process -Ikernel/core/runtime -Ikernel/core/scheduler -Ikernel/core/sync -Ikernel/core/syscall -Ikernel/core/usermode -Ikernel/mm -Ilib -Ilib/memory -Iplatform -Iplatform/target -Ishell -Ishell/commands -Ishell/commands/filesystem -Ishell/commands/system -Ishell/commands/utilities -Ishell/core -Isystem -Isystem/apps -Isystem/config -Isystem/core -Isystem/desktop -Isystem/gui -Isystem/services -Isystem/services/app_manager -Isystem/services/font -Isystem/services/package_manager -Isystem/services/power -Isystem/services/session -Isystem/services/system_info -Iassets/fonts -MMD -MP -c shell/commands/filesystem/cp.c -o build/shell/commands/filesystem/cp.o
cc -ffreestanding -fno-stack-protector -fno-stack-check -mno-red-zone -mno-sse -mno-sse2 -mno-mmx -mgeneral-regs-only -fPIE -fno-ident -Wall -Wextra -O2 -Iinclude/nexus -Idrivers -Idrivers/bus -Idrivers/graphics -Idrivers/graphics/framebuffer -Idrivers/graphics/gpu -Idrivers/graphics/gpu/amd -Idrivers/graphics/gpu/intel -Idrivers/graphics/gpu/nvidia -Idrivers/hardware -Idrivers/hardware/cpu -Idrivers/hardware/pic -Idrivers/input -Idrivers/input/core -Idrivers/input/keyboard -Idrivers/input/mouse -Idrivers/network -Idrivers/network/e1000 -Idrivers/storage -Idrivers/timer -Idrivers/usb -Ifs -Ifs/gpt -Ifs/vfs -Ifs/vfs/core -Ifs/vfs/mount -Ifs/vfs/registry -Igui -Igui/apps -Igui/apps/files -Igui/apps/settings -Igui/apps/terminal -Igui/core -Igui/desktop -Igui/input -Igui/renderer -Igui/search -Igui/window -Ikernel -Ikernel/arch -Ikernel/arch/x86_64 -Ikernel/bootmode -Ikernel/core -Ikernel/core/events -Ikernel/core/ipc -Ikernel/core/module -Ikernel/core/network -Ikernel/core/process -Ikernel/core/runtime -Ikernel/core/scheduler -Ikernel/core/sync -Ikernel/core/syscall -Ikernel/core/usermode -Ikernel/mm -Ilib -Ilib/memory -Iplatform -Iplatform/target -Ishell -Ishell/commands -Ishell/commands/filesystem -Ishell/commands/system -Ishell/commands/utilities -Ishell/core -Isystem -Isystem/apps -Isystem/config -Isystem/core -Isystem/desktop -Isystem/gui -Isystem/services -Isystem/services/app_manager -Isystem/services/font -Isystem/services/package_manager -Isystem/services/power -Isystem/services/session -Isystem/services/system_info -Iassets/fonts -MMD -MP -c shell/commands/filesystem/df.c -o build/shell/commands/filesystem/df.o
cc -ffreestanding -fno-stack-protector -fno-stack-check -mno-red-zone -mno-sse -mno-sse2 -mno-mmx -mgeneral-regs-only -fPIE -fno-ident -Wall -Wextra -O2 -Iinclude/nexus -Idrivers -Idrivers/bus -Idrivers/graphics -Idrivers/graphics/framebuffer -Idrivers/graphics/gpu -Idrivers/graphics/gpu/amd -Idrivers/graphics/gpu/intel -Idrivers/graphics/gpu/nvidia -Idrivers/hardware -Idrivers/hardware/cpu -Idrivers/hardware/pic -Idrivers/input -Idrivers/input/core -Idrivers/input/keyboard -Idrivers/input/mouse -Idrivers/network -Idrivers/network/e1000 -Idrivers/storage -Idrivers/timer -Idrivers/usb -Ifs -Ifs/gpt -Ifs/vfs -Ifs/vfs/core -Ifs/vfs/mount -Ifs/vfs/registry -Igui -Igui/apps -Igui/apps/files -Igui/apps/settings -Igui/apps/terminal -Igui/core -Igui/desktop -Igui/input -Igui/renderer -Igui/search -Igui/window -Ikernel -Ikernel/arch -Ikernel/arch/x86_64 -Ikernel/bootmode -Ikernel/core -Ikernel/core/events -Ikernel/core/ipc -Ikernel/core/module -Ikernel/core/network -Ikernel/core/process -Ikernel/core/runtime -Ikernel/core/scheduler -Ikernel/core/sync -Ikernel/core/syscall -Ikernel/core/usermode -Ikernel/mm -Ilib -Ilib/memory -Iplatform -Iplatform/target -Ishell -Ishell/commands -Ishell/commands/filesystem -Ishell/commands/system -Ishell/commands/utilities -Ishell/core -Isystem -Isystem/apps -Isystem/config -Isystem/core -Isystem/desktop -Isystem/gui -Isystem/services -Isystem/services/app_manager -Isystem/services/font -Isystem/services/package_manager -Isystem/services/power -Isystem/services/session -Isystem/services/system_info -Iassets/fonts -MMD -MP -c shell/commands/filesystem/diff.c -o build/shell/commands/filesystem/diff.o
cc -ffreestanding -fno-stack-protector -fno-stack-check -mno-red-zone -mno-sse -mno-sse2 -mno-mmx -mgeneral-regs-only -fPIE -fno-ident -Wall -Wextra -O2 -Iinclude/nexus -Idrivers -Idrivers/bus -Idrivers/graphics -Idrivers/graphics/framebuffer -Idrivers/graphics/gpu -Idrivers/graphics/gpu/amd -Idrivers/graphics/gpu/intel -Idrivers/graphics/gpu/nvidia -Idrivers/hardware -Idrivers/hardware/cpu -Idrivers/hardware/pic -Idrivers/input -Idrivers/input/core -Idrivers/input/keyboard -Idrivers/input/mouse -Idrivers/network -Idrivers/network/e1000 -Idrivers/storage -Idrivers/timer -Idrivers/usb -Ifs -Ifs/gpt -Ifs/vfs -Ifs/vfs/core -Ifs/vfs/mount -Ifs/vfs/registry -Igui -Igui/apps -Igui/apps/files -Igui/apps/settings -Igui/apps/terminal -Igui/core -Igui/desktop -Igui/input -Igui/renderer -Igui/search -Igui/window -Ikernel -Ikernel/arch -Ikernel/arch/x86_64 -Ikernel/bootmode -Ikernel/core -Ikernel/core/events -Ikernel/core/ipc -Ikernel/core/module -Ikernel/core/network -Ikernel/core/process -Ikernel/core/runtime -Ikernel/core/scheduler -Ikernel/core/sync -Ikernel/core/syscall -Ikernel/core/usermode -Ikernel/mm -Ilib -Ilib/memory -Iplatform -Iplatform/target -Ishell -Ishell/commands -Ishell/commands/filesystem -Ishell/commands/system -Ishell/commands/utilities -Ishell/core -Isystem -Isystem/apps -Isystem/config -Isystem/core -Isystem/desktop -Isystem/gui -Isystem/services -Isystem/services/app_manager -Isystem/services/font -Isystem/services/package_manager -Isystem/services/power -Isystem/services/session -Isystem/services/system_info -Iassets/fonts -MMD -MP -c shell/commands/filesystem/du.c -o build/shell/commands/filesystem/du.o
cc -ffreestanding -fno-stack-protector -fno-stack-check -mno-red-zone -mno-sse -mno-sse2 -mno-mmx -mgeneral-regs-only -fPIE -fno-ident -Wall -Wextra -O2 -Iinclude/nexus -Idrivers -Idrivers/bus -Idrivers/graphics -Idrivers/graphics/framebuffer -Idrivers/graphics/gpu -Idrivers/graphics/gpu/amd -Idrivers/graphics/gpu/intel -Idrivers/graphics/gpu/nvidia -Idrivers/hardware -Idrivers/hardware/cpu -Idrivers/hardware/pic -Idrivers/input -Idrivers/input/core -Idrivers/input/keyboard -Idrivers/input/mouse -Idrivers/network -Idrivers/network/e1000 -Idrivers/storage -Idrivers/timer -Idrivers/usb -Ifs -Ifs/gpt -Ifs/vfs -Ifs/vfs/core -Ifs/vfs/mount -Ifs/vfs/registry -Igui -Igui/apps -Igui/apps/files -Igui/apps/settings -Igui/apps/terminal -Igui/core -Igui/desktop -Igui/input -Igui/renderer -Igui/search -Igui/window -Ikernel -Ikernel/arch -Ikernel/arch/x86_64 -Ikernel/bootmode -Ikernel/core -Ikernel/core/events -Ikernel/core/ipc -Ikernel/core/module -Ikernel/core/network -Ikernel/core/process -Ikernel/core/runtime -Ikernel/core/scheduler -Ikernel/core/sync -Ikernel/core/syscall -Ikernel/core/usermode -Ikernel/mm -Ilib -Ilib/memory -Iplatform -Iplatform/target -Ishell -Ishell/commands -Ishell/commands/filesystem -Ishell/commands/system -Ishell/commands/utilities -Ishell/core -Isystem -Isystem/apps -Isystem/config -Isystem/core -Isystem/desktop -Isystem/gui -Isystem/services -Isystem/services/app_manager -Isystem/services/font -Isystem/services/package_manager -Isystem/services/power -Isystem/services/session -Isystem/services/system_info -Iassets/fonts -MMD -MP -c shell/commands/filesystem/find.c -o build/shell/commands/filesystem/find.o
cc -ffreestanding -fno-stack-protector -fno-stack-check -mno-red-zone -mno-sse -mno-sse2 -mno-mmx -mgeneral-regs-only -fPIE -fno-ident -Wall -Wextra -O2 -Iinclude/nexus -Idrivers -Idrivers/bus -Idrivers/graphics -Idrivers/graphics/framebuffer -Idrivers/graphics/gpu -Idrivers/graphics/gpu/amd -Idrivers/graphics/gpu/intel -Idrivers/graphics/gpu/nvidia -Idrivers/hardware -Idrivers/hardware/cpu -Idrivers/hardware/pic -Idrivers/input -Idrivers/input/core -Idrivers/input/keyboard -Idrivers/input/mouse -Idrivers/network -Idrivers/network/e1000 -Idrivers/storage -Idrivers/timer -Idrivers/usb -Ifs -Ifs/gpt -Ifs/vfs -Ifs/vfs/core -Ifs/vfs/mount -Ifs/vfs/registry -Igui -Igui/apps -Igui/apps/files -Igui/apps/settings -Igui/apps/terminal -Igui/core -Igui/desktop -Igui/input -Igui/renderer -Igui/search -Igui/window -Ikernel -Ikernel/arch -Ikernel/arch/x86_64 -Ikernel/bootmode -Ikernel/core -Ikernel/core/events -Ikernel/core/ipc -Ikernel/core/module -Ikernel/core/network -Ikernel/core/process -Ikernel/core/runtime -Ikernel/core/scheduler -Ikernel/core/sync -Ikernel/core/syscall -Ikernel/core/usermode -Ikernel/mm -Ilib -Ilib/memory -Iplatform -Iplatform/target -Ishell -Ishell/commands -Ishell/commands/filesystem -Ishell/commands/system -Ishell/commands/utilities -Ishell/core -Isystem -Isystem/apps -Isystem/config -Isystem/core -Isystem/desktop -Isystem/gui -Isystem/services -Isystem/services/app_manager -Isystem/services/font -Isystem/services/package_manager -Isystem/services/power -Isystem/services/session -Isystem/services/system_info -Iassets/fonts -MMD -MP -c shell/commands/filesystem/grep.c -o build/shell/commands/filesystem/grep.o
cc -ffreestanding -fno-stack-protector -fno-stack-check -mno-red-zone -mno-sse -mno-sse2 -mno-mmx -mgeneral-regs-only -fPIE -fno-ident -Wall -Wextra -O2 -Iinclude/nexus -Idrivers -Idrivers/bus -Idrivers/graphics -Idrivers/graphics/framebuffer -Idrivers/graphics/gpu -Idrivers/graphics/gpu/amd -Idrivers/graphics/gpu/intel -Idrivers/graphics/gpu/nvidia -Idrivers/hardware -Idrivers/hardware/cpu -Idrivers/hardware/pic -Idrivers/input -Idrivers/input/core -Idrivers/input/keyboard -Idrivers/input/mouse -Idrivers/network -Idrivers/network/e1000 -Idrivers/storage -Idrivers/timer -Idrivers/usb -Ifs -Ifs/gpt -Ifs/vfs -Ifs/vfs/core -Ifs/vfs/mount -Ifs/vfs/registry -Igui -Igui/apps -Igui/apps/files -Igui/apps/settings -Igui/apps/terminal -Igui/core -Igui/desktop -Igui/input -Igui/renderer -Igui/search -Igui/window -Ikernel -Ikernel/arch -Ikernel/arch/x86_64 -Ikernel/bootmode -Ikernel/core -Ikernel/core/events -Ikernel/core/ipc -Ikernel/core/module -Ikernel/core/network -Ikernel/core/process -Ikernel/core/runtime -Ikernel/core/scheduler -Ikernel/core/sync -Ikernel/core/syscall -Ikernel/core/usermode -Ikernel/mm -Ilib -Ilib/memory -Iplatform -Iplatform/target -Ishell -Ishell/commands -Ishell/commands/filesystem -Ishell/commands/system -Ishell/commands/utilities -Ishell/core -Isystem -Isystem/apps -Isystem/config -Isystem/core -Isystem/desktop -Isystem/gui -Isystem/services -Isystem/services/app_manager -Isystem/services/font -Isystem/services/package_manager -Isystem/services/power -Isystem/services/session -Isystem/services/system_info -Iassets/fonts -MMD -MP -c shell/commands/filesystem/head.c -o build/shell/commands/filesystem/head.o
cc -ffreestanding -fno-stack-protector -fno-stack-check -mno-red-zone -mno-sse -mno-sse2 -mno-mmx -mgeneral-regs-only -fPIE -fno-ident -Wall -Wextra -O2 -Iinclude/nexus -Idrivers -Idrivers/bus -Idrivers/graphics -Idrivers/graphics/framebuffer -Idrivers/graphics/gpu -Idrivers/graphics/gpu/amd -Idrivers/graphics/gpu/intel -Idrivers/graphics/gpu/nvidia -Idrivers/hardware -Idrivers/hardware/cpu -Idrivers/hardware/pic -Idrivers/input -Idrivers/input/core -Idrivers/input/keyboard -Idrivers/input/mouse -Idrivers/network -Idrivers/network/e1000 -Idrivers/storage -Idrivers/timer -Idrivers/usb -Ifs -Ifs/gpt -Ifs/vfs -Ifs/vfs/core -Ifs/vfs/mount -Ifs/vfs/registry -Igui -Igui/apps -Igui/apps/files -Igui/apps/settings -Igui/apps/terminal -Igui/core -Igui/desktop -Igui/input -Igui/renderer -Igui/search -Igui/window -Ikernel -Ikernel/arch -Ikernel/arch/x86_64 -Ikernel/bootmode -Ikernel/core -Ikernel/core/events -Ikernel/core/ipc -Ikernel/core/module -Ikernel/core/network -Ikernel/core/process -Ikernel/core/runtime -Ikernel/core/scheduler -Ikernel/core/sync -Ikernel/core/syscall -Ikernel/core/usermode -Ikernel/mm -Ilib -Ilib/memory -Iplatform -Iplatform/target -Ishell -Ishell/commands -Ishell/commands/filesystem -Ishell/commands/system -Ishell/commands/utilities -Ishell/core -Isystem -Isystem/apps -Isystem/config -Isystem/core -Isystem/desktop -Isystem/gui -Isystem/services -Isystem/services/app_manager -Isystem/services/font -Isystem/services/package_manager -Isystem/services/power -Isystem/services/session -Isystem/services/system_info -Iassets/fonts -MMD -MP -c shell/commands/filesystem/less.c -o build/shell/commands/filesystem/less.o
cc -ffreestanding -fno-stack-protector -fno-stack-check -mno-red-zone -mno-sse -mno-sse2 -mno-mmx -mgeneral-regs-only -fPIE -fno-ident -Wall -Wextra -O2 -Iinclude/nexus -Idrivers -Idrivers/bus -Idrivers/graphics -Idrivers/graphics/framebuffer -Idrivers/graphics/gpu -Idrivers/graphics/gpu/amd -Idrivers/graphics/gpu/intel -Idrivers/graphics/gpu/nvidia -Idrivers/hardware -Idrivers/hardware/cpu -Idrivers/hardware/pic -Idrivers/input -Idrivers/input/core -Idrivers/input/keyboard -Idrivers/input/mouse -Idrivers/network -Idrivers/network/e1000 -Idrivers/storage -Idrivers/timer -Idrivers/usb -Ifs -Ifs/gpt -Ifs/vfs -Ifs/vfs/core -Ifs/vfs/mount -Ifs/vfs/registry -Igui -Igui/apps -Igui/apps/files -Igui/apps/settings -Igui/apps/terminal -Igui/core -Igui/desktop -Igui/input -Igui/renderer -Igui/search -Igui/window -Ikernel -Ikernel/arch -Ikernel/arch/x86_64 -Ikernel/bootmode -Ikernel/core -Ikernel/core/events -Ikernel/core/ipc -Ikernel/core/module -Ikernel/core/network -Ikernel/core/process -Ikernel/core/runtime -Ikernel/core/scheduler -Ikernel/core/sync -Ikernel/core/syscall -Ikernel/core/usermode -Ikernel/mm -Ilib -Ilib/memory -Iplatform -Iplatform/target -Ishell -Ishell/commands -Ishell/commands/filesystem -Ishell/commands/system -Ishell/commands/utilities -Ishell/core -Isystem -Isystem/apps -Isystem/config -Isystem/core -Isystem/desktop -Isystem/gui -Isystem/services -Isystem/services/app_manager -Isystem/services/font -Isystem/services/package_manager -Isystem/services/power -Isystem/services/session -Isystem/services/system_info -Iassets/fonts -MMD -MP -c shell/commands/filesystem/ls.c -o build/shell/commands/filesystem/ls.o
cc -ffreestanding -fno-stack-protector -fno-stack-check -mno-red-zone -mno-sse -mno-sse2 -mno-mmx -mgeneral-regs-only -fPIE -fno-ident -Wall -Wextra -O2 -Iinclude/nexus -Idrivers -Idrivers/bus -Idrivers/graphics -Idrivers/graphics/framebuffer -Idrivers/graphics/gpu -Idrivers/graphics/gpu/amd -Idrivers/graphics/gpu/intel -Idrivers/graphics/gpu/nvidia -Idrivers/hardware -Idrivers/hardware/cpu -Idrivers/hardware/pic -Idrivers/input -Idrivers/input/core -Idrivers/input/keyboard -Idrivers/input/mouse -Idrivers/network -Idrivers/network/e1000 -Idrivers/storage -Idrivers/timer -Idrivers/usb -Ifs -Ifs/gpt -Ifs/vfs -Ifs/vfs/core -Ifs/vfs/mount -Ifs/vfs/registry -Igui -Igui/apps -Igui/apps/files -Igui/apps/settings -Igui/apps/terminal -Igui/core -Igui/desktop -Igui/input -Igui/renderer -Igui/search -Igui/window -Ikernel -Ikernel/arch -Ikernel/arch/x86_64 -Ikernel/bootmode -Ikernel/core -Ikernel/core/events -Ikernel/core/ipc -Ikernel/core/module -Ikernel/core/network -Ikernel/core/process -Ikernel/core/runtime -Ikernel/core/scheduler -Ikernel/core/sync -Ikernel/core/syscall -Ikernel/core/usermode -Ikernel/mm -Ilib -Ilib/memory -Iplatform -Iplatform/target -Ishell -Ishell/commands -Ishell/commands/filesystem -Ishell/commands/system -Ishell/commands/utilities -Ishell/core -Isystem -Isystem/apps -Isystem/config -Isystem/core -Isystem/desktop -Isystem/gui -Isystem/services -Isystem/services/app_manager -Isystem/services/font -Isystem/services/package_manager -Isystem/services/power -Isystem/services/session -Isystem/services/system_info -Iassets/fonts -MMD -MP -c shell/commands/filesystem/mkdir.c -o build/shell/commands/filesystem/mkdir.o
cc -ffreestanding -fno-stack-protector -fno-stack-check -mno-red-zone -mno-sse -mno-sse2 -mno-mmx -mgeneral-regs-only -fPIE -fno-ident -Wall -Wextra -O2 -Iinclude/nexus -Idrivers -Idrivers/bus -Idrivers/graphics -Idrivers/graphics/framebuffer -Idrivers/graphics/gpu -Idrivers/graphics/gpu/amd -Idrivers/graphics/gpu/intel -Idrivers/graphics/gpu/nvidia -Idrivers/hardware -Idrivers/hardware/cpu -Idrivers/hardware/pic -Idrivers/input -Idrivers/input/core -Idrivers/input/keyboard -Idrivers/input/mouse -Idrivers/network -Idrivers/network/e1000 -Idrivers/storage -Idrivers/timer -Idrivers/usb -Ifs -Ifs/gpt -Ifs/vfs -Ifs/vfs/core -Ifs/vfs/mount -Ifs/vfs/registry -Igui -Igui/apps -Igui/apps/files -Igui/apps/settings -Igui/apps/terminal -Igui/core -Igui/desktop -Igui/input -Igui/renderer -Igui/search -Igui/window -Ikernel -Ikernel/arch -Ikernel/arch/x86_64 -Ikernel/bootmode -Ikernel/core -Ikernel/core/events -Ikernel/core/ipc -Ikernel/core/module -Ikernel/core/network -Ikernel/core/process -Ikernel/core/runtime -Ikernel/core/scheduler -Ikernel/core/sync -Ikernel/core/syscall -Ikernel/core/usermode -Ikernel/mm -Ilib -Ilib/memory -Iplatform -Iplatform/target -Ishell -Ishell/commands -Ishell/commands/filesystem -Ishell/commands/system -Ishell/commands/utilities -Ishell/core -Isystem -Isystem/apps -Isystem/config -Isystem/core -Isystem/desktop -Isystem/gui -Isystem/services -Isystem/services/app_manager -Isystem/services/font -Isystem/services/package_manager -Isystem/services/power -Isystem/services/session -Isystem/services/system_info -Iassets/fonts -MMD -MP -c shell/commands/filesystem/mv.c -o build/shell/commands/filesystem/mv.o
cc -ffreestanding -fno-stack-protector -fno-stack-check -mno-red-zone -mno-sse -mno-sse2 -mno-mmx -mgeneral-regs-only -fPIE -fno-ident -Wall -Wextra -O2 -Iinclude/nexus -Idrivers -Idrivers/bus -Idrivers/graphics -Idrivers/graphics/framebuffer -Idrivers/graphics/gpu -Idrivers/graphics/gpu/amd -Idrivers/graphics/gpu/intel -Idrivers/graphics/gpu/nvidia -Idrivers/hardware -Idrivers/hardware/cpu -Idrivers/hardware/pic -Idrivers/input -Idrivers/input/core -Idrivers/input/keyboard -Idrivers/input/mouse -Idrivers/network -Idrivers/network/e1000 -Idrivers/storage -Idrivers/timer -Idrivers/usb -Ifs -Ifs/gpt -Ifs/vfs -Ifs/vfs/core -Ifs/vfs/mount -Ifs/vfs/registry -Igui -Igui/apps -Igui/apps/files -Igui/apps/settings -Igui/apps/terminal -Igui/core -Igui/desktop -Igui/input -Igui/renderer -Igui/search -Igui/window -Ikernel -Ikernel/arch -Ikernel/arch/x86_64 -Ikernel/bootmode -Ikernel/core -Ikernel/core/events -Ikernel/core/ipc -Ikernel/core/module -Ikernel/core/network -Ikernel/core/process -Ikernel/core/runtime -Ikernel/core/scheduler -Ikernel/core/sync -Ikernel/core/syscall -Ikernel/core/usermode -Ikernel/mm -Ilib -Ilib/memory -Iplatform -Iplatform/target -Ishell -Ishell/commands -Ishell/commands/filesystem -Ishell/commands/system -Ishell/commands/utilities -Ishell/core -Isystem -Isystem/apps -Isystem/config -Isystem/core -Isystem/desktop -Isystem/gui -Isystem/services -Isystem/services/app_manager -Isystem/services/font -Isystem/services/package_manager -Isystem/services/power -Isystem/services/session -Isystem/services/system_info -Iassets/fonts -MMD -MP -c shell/commands/filesystem/pwd.c -o build/shell/commands/filesystem/pwd.o
cc -ffreestanding -fno-stack-protector -fno-stack-check -mno-red-zone -mno-sse -mno-sse2 -mno-mmx -mgeneral-regs-only -fPIE -fno-ident -Wall -Wextra -O2 -Iinclude/nexus -Idrivers -Idrivers/bus -Idrivers/graphics -Idrivers/graphics/framebuffer -Idrivers/graphics/gpu -Idrivers/graphics/gpu/amd -Idrivers/graphics/gpu/intel -Idrivers/graphics/gpu/nvidia -Idrivers/hardware -Idrivers/hardware/cpu -Idrivers/hardware/pic -Idrivers/input -Idrivers/input/core -Idrivers/input/keyboard -Idrivers/input/mouse -Idrivers/network -Idrivers/network/e1000 -Idrivers/storage -Idrivers/timer -Idrivers/usb -Ifs -Ifs/gpt -Ifs/vfs -Ifs/vfs/core -Ifs/vfs/mount -Ifs/vfs/registry -Igui -Igui/apps -Igui/apps/files -Igui/apps/settings -Igui/apps/terminal -Igui/core -Igui/desktop -Igui/input -Igui/renderer -Igui/search -Igui/window -Ikernel -Ikernel/arch -Ikernel/arch/x86_64 -Ikernel/bootmode -Ikernel/core -Ikernel/core/events -Ikernel/core/ipc -Ikernel/core/module -Ikernel/core/network -Ikernel/core/process -Ikernel/core/runtime -Ikernel/core/scheduler -Ikernel/core/sync -Ikernel/core/syscall -Ikernel/core/usermode -Ikernel/mm -Ilib -Ilib/memory -Iplatform -Iplatform/target -Ishell -Ishell/commands -Ishell/commands/filesystem -Ishell/commands/system -Ishell/commands/utilities -Ishell/core -Isystem -Isystem/apps -Isystem/config -Isystem/core -Isystem/desktop -Isystem/gui -Isystem/services -Isystem/services/app_manager -Isystem/services/font -Isystem/services/package_manager -Isystem/services/power -Isystem/services/session -Isystem/services/system_info -Iassets/fonts -MMD -MP -c shell/commands/filesystem/rm.c -o build/shell/commands/filesystem/rm.o
cc -ffreestanding -fno-stack-protector -fno-stack-check -mno-red-zone -mno-sse -mno-sse2 -mno-mmx -mgeneral-regs-only -fPIE -fno-ident -Wall -Wextra -O2 -Iinclude/nexus -Idrivers -Idrivers/bus -Idrivers/graphics -Idrivers/graphics/framebuffer -Idrivers/graphics/gpu -Idrivers/graphics/gpu/amd -Idrivers/graphics/gpu/intel -Idrivers/graphics/gpu/nvidia -Idrivers/hardware -Idrivers/hardware/cpu -Idrivers/hardware/pic -Idrivers/input -Idrivers/input/core -Idrivers/input/keyboard -Idrivers/input/mouse -Idrivers/network -Idrivers/network/e1000 -Idrivers/storage -Idrivers/timer -Idrivers/usb -Ifs -Ifs/gpt -Ifs/vfs -Ifs/vfs/core -Ifs/vfs/mount -Ifs/vfs/registry -Igui -Igui/apps -Igui/apps/files -Igui/apps/settings -Igui/apps/terminal -Igui/core -Igui/desktop -Igui/input -Igui/renderer -Igui/search -Igui/window -Ikernel -Ikernel/arch -Ikernel/arch/x86_64 -Ikernel/bootmode -Ikernel/core -Ikernel/core/events -Ikernel/core/ipc -Ikernel/core/module -Ikernel/core/network -Ikernel/core/process -Ikernel/core/runtime -Ikernel/core/scheduler -Ikernel/core/sync -Ikernel/core/syscall -Ikernel/core/usermode -Ikernel/mm -Ilib -Ilib/memory -Iplatform -Iplatform/target -Ishell -Ishell/commands -Ishell/commands/filesystem -Ishell/commands/system -Ishell/commands/utilities -Ishell/core -Isystem -Isystem/apps -Isystem/config -Isystem/core -Isystem/desktop -Isystem/gui -Isystem/services -Isystem/services/app_manager -Isystem/services/font -Isystem/services/package_manager -Isystem/services/power -Isystem/services/session -Isystem/services/system_info -Iassets/fonts -MMD -MP -c shell/commands/filesystem/rmdir.c -o build/shell/commands/filesystem/rmdir.o
cc -ffreestanding -fno-stack-protector -fno-stack-check -mno-red-zone -mno-sse -mno-sse2 -mno-mmx -mgeneral-regs-only -fPIE -fno-ident -Wall -Wextra -O2 -Iinclude/nexus -Idrivers -Idrivers/bus -Idrivers/graphics -Idrivers/graphics/framebuffer -Idrivers/graphics/gpu -Idrivers/graphics/gpu/amd -Idrivers/graphics/gpu/intel -Idrivers/graphics/gpu/nvidia -Idrivers/hardware -Idrivers/hardware/cpu -Idrivers/hardware/pic -Idrivers/input -Idrivers/input/core -Idrivers/input/keyboard -Idrivers/input/mouse -Idrivers/network -Idrivers/network/e1000 -Idrivers/storage -Idrivers/timer -Idrivers/usb -Ifs -Ifs/gpt -Ifs/vfs -Ifs/vfs/core -Ifs/vfs/mount -Ifs/vfs/registry -Igui -Igui/apps -Igui/apps/files -Igui/apps/settings -Igui/apps/terminal -Igui/core -Igui/desktop -Igui/input -Igui/renderer -Igui/search -Igui/window -Ikernel -Ikernel/arch -Ikernel/arch/x86_64 -Ikernel/bootmode -Ikernel/core -Ikernel/core/events -Ikernel/core/ipc -Ikernel/core/module -Ikernel/core/network -Ikernel/core/process -Ikernel/core/runtime -Ikernel/core/scheduler -Ikernel/core/sync -Ikernel/core/syscall -Ikernel/core/usermode -Ikernel/mm -Ilib -Ilib/memory -Iplatform -Iplatform/target -Ishell -Ishell/commands -Ishell/commands/filesystem -Ishell/commands/system -Ishell/commands/utilities -Ishell/core -Isystem -Isystem/apps -Isystem/config -Isystem/core -Isystem/desktop -Isystem/gui -Isystem/services -Isystem/services/app_manager -Isystem/services/font -Isystem/services/package_manager -Isystem/services/power -Isystem/services/session -Isystem/services/system_info -Iassets/fonts -MMD -MP -c shell/commands/filesystem/tail.c -o build/shell/commands/filesystem/tail.o
cc -ffreestanding -fno-stack-protector -fno-stack-check -mno-red-zone -mno-sse -mno-sse2 -mno-mmx -mgeneral-regs-only -fPIE -fno-ident -Wall -Wextra -O2 -Iinclude/nexus -Idrivers -Idrivers/bus -Idrivers/graphics -Idrivers/graphics/framebuffer -Idrivers/graphics/gpu -Idrivers/graphics/gpu/amd -Idrivers/graphics/gpu/intel -Idrivers/graphics/gpu/nvidia -Idrivers/hardware -Idrivers/hardware/cpu -Idrivers/hardware/pic -Idrivers/input -Idrivers/input/core -Idrivers/input/keyboard -Idrivers/input/mouse -Idrivers/network -Idrivers/network/e1000 -Idrivers/storage -Idrivers/timer -Idrivers/usb -Ifs -Ifs/gpt -Ifs/vfs -Ifs/vfs/core -Ifs/vfs/mount -Ifs/vfs/registry -Igui -Igui/apps -Igui/apps/files -Igui/apps/settings -Igui/apps/terminal -Igui/core -Igui/desktop -Igui/input -Igui/renderer -Igui/search -Igui/window -Ikernel -Ikernel/arch -Ikernel/arch/x86_64 -Ikernel/bootmode -Ikernel/core -Ikernel/core/events -Ikernel/core/ipc -Ikernel/core/module -Ikernel/core/network -Ikernel/core/process -Ikernel/core/runtime -Ikernel/core/scheduler -Ikernel/core/sync -Ikernel/core/syscall -Ikernel/core/usermode -Ikernel/mm -Ilib -Ilib/memory -Iplatform -Iplatform/target -Ishell -Ishell/commands -Ishell/commands/filesystem -Ishell/commands/system -Ishell/commands/utilities -Ishell/core -Isystem -Isystem/apps -Isystem/config -Isystem/core -Isystem/desktop -Isystem/gui -Isystem/services -Isystem/services/app_manager -Isystem/services/font -Isystem/services/package_manager -Isystem/services/power -Isystem/services/session -Isystem/services/system_info -Iassets/fonts -MMD -MP -c shell/commands/filesystem/touch.c -o build/shell/commands/filesystem/touch.o
cc -ffreestanding -fno-stack-protector -fno-stack-check -mno-red-zone -mno-sse -mno-sse2 -mno-mmx -mgeneral-regs-only -fPIE -fno-ident -Wall -Wextra -O2 -Iinclude/nexus -Idrivers -Idrivers/bus -Idrivers/graphics -Idrivers/graphics/framebuffer -Idrivers/graphics/gpu -Idrivers/graphics/gpu/amd -Idrivers/graphics/gpu/intel -Idrivers/graphics/gpu/nvidia -Idrivers/hardware -Idrivers/hardware/cpu -Idrivers/hardware/pic -Idrivers/input -Idrivers/input/core -Idrivers/input/keyboard -Idrivers/input/mouse -Idrivers/network -Idrivers/network/e1000 -Idrivers/storage -Idrivers/timer -Idrivers/usb -Ifs -Ifs/gpt -Ifs/vfs -Ifs/vfs/core -Ifs/vfs/mount -Ifs/vfs/registry -Igui -Igui/apps -Igui/apps/files -Igui/apps/settings -Igui/apps/terminal -Igui/core -Igui/desktop -Igui/input -Igui/renderer -Igui/search -Igui/window -Ikernel -Ikernel/arch -Ikernel/arch/x86_64 -Ikernel/bootmode -Ikernel/core -Ikernel/core/events -Ikernel/core/ipc -Ikernel/core/module -Ikernel/core/network -Ikernel/core/process -Ikernel/core/runtime -Ikernel/core/scheduler -Ikernel/core/sync -Ikernel/core/syscall -Ikernel/core/usermode -Ikernel/mm -Ilib -Ilib/memory -Iplatform -Iplatform/target -Ishell -Ishell/commands -Ishell/commands/filesystem -Ishell/commands/system -Ishell/commands/utilities -Ishell/core -Isystem -Isystem/apps -Isystem/config -Isystem/core -Isystem/desktop -Isystem/gui -Isystem/services -Isystem/services/app_manager -Isystem/services/font -Isystem/services/package_manager -Isystem/services/power -Isystem/services/session -Isystem/services/system_info -Iassets/fonts -MMD -MP -c shell/commands/filesystem/wc.c -o build/shell/commands/filesystem/wc.o
cc -ffreestanding -fno-stack-protector -fno-stack-check -mno-red-zone -mno-sse -mno-sse2 -mno-mmx -mgeneral-regs-only -fPIE -fno-ident -Wall -Wextra -O2 -Iinclude/nexus -Idrivers -Idrivers/bus -Idrivers/graphics -Idrivers/graphics/framebuffer -Idrivers/graphics/gpu -Idrivers/graphics/gpu/amd -Idrivers/graphics/gpu/intel -Idrivers/graphics/gpu/nvidia -Idrivers/hardware -Idrivers/hardware/cpu -Idrivers/hardware/pic -Idrivers/input -Idrivers/input/core -Idrivers/input/keyboard -Idrivers/input/mouse -Idrivers/network -Idrivers/network/e1000 -Idrivers/storage -Idrivers/timer -Idrivers/usb -Ifs -Ifs/gpt -Ifs/vfs -Ifs/vfs/core -Ifs/vfs/mount -Ifs/vfs/registry -Igui -Igui/apps -Igui/apps/files -Igui/apps/settings -Igui/apps/terminal -Igui/core -Igui/desktop -Igui/input -Igui/renderer -Igui/search -Igui/window -Ikernel -Ikernel/arch -Ikernel/arch/x86_64 -Ikernel/bootmode -Ikernel/core -Ikernel/core/events -Ikernel/core/ipc -Ikernel/core/module -Ikernel/core/network -Ikernel/core/process -Ikernel/core/runtime -Ikernel/core/scheduler -Ikernel/core/sync -Ikernel/core/syscall -Ikernel/core/usermode -Ikernel/mm -Ilib -Ilib/memory -Iplatform -Iplatform/target -Ishell -Ishell/commands -Ishell/commands/filesystem -Ishell/commands/system -Ishell/commands/utilities -Ishell/core -Isystem -Isystem/apps -Isystem/config -Isystem/core -Isystem/desktop -Isystem/gui -Isystem/services -Isystem/services/app_manager -Isystem/services/font -Isystem/services/package_manager -Isystem/services/power -Isystem/services/session -Isystem/services/system_info -Iassets/fonts -MMD -MP -c shell/commands/filesystem/write.c -o build/shell/commands/filesystem/write.o
cc -ffreestanding -fno-stack-protector -fno-stack-check -mno-red-zone -mno-sse -mno-sse2 -mno-mmx -mgeneral-regs-only -fPIE -fno-ident -Wall -Wextra -O2 -Iinclude/nexus -Idrivers -Idrivers/bus -Idrivers/graphics -Idrivers/graphics/framebuffer -Idrivers/graphics/gpu -Idrivers/graphics/gpu/amd -Idrivers/graphics/gpu/intel -Idrivers/graphics/gpu/nvidia -Idrivers/hardware -Idrivers/hardware/cpu -Idrivers/hardware/pic -Idrivers/input -Idrivers/input/core -Idrivers/input/keyboard -Idrivers/input/mouse -Idrivers/network -Idrivers/network/e1000 -Idrivers/storage -Idrivers/timer -Idrivers/usb -Ifs -Ifs/gpt -Ifs/vfs -Ifs/vfs/core -Ifs/vfs/mount -Ifs/vfs/registry -Igui -Igui/apps -Igui/apps/files -Igui/apps/settings -Igui/apps/terminal -Igui/core -Igui/desktop -Igui/input -Igui/renderer -Igui/search -Igui/window -Ikernel -Ikernel/arch -Ikernel/arch/x86_64 -Ikernel/bootmode -Ikernel/core -Ikernel/core/events -Ikernel/core/ipc -Ikernel/core/module -Ikernel/core/network -Ikernel/core/process -Ikernel/core/runtime -Ikernel/core/scheduler -Ikernel/core/sync -Ikernel/core/syscall -Ikernel/core/usermode -Ikernel/mm -Ilib -Ilib/memory -Iplatform -Iplatform/target -Ishell -Ishell/commands -Ishell/commands/filesystem -Ishell/commands/system -Ishell/commands/utilities -Ishell/core -Isystem -Isystem/apps -Isystem/config -Isystem/core -Isystem/desktop -Isystem/gui -Isystem/services -Isystem/services/app_manager -Isystem/services/font -Isystem/services/package_manager -Isystem/services/power -Isystem/services/session -Isystem/services/system_info -Iassets/fonts -MMD -MP -c shell/commands/system/about.c -o build/shell/commands/system/about.o
cc -ffreestanding -fno-stack-protector -fno-stack-check -mno-red-zone -mno-sse -mno-sse2 -mno-mmx -mgeneral-regs-only -fPIE -fno-ident -Wall -Wextra -O2 -Iinclude/nexus -Idrivers -Idrivers/bus -Idrivers/graphics -Idrivers/graphics/framebuffer -Idrivers/graphics/gpu -Idrivers/graphics/gpu/amd -Idrivers/graphics/gpu/intel -Idrivers/graphics/gpu/nvidia -Idrivers/hardware -Idrivers/hardware/cpu -Idrivers/hardware/pic -Idrivers/input -Idrivers/input/core -Idrivers/input/keyboard -Idrivers/input/mouse -Idrivers/network -Idrivers/network/e1000 -Idrivers/storage -Idrivers/timer -Idrivers/usb -Ifs -Ifs/gpt -Ifs/vfs -Ifs/vfs/core -Ifs/vfs/mount -Ifs/vfs/registry -Igui -Igui/apps -Igui/apps/files -Igui/apps/settings -Igui/apps/terminal -Igui/core -Igui/desktop -Igui/input -Igui/renderer -Igui/search -Igui/window -Ikernel -Ikernel/arch -Ikernel/arch/x86_64 -Ikernel/bootmode -Ikernel/core -Ikernel/core/events -Ikernel/core/ipc -Ikernel/core/module -Ikernel/core/network -Ikernel/core/process -Ikernel/core/runtime -Ikernel/core/scheduler -Ikernel/core/sync -Ikernel/core/syscall -Ikernel/core/usermode -Ikernel/mm -Ilib -Ilib/memory -Iplatform -Iplatform/target -Ishell -Ishell/commands -Ishell/commands/filesystem -Ishell/commands/system -Ishell/commands/utilities -Ishell/core -Isystem -Isystem/apps -Isystem/config -Isystem/core -Isystem/desktop -Isystem/gui -Isystem/services -Isystem/services/app_manager -Isystem/services/font -Isystem/services/package_manager -Isystem/services/power -Isystem/services/session -Isystem/services/system_info -Iassets/fonts -MMD -MP -c shell/commands/system/arch.c -o build/shell/commands/system/arch.o
cc -ffreestanding -fno-stack-protector -fno-stack-check -mno-red-zone -mno-sse -mno-sse2 -mno-mmx -mgeneral-regs-only -fPIE -fno-ident -Wall -Wextra -O2 -Iinclude/nexus -Idrivers -Idrivers/bus -Idrivers/graphics -Idrivers/graphics/framebuffer -Idrivers/graphics/gpu -Idrivers/graphics/gpu/amd -Idrivers/graphics/gpu/intel -Idrivers/graphics/gpu/nvidia -Idrivers/hardware -Idrivers/hardware/cpu -Idrivers/hardware/pic -Idrivers/input -Idrivers/input/core -Idrivers/input/keyboard -Idrivers/input/mouse -Idrivers/network -Idrivers/network/e1000 -Idrivers/storage -Idrivers/timer -Idrivers/usb -Ifs -Ifs/gpt -Ifs/vfs -Ifs/vfs/core -Ifs/vfs/mount -Ifs/vfs/registry -Igui -Igui/apps -Igui/apps/files -Igui/apps/settings -Igui/apps/terminal -Igui/core -Igui/desktop -Igui/input -Igui/renderer -Igui/search -Igui/window -Ikernel -Ikernel/arch -Ikernel/arch/x86_64 -Ikernel/bootmode -Ikernel/core -Ikernel/core/events -Ikernel/core/ipc -Ikernel/core/module -Ikernel/core/network -Ikernel/core/process -Ikernel/core/runtime -Ikernel/core/scheduler -Ikernel/core/sync -Ikernel/core/syscall -Ikernel/core/usermode -Ikernel/mm -Ilib -Ilib/memory -Iplatform -Iplatform/target -Ishell -Ishell/commands -Ishell/commands/filesystem -Ishell/commands/system -Ishell/commands/utilities -Ishell/core -Isystem -Isystem/apps -Isystem/config -Isystem/core -Isystem/desktop -Isystem/gui -Isystem/services -Isystem/services/app_manager -Isystem/services/font -Isystem/services/package_manager -Isystem/services/power -Isystem/services/session -Isystem/services/system_info -Iassets/fonts -MMD -MP -c shell/commands/system/beep.c -o build/shell/commands/system/beep.o
cc -ffreestanding -fno-stack-protector -fno-stack-check -mno-red-zone -mno-sse -mno-sse2 -mno-mmx -mgeneral-regs-only -fPIE -fno-ident -Wall -Wextra -O2 -Iinclude/nexus -Idrivers -Idrivers/bus -Idrivers/graphics -Idrivers/graphics/framebuffer -Idrivers/graphics/gpu -Idrivers/graphics/gpu/amd -Idrivers/graphics/gpu/intel -Idrivers/graphics/gpu/nvidia -Idrivers/hardware -Idrivers/hardware/cpu -Idrivers/hardware/pic -Idrivers/input -Idrivers/input/core -Idrivers/input/keyboard -Idrivers/input/mouse -Idrivers/network -Idrivers/network/e1000 -Idrivers/storage -Idrivers/timer -Idrivers/usb -Ifs -Ifs/gpt -Ifs/vfs -Ifs/vfs/core -Ifs/vfs/mount -Ifs/vfs/registry -Igui -Igui/apps -Igui/apps/files -Igui/apps/settings -Igui/apps/terminal -Igui/core -Igui/desktop -Igui/input -Igui/renderer -Igui/search -Igui/window -Ikernel -Ikernel/arch -Ikernel/arch/x86_64 -Ikernel/bootmode -Ikernel/core -Ikernel/core/events -Ikernel/core/ipc -Ikernel/core/module -Ikernel/core/network -Ikernel/core/process -Ikernel/core/runtime -Ikernel/core/scheduler -Ikernel/core/sync -Ikernel/core/syscall -Ikernel/core/usermode -Ikernel/mm -Ilib -Ilib/memory -Iplatform -Iplatform/target -Ishell -Ishell/commands -Ishell/commands/filesystem -Ishell/commands/system -Ishell/commands/utilities -Ishell/core -Isystem -Isystem/apps -Isystem/config -Isystem/core -Isystem/desktop -Isystem/gui -Isystem/services -Isystem/services/app_manager -Isystem/services/font -Isystem/services/package_manager -Isystem/services/power -Isystem/services/session -Isystem/services/system_info -Iassets/fonts -MMD -MP -c shell/commands/system/colors.c -o build/shell/commands/system/colors.o
cc -ffreestanding -fno-stack-protector -fno-stack-check -mno-red-zone -mno-sse -mno-sse2 -mno-mmx -mgeneral-regs-only -fPIE -fno-ident -Wall -Wextra -O2 -Iinclude/nexus -Idrivers -Idrivers/bus -Idrivers/graphics -Idrivers/graphics/framebuffer -Idrivers/graphics/gpu -Idrivers/graphics/gpu/amd -Idrivers/graphics/gpu/intel -Idrivers/graphics/gpu/nvidia -Idrivers/hardware -Idrivers/hardware/cpu -Idrivers/hardware/pic -Idrivers/input -Idrivers/input/core -Idrivers/input/keyboard -Idrivers/input/mouse -Idrivers/network -Idrivers/network/e1000 -Idrivers/storage -Idrivers/timer -Idrivers/usb -Ifs -Ifs/gpt -Ifs/vfs -Ifs/vfs/core -Ifs/vfs/mount -Ifs/vfs/registry -Igui -Igui/apps -Igui/apps/files -Igui/apps/settings -Igui/apps/terminal -Igui/core -Igui/desktop -Igui/input -Igui/renderer -Igui/search -Igui/window -Ikernel -Ikernel/arch -Ikernel/arch/x86_64 -Ikernel/bootmode -Ikernel/core -Ikernel/core/events -Ikernel/core/ipc -Ikernel/core/module -Ikernel/core/network -Ikernel/core/process -Ikernel/core/runtime -Ikernel/core/scheduler -Ikernel/core/sync -Ikernel/core/syscall -Ikernel/core/usermode -Ikernel/mm -Ilib -Ilib/memory -Iplatform -Iplatform/target -Ishell -Ishell/commands -Ishell/commands/filesystem -Ishell/commands/system -Ishell/commands/utilities -Ishell/core -Isystem -Isystem/apps -Isystem/config -Isystem/core -Isystem/desktop -Isystem/gui -Isystem/services -Isystem/services/app_manager -Isystem/services/font -Isystem/services/package_manager -Isystem/services/power -Isystem/services/session -Isystem/services/system_info -Iassets/fonts -MMD -MP -c shell/commands/system/date.c -o build/shell/commands/system/date.o
cc -ffreestanding -fno-stack-protector -fno-stack-check -mno-red-zone -mno-sse -mno-sse2 -mno-mmx -mgeneral-regs-only -fPIE -fno-ident -Wall -Wextra -O2 -Iinclude/nexus -Idrivers -Idrivers/bus -Idrivers/graphics -Idrivers/graphics/framebuffer -Idrivers/graphics/gpu -Idrivers/graphics/gpu/amd -Idrivers/graphics/gpu/intel -Idrivers/graphics/gpu/nvidia -Idrivers/hardware -Idrivers/hardware/cpu -Idrivers/hardware/pic -Idrivers/input -Idrivers/input/core -Idrivers/input/keyboard -Idrivers/input/mouse -Idrivers/network -Idrivers/network/e1000 -Idrivers/storage -Idrivers/timer -Idrivers/usb -Ifs -Ifs/gpt -Ifs/vfs -Ifs/vfs/core -Ifs/vfs/mount -Ifs/vfs/registry -Igui -Igui/apps -Igui/apps/files -Igui/apps/settings -Igui/apps/terminal -Igui/core -Igui/desktop -Igui/input -Igui/renderer -Igui/search -Igui/window -Ikernel -Ikernel/arch -Ikernel/arch/x86_64 -Ikernel/bootmode -Ikernel/core -Ikernel/core/events -Ikernel/core/ipc -Ikernel/core/module -Ikernel/core/network -Ikernel/core/process -Ikernel/core/runtime -Ikernel/core/scheduler -Ikernel/core/sync -Ikernel/core/syscall -Ikernel/core/usermode -Ikernel/mm -Ilib -Ilib/memory -Iplatform -Iplatform/target -Ishell -Ishell/commands -Ishell/commands/filesystem -Ishell/commands/system -Ishell/commands/utilities -Ishell/core -Isystem -Isystem/apps -Isystem/config -Isystem/core -Isystem/desktop -Isystem/gui -Isystem/services -Isystem/services/app_manager -Isystem/services/font -Isystem/services/package_manager -Isystem/services/power -Isystem/services/session -Isystem/services/system_info -Iassets/fonts -MMD -MP -c shell/commands/system/diskcat.c -o build/shell/commands/system/diskcat.o
cc -ffreestanding -fno-stack-protector -fno-stack-check -mno-red-zone -mno-sse -mno-sse2 -mno-mmx -mgeneral-regs-only -fPIE -fno-ident -Wall -Wextra -O2 -Iinclude/nexus -Idrivers -Idrivers/bus -Idrivers/graphics -Idrivers/graphics/framebuffer -Idrivers/graphics/gpu -Idrivers/graphics/gpu/amd -Idrivers/graphics/gpu/intel -Idrivers/graphics/gpu/nvidia -Idrivers/hardware -Idrivers/hardware/cpu -Idrivers/hardware/pic -Idrivers/input -Idrivers/input/core -Idrivers/input/keyboard -Idrivers/input/mouse -Idrivers/network -Idrivers/network/e1000 -Idrivers/storage -Idrivers/timer -Idrivers/usb -Ifs -Ifs/gpt -Ifs/vfs -Ifs/vfs/core -Ifs/vfs/mount -Ifs/vfs/registry -Igui -Igui/apps -Igui/apps/files -Igui/apps/settings -Igui/apps/terminal -Igui/core -Igui/desktop -Igui/input -Igui/renderer -Igui/search -Igui/window -Ikernel -Ikernel/arch -Ikernel/arch/x86_64 -Ikernel/bootmode -Ikernel/core -Ikernel/core/events -Ikernel/core/ipc -Ikernel/core/module -Ikernel/core/network -Ikernel/core/process -Ikernel/core/runtime -Ikernel/core/scheduler -Ikernel/core/sync -Ikernel/core/syscall -Ikernel/core/usermode -Ikernel/mm -Ilib -Ilib/memory -Iplatform -Iplatform/target -Ishell -Ishell/commands -Ishell/commands/filesystem -Ishell/commands/system -Ishell/commands/utilities -Ishell/core -Isystem -Isystem/apps -Isystem/config -Isystem/core -Isystem/desktop -Isystem/gui -Isystem/services -Isystem/services/app_manager -Isystem/services/font -Isystem/services/package_manager -Isystem/services/power -Isystem/services/session -Isystem/services/system_info -Iassets/fonts -MMD -MP -c shell/commands/system/diskls.c -o build/shell/commands/system/diskls.o
cc -ffreestanding -fno-stack-protector -fno-stack-check -mno-red-zone -mno-sse -mno-sse2 -mno-mmx -mgeneral-regs-only -fPIE -fno-ident -Wall -Wextra -O2 -Iinclude/nexus -Idrivers -Idrivers/bus -Idrivers/graphics -Idrivers/graphics/framebuffer -Idrivers/graphics/gpu -Idrivers/graphics/gpu/amd -Idrivers/graphics/gpu/intel -Idrivers/graphics/gpu/nvidia -Idrivers/hardware -Idrivers/hardware/cpu -Idrivers/hardware/pic -Idrivers/input -Idrivers/input/core -Idrivers/input/keyboard -Idrivers/input/mouse -Idrivers/network -Idrivers/network/e1000 -Idrivers/storage -Idrivers/timer -Idrivers/usb -Ifs -Ifs/gpt -Ifs/vfs -Ifs/vfs/core -Ifs/vfs/mount -Ifs/vfs/registry -Igui -Igui/apps -Igui/apps/files -Igui/apps/settings -Igui/apps/terminal -Igui/core -Igui/desktop -Igui/input -Igui/renderer -Igui/search -Igui/window -Ikernel -Ikernel/arch -Ikernel/arch/x86_64 -Ikernel/bootmode -Ikernel/core -Ikernel/core/events -Ikernel/core/ipc -Ikernel/core/module -Ikernel/core/network -Ikernel/core/process -Ikernel/core/runtime -Ikernel/core/scheduler -Ikernel/core/sync -Ikernel/core/syscall -Ikernel/core/usermode -Ikernel/mm -Ilib -Ilib/memory -Iplatform -Iplatform/target -Ishell -Ishell/commands -Ishell/commands/filesystem -Ishell/commands/system -Ishell/commands/utilities -Ishell/core -Isystem -Isystem/apps -Isystem/config -Isystem/core -Isystem/desktop -Isystem/gui -Isystem/services -Isystem/services/app_manager -Isystem/services/font -Isystem/services/package_manager -Isystem/services/power -Isystem/services/session -Isystem/services/system_info -Iassets/fonts -MMD -MP -c shell/commands/system/fontinfo.c -o build/shell/commands/system/fontinfo.o
cc -ffreestanding -fno-stack-protector -fno-stack-check -mno-red-zone -mno-sse -mno-sse2 -mno-mmx -mgeneral-regs-only -fPIE -fno-ident -Wall -Wextra -O2 -Iinclude/nexus -Idrivers -Idrivers/bus -Idrivers/graphics -Idrivers/graphics/framebuffer -Idrivers/graphics/gpu -Idrivers/graphics/gpu/amd -Idrivers/graphics/gpu/intel -Idrivers/graphics/gpu/nvidia -Idrivers/hardware -Idrivers/hardware/cpu -Idrivers/hardware/pic -Idrivers/input -Idrivers/input/core -Idrivers/input/keyboard -Idrivers/input/mouse -Idrivers/network -Idrivers/network/e1000 -Idrivers/storage -Idrivers/timer -Idrivers/usb -Ifs -Ifs/gpt -Ifs/vfs -Ifs/vfs/core -Ifs/vfs/mount -Ifs/vfs/registry -Igui -Igui/apps -Igui/apps/files -Igui/apps/settings -Igui/apps/terminal -Igui/core -Igui/desktop -Igui/input -Igui/renderer -Igui/search -Igui/window -Ikernel -Ikernel/arch -Ikernel/arch/x86_64 -Ikernel/bootmode -Ikernel/core -Ikernel/core/events -Ikernel/core/ipc -Ikernel/core/module -Ikernel/core/network -Ikernel/core/process -Ikernel/core/runtime -Ikernel/core/scheduler -Ikernel/core/sync -Ikernel/core/syscall -Ikernel/core/usermode -Ikernel/mm -Ilib -Ilib/memory -Iplatform -Iplatform/target -Ishell -Ishell/commands -Ishell/commands/filesystem -Ishell/commands/system -Ishell/commands/utilities -Ishell/core -Isystem -Isystem/apps -Isystem/config -Isystem/core -Isystem/desktop -Isystem/gui -Isystem/services -Isystem/services/app_manager -Isystem/services/font -Isystem/services/package_manager -Isystem/services/power -Isystem/services/session -Isystem/services/system_info -Iassets/fonts -MMD -MP -c shell/commands/system/free.c -o build/shell/commands/system/free.o
cc -ffreestanding -fno-stack-protector -fno-stack-check -mno-red-zone -mno-sse -mno-sse2 -mno-mmx -mgeneral-regs-only -fPIE -fno-ident -Wall -Wextra -O2 -Iinclude/nexus -Idrivers -Idrivers/bus -Idrivers/graphics -Idrivers/graphics/framebuffer -Idrivers/graphics/gpu -Idrivers/graphics/gpu/amd -Idrivers/graphics/gpu/intel -Idrivers/graphics/gpu/nvidia -Idrivers/hardware -Idrivers/hardware/cpu -Idrivers/hardware/pic -Idrivers/input -Idrivers/input/core -Idrivers/input/keyboard -Idrivers/input/mouse -Idrivers/network -Idrivers/network/e1000 -Idrivers/storage -Idrivers/timer -Idrivers/usb -Ifs -Ifs/gpt -Ifs/vfs -Ifs/vfs/core -Ifs/vfs/mount -Ifs/vfs/registry -Igui -Igui/apps -Igui/apps/files -Igui/apps/settings -Igui/apps/terminal -Igui/core -Igui/desktop -Igui/input -Igui/renderer -Igui/search -Igui/window -Ikernel -Ikernel/arch -Ikernel/arch/x86_64 -Ikernel/bootmode -Ikernel/core -Ikernel/core/events -Ikernel/core/ipc -Ikernel/core/module -Ikernel/core/network -Ikernel/core/process -Ikernel/core/runtime -Ikernel/core/scheduler -Ikernel/core/sync -Ikernel/core/syscall -Ikernel/core/usermode -Ikernel/mm -Ilib -Ilib/memory -Iplatform -Iplatform/target -Ishell -Ishell/commands -Ishell/commands/filesystem -Ishell/commands/system -Ishell/commands/utilities -Ishell/core -Isystem -Isystem/apps -Isystem/config -Isystem/core -Isystem/desktop -Isystem/gui -Isystem/services -Isystem/services/app_manager -Isystem/services/font -Isystem/services/package_manager -Isystem/services/power -Isystem/services/session -Isystem/services/system_info -Iassets/fonts -MMD -MP -c shell/commands/system/gpuinfo.c -o build/shell/commands/system/gpuinfo.o
cc -ffreestanding -fno-stack-protector -fno-stack-check -mno-red-zone -mno-sse -mno-sse2 -mno-mmx -mgeneral-regs-only -fPIE -fno-ident -Wall -Wextra -O2 -Iinclude/nexus -Idrivers -Idrivers/bus -Idrivers/graphics -Idrivers/graphics/framebuffer -Idrivers/graphics/gpu -Idrivers/graphics/gpu/amd -Idrivers/graphics/gpu/intel -Idrivers/graphics/gpu/nvidia -Idrivers/hardware -Idrivers/hardware/cpu -Idrivers/hardware/pic -Idrivers/input -Idrivers/input/core -Idrivers/input/keyboard -Idrivers/input/mouse -Idrivers/network -Idrivers/network/e1000 -Idrivers/storage -Idrivers/timer -Idrivers/usb -Ifs -Ifs/gpt -Ifs/vfs -Ifs/vfs/core -Ifs/vfs/mount -Ifs/vfs/registry -Igui -Igui/apps -Igui/apps/files -Igui/apps/settings -Igui/apps/terminal -Igui/core -Igui/desktop -Igui/input -Igui/renderer -Igui/search -Igui/window -Ikernel -Ikernel/arch -Ikernel/arch/x86_64 -Ikernel/bootmode -Ikernel/core -Ikernel/core/events -Ikernel/core/ipc -Ikernel/core/module -Ikernel/core/network -Ikernel/core/process -Ikernel/core/runtime -Ikernel/core/scheduler -Ikernel/core/sync -Ikernel/core/syscall -Ikernel/core/usermode -Ikernel/mm -Ilib -Ilib/memory -Iplatform -Iplatform/target -Ishell -Ishell/commands -Ishell/commands/filesystem -Ishell/commands/system -Ishell/commands/utilities -Ishell/core -Isystem -Isystem/apps -Isystem/config -Isystem/core -Isystem/desktop -Isystem/gui -Isystem/services -Isystem/services/app_manager -Isystem/services/font -Isystem/services/package_manager -Isystem/services/power -Isystem/services/session -Isystem/services/system_info -Iassets/fonts -MMD -MP -c shell/commands/system/halt.c -o build/shell/commands/system/halt.o
cc -ffreestanding -fno-stack-protector -fno-stack-check -mno-red-zone -mno-sse -mno-sse2 -mno-mmx -mgeneral-regs-only -fPIE -fno-ident -Wall -Wextra -O2 -Iinclude/nexus -Idrivers -Idrivers/bus -Idrivers/graphics -Idrivers/graphics/framebuffer -Idrivers/graphics/gpu -Idrivers/graphics/gpu/amd -Idrivers/graphics/gpu/intel -Idrivers/graphics/gpu/nvidia -Idrivers/hardware -Idrivers/hardware/cpu -Idrivers/hardware/pic -Idrivers/input -Idrivers/input/core -Idrivers/input/keyboard -Idrivers/input/mouse -Idrivers/network -Idrivers/network/e1000 -Idrivers/storage -Idrivers/timer -Idrivers/usb -Ifs -Ifs/gpt -Ifs/vfs -Ifs/vfs/core -Ifs/vfs/mount -Ifs/vfs/registry -Igui -Igui/apps -Igui/apps/files -Igui/apps/settings -Igui/apps/terminal -Igui/core -Igui/desktop -Igui/input -Igui/renderer -Igui/search -Igui/window -Ikernel -Ikernel/arch -Ikernel/arch/x86_64 -Ikernel/bootmode -Ikernel/core -Ikernel/core/events -Ikernel/core/ipc -Ikernel/core/module -Ikernel/core/network -Ikernel/core/process -Ikernel/core/runtime -Ikernel/core/scheduler -Ikernel/core/sync -Ikernel/core/syscall -Ikernel/core/usermode -Ikernel/mm -Ilib -Ilib/memory -Iplatform -Iplatform/target -Ishell -Ishell/commands -Ishell/commands/filesystem -Ishell/commands/system -Ishell/commands/utilities -Ishell/core -Isystem -Isystem/apps -Isystem/config -Isystem/core -Isystem/desktop -Isystem/gui -Isystem/services -Isystem/services/app_manager -Isystem/services/font -Isystem/services/package_manager -Isystem/services/power -Isystem/services/session -Isystem/services/system_info -Iassets/fonts -MMD -MP -c shell/commands/system/hardware.c -o build/shell/commands/system/hardware.o
cc -ffreestanding -fno-stack-protector -fno-stack-check -mno-red-zone -mno-sse -mno-sse2 -mno-mmx -mgeneral-regs-only -fPIE -fno-ident -Wall -Wextra -O2 -Iinclude/nexus -Idrivers -Idrivers/bus -Idrivers/graphics -Idrivers/graphics/framebuffer -Idrivers/graphics/gpu -Idrivers/graphics/gpu/amd -Idrivers/graphics/gpu/intel -Idrivers/graphics/gpu/nvidia -Idrivers/hardware -Idrivers/hardware/cpu -Idrivers/hardware/pic -Idrivers/input -Idrivers/input/core -Idrivers/input/keyboard -Idrivers/input/mouse -Idrivers/network -Idrivers/network/e1000 -Idrivers/storage -Idrivers/timer -Idrivers/usb -Ifs -Ifs/gpt -Ifs/vfs -Ifs/vfs/core -Ifs/vfs/mount -Ifs/vfs/registry -Igui -Igui/apps -Igui/apps/files -Igui/apps/settings -Igui/apps/terminal -Igui/core -Igui/desktop -Igui/input -Igui/renderer -Igui/search -Igui/window -Ikernel -Ikernel/arch -Ikernel/arch/x86_64 -Ikernel/bootmode -Ikernel/core -Ikernel/core/events -Ikernel/core/ipc -Ikernel/core/module -Ikernel/core/network -Ikernel/core/process -Ikernel/core/runtime -Ikernel/core/scheduler -Ikernel/core/sync -Ikernel/core/syscall -Ikernel/core/usermode -Ikernel/mm -Ilib -Ilib/memory -Iplatform -Iplatform/target -Ishell -Ishell/commands -Ishell/commands/filesystem -Ishell/commands/system -Ishell/commands/utilities -Ishell/core -Isystem -Isystem/apps -Isystem/config -Isystem/core -Isystem/desktop -Isystem/gui -Isystem/services -Isystem/services/app_manager -Isystem/services/font -Isystem/services/package_manager -Isystem/services/power -Isystem/services/session -Isystem/services/system_info -Iassets/fonts -MMD -MP -c shell/commands/system/hostname.c -o build/shell/commands/system/hostname.o
cc -ffreestanding -fno-stack-protector -fno-stack-check -mno-red-zone -mno-sse -mno-sse2 -mno-mmx -mgeneral-regs-only -fPIE -fno-ident -Wall -Wextra -O2 -Iinclude/nexus -Idrivers -Idrivers/bus -Idrivers/graphics -Idrivers/graphics/framebuffer -Idrivers/graphics/gpu -Idrivers/graphics/gpu/amd -Idrivers/graphics/gpu/intel -Idrivers/graphics/gpu/nvidia -Idrivers/hardware -Idrivers/hardware/cpu -Idrivers/hardware/pic -Idrivers/input -Idrivers/input/core -Idrivers/input/keyboard -Idrivers/input/mouse -Idrivers/network -Idrivers/network/e1000 -Idrivers/storage -Idrivers/timer -Idrivers/usb -Ifs -Ifs/gpt -Ifs/vfs -Ifs/vfs/core -Ifs/vfs/mount -Ifs/vfs/registry -Igui -Igui/apps -Igui/apps/files -Igui/apps/settings -Igui/apps/terminal -Igui/core -Igui/desktop -Igui/input -Igui/renderer -Igui/search -Igui/window -Ikernel -Ikernel/arch -Ikernel/arch/x86_64 -Ikernel/bootmode -Ikernel/core -Ikernel/core/events -Ikernel/core/ipc -Ikernel/core/module -Ikernel/core/network -Ikernel/core/process -Ikernel/core/runtime -Ikernel/core/scheduler -Ikernel/core/sync -Ikernel/core/syscall -Ikernel/core/usermode -Ikernel/mm -Ilib -Ilib/memory -Iplatform -Iplatform/target -Ishell -Ishell/commands -Ishell/commands/filesystem -Ishell/commands/system -Ishell/commands/utilities -Ishell/core -Isystem -Isystem/apps -Isystem/config -Isystem/core -Isystem/desktop -Isystem/gui -Isystem/services -Isystem/services/app_manager -Isystem/services/font -Isystem/services/package_manager -Isystem/services/power -Isystem/services/session -Isystem/services/system_info -Iassets/fonts -MMD -MP -c shell/commands/system/inputinfo.c -o build/shell/commands/system/inputinfo.o
cc -ffreestanding -fno-stack-protector -fno-stack-check -mno-red-zone -mno-sse -mno-sse2 -mno-mmx -mgeneral-regs-only -fPIE -fno-ident -Wall -Wextra -O2 -Iinclude/nexus -Idrivers -Idrivers/bus -Idrivers/graphics -Idrivers/graphics/framebuffer -Idrivers/graphics/gpu -Idrivers/graphics/gpu/amd -Idrivers/graphics/gpu/intel -Idrivers/graphics/gpu/nvidia -Idrivers/hardware -Idrivers/hardware/cpu -Idrivers/hardware/pic -Idrivers/input -Idrivers/input/core -Idrivers/input/keyboard -Idrivers/input/mouse -Idrivers/network -Idrivers/network/e1000 -Idrivers/storage -Idrivers/timer -Idrivers/usb -Ifs -Ifs/gpt -Ifs/vfs -Ifs/vfs/core -Ifs/vfs/mount -Ifs/vfs/registry -Igui -Igui/apps -Igui/apps/files -Igui/apps/settings -Igui/apps/terminal -Igui/core -Igui/desktop -Igui/input -Igui/renderer -Igui/search -Igui/window -Ikernel -Ikernel/arch -Ikernel/arch/x86_64 -Ikernel/bootmode -Ikernel/core -Ikernel/core/events -Ikernel/core/ipc -Ikernel/core/module -Ikernel/core/network -Ikernel/core/process -Ikernel/core/runtime -Ikernel/core/scheduler -Ikernel/core/sync -Ikernel/core/syscall -Ikernel/core/usermode -Ikernel/mm -Ilib -Ilib/memory -Iplatform -Iplatform/target -Ishell -Ishell/commands -Ishell/commands/filesystem -Ishell/commands/system -Ishell/commands/utilities -Ishell/core -Isystem -Isystem/apps -Isystem/config -Isystem/core -Isystem/desktop -Isystem/gui -Isystem/services -Isystem/services/app_manager -Isystem/services/font -Isystem/services/package_manager -Isystem/services/power -Isystem/services/session -Isystem/services/system_info -Iassets/fonts -MMD -MP -c shell/commands/system/lspci.c -o build/shell/commands/system/lspci.o
cc -ffreestanding -fno-stack-protector -fno-stack-check -mno-red-zone -mno-sse -mno-sse2 -mno-mmx -mgeneral-regs-only -fPIE -fno-ident -Wall -Wextra -O2 -Iinclude/nexus -Idrivers -Idrivers/bus -Idrivers/graphics -Idrivers/graphics/framebuffer -Idrivers/graphics/gpu -Idrivers/graphics/gpu/amd -Idrivers/graphics/gpu/intel -Idrivers/graphics/gpu/nvidia -Idrivers/hardware -Idrivers/hardware/cpu -Idrivers/hardware/pic -Idrivers/input -Idrivers/input/core -Idrivers/input/keyboard -Idrivers/input/mouse -Idrivers/network -Idrivers/network/e1000 -Idrivers/storage -Idrivers/timer -Idrivers/usb -Ifs -Ifs/gpt -Ifs/vfs -Ifs/vfs/core -Ifs/vfs/mount -Ifs/vfs/registry -Igui -Igui/apps -Igui/apps/files -Igui/apps/settings -Igui/apps/terminal -Igui/core -Igui/desktop -Igui/input -Igui/renderer -Igui/search -Igui/window -Ikernel -Ikernel/arch -Ikernel/arch/x86_64 -Ikernel/bootmode -Ikernel/core -Ikernel/core/events -Ikernel/core/ipc -Ikernel/core/module -Ikernel/core/network -Ikernel/core/process -Ikernel/core/runtime -Ikernel/core/scheduler -Ikernel/core/sync -Ikernel/core/syscall -Ikernel/core/usermode -Ikernel/mm -Ilib -Ilib/memory -Iplatform -Iplatform/target -Ishell -Ishell/commands -Ishell/commands/filesystem -Ishell/commands/system -Ishell/commands/utilities -Ishell/core -Isystem -Isystem/apps -Isystem/config -Isystem/core -Isystem/desktop -Isystem/gui -Isystem/services -Isystem/services/app_manager -Isystem/services/font -Isystem/services/package_manager -Isystem/services/power -Isystem/services/session -Isystem/services/system_info -Iassets/fonts -MMD -MP -c shell/commands/system/meminfo.c -o build/shell/commands/system/meminfo.o
cc -ffreestanding -fno-stack-protector -fno-stack-check -mno-red-zone -mno-sse -mno-sse2 -mno-mmx -mgeneral-regs-only -fPIE -fno-ident -Wall -Wextra -O2 -Iinclude/nexus -Idrivers -Idrivers/bus -Idrivers/graphics -Idrivers/graphics/framebuffer -Idrivers/graphics/gpu -Idrivers/graphics/gpu/amd -Idrivers/graphics/gpu/intel -Idrivers/graphics/gpu/nvidia -Idrivers/hardware -Idrivers/hardware/cpu -Idrivers/hardware/pic -Idrivers/input -Idrivers/input/core -Idrivers/input/keyboard -Idrivers/input/mouse -Idrivers/network -Idrivers/network/e1000 -Idrivers/storage -Idrivers/timer -Idrivers/usb -Ifs -Ifs/gpt -Ifs/vfs -Ifs/vfs/core -Ifs/vfs/mount -Ifs/vfs/registry -Igui -Igui/apps -Igui/apps/files -Igui/apps/settings -Igui/apps/terminal -Igui/core -Igui/desktop -Igui/input -Igui/renderer -Igui/search -Igui/window -Ikernel -Ikernel/arch -Ikernel/arch/x86_64 -Ikernel/bootmode -Ikernel/core -Ikernel/core/events -Ikernel/core/ipc -Ikernel/core/module -Ikernel/core/network -Ikernel/core/process -Ikernel/core/runtime -Ikernel/core/scheduler -Ikernel/core/sync -Ikernel/core/syscall -Ikernel/core/usermode -Ikernel/mm -Ilib -Ilib/memory -Iplatform -Iplatform/target -Ishell -Ishell/commands -Ishell/commands/filesystem -Ishell/commands/system -Ishell/commands/utilities -Ishell/core -Isystem -Isystem/apps -Isystem/config -Isystem/core -Isystem/desktop -Isystem/gui -Isystem/services -Isystem/services/app_manager -Isystem/services/font -Isystem/services/package_manager -Isystem/services/power -Isystem/services/session -Isystem/services/system_info -Iassets/fonts -MMD -MP -c shell/commands/system/modules.c -o build/shell/commands/system/modules.o
cc -ffreestanding -fno-stack-protector -fno-stack-check -mno-red-zone -mno-sse -mno-sse2 -mno-mmx -mgeneral-regs-only -fPIE -fno-ident -Wall -Wextra -O2 -Iinclude/nexus -Idrivers -Idrivers/bus -Idrivers/graphics -Idrivers/graphics/framebuffer -Idrivers/graphics/gpu -Idrivers/graphics/gpu/amd -Idrivers/graphics/gpu/intel -Idrivers/graphics/gpu/nvidia -Idrivers/hardware -Idrivers/hardware/cpu -Idrivers/hardware/pic -Idrivers/input -Idrivers/input/core -Idrivers/input/keyboard -Idrivers/input/mouse -Idrivers/network -Idrivers/network/e1000 -Idrivers/storage -Idrivers/timer -Idrivers/usb -Ifs -Ifs/gpt -Ifs/vfs -Ifs/vfs/core -Ifs/vfs/mount -Ifs/vfs/registry -Igui -Igui/apps -Igui/apps/files -Igui/apps/settings -Igui/apps/terminal -Igui/core -Igui/desktop -Igui/input -Igui/renderer -Igui/search -Igui/window -Ikernel -Ikernel/arch -Ikernel/arch/x86_64 -Ikernel/bootmode -Ikernel/core -Ikernel/core/events -Ikernel/core/ipc -Ikernel/core/module -Ikernel/core/network -Ikernel/core/process -Ikernel/core/runtime -Ikernel/core/scheduler -Ikernel/core/sync -Ikernel/core/syscall -Ikernel/core/usermode -Ikernel/mm -Ilib -Ilib/memory -Iplatform -Iplatform/target -Ishell -Ishell/commands -Ishell/commands/filesystem -Ishell/commands/system -Ishell/commands/utilities -Ishell/core -Isystem -Isystem/apps -Isystem/config -Isystem/core -Isystem/desktop -Isystem/gui -Isystem/services -Isystem/services/app_manager -Isystem/services/font -Isystem/services/package_manager -Isystem/services/power -Isystem/services/session -Isystem/services/system_info -Iassets/fonts -MMD -MP -c shell/commands/system/neofetch.c -o build/shell/commands/system/neofetch.o
cc -ffreestanding -fno-stack-protector -fno-stack-check -mno-red-zone -mno-sse -mno-sse2 -mno-mmx -mgeneral-regs-only -fPIE -fno-ident -Wall -Wextra -O2 -Iinclude/nexus -Idrivers -Idrivers/bus -Idrivers/graphics -Idrivers/graphics/framebuffer -Idrivers/graphics/gpu -Idrivers/graphics/gpu/amd -Idrivers/graphics/gpu/intel -Idrivers/graphics/gpu/nvidia -Idrivers/hardware -Idrivers/hardware/cpu -Idrivers/hardware/pic -Idrivers/input -Idrivers/input/core -Idrivers/input/keyboard -Idrivers/input/mouse -Idrivers/network -Idrivers/network/e1000 -Idrivers/storage -Idrivers/timer -Idrivers/usb -Ifs -Ifs/gpt -Ifs/vfs -Ifs/vfs/core -Ifs/vfs/mount -Ifs/vfs/registry -Igui -Igui/apps -Igui/apps/files -Igui/apps/settings -Igui/apps/terminal -Igui/core -Igui/desktop -Igui/input -Igui/renderer -Igui/search -Igui/window -Ikernel -Ikernel/arch -Ikernel/arch/x86_64 -Ikernel/bootmode -Ikernel/core -Ikernel/core/events -Ikernel/core/ipc -Ikernel/core/module -Ikernel/core/network -Ikernel/core/process -Ikernel/core/runtime -Ikernel/core/scheduler -Ikernel/core/sync -Ikernel/core/syscall -Ikernel/core/usermode -Ikernel/mm -Ilib -Ilib/memory -Iplatform -Iplatform/target -Ishell -Ishell/commands -Ishell/commands/filesystem -Ishell/commands/system -Ishell/commands/utilities -Ishell/core -Isystem -Isystem/apps -Isystem/config -Isystem/core -Isystem/desktop -Isystem/gui -Isystem/services -Isystem/services/app_manager -Isystem/services/font -Isystem/services/package_manager -Isystem/services/power -Isystem/services/session -Isystem/services/system_info -Iassets/fonts -MMD -MP -c shell/commands/system/ps.c -o build/shell/commands/system/ps.o
cc -ffreestanding -fno-stack-protector -fno-stack-check -mno-red-zone -mno-sse -mno-sse2 -mno-mmx -mgeneral-regs-only -fPIE -fno-ident -Wall -Wextra -O2 -Iinclude/nexus -Idrivers -Idrivers/bus -Idrivers/graphics -Idrivers/graphics/framebuffer -Idrivers/graphics/gpu -Idrivers/graphics/gpu/amd -Idrivers/graphics/gpu/intel -Idrivers/graphics/gpu/nvidia -Idrivers/hardware -Idrivers/hardware/cpu -Idrivers/hardware/pic -Idrivers/input -Idrivers/input/core -Idrivers/input/keyboard -Idrivers/input/mouse -Idrivers/network -Idrivers/network/e1000 -Idrivers/storage -Idrivers/timer -Idrivers/usb -Ifs -Ifs/gpt -Ifs/vfs -Ifs/vfs/core -Ifs/vfs/mount -Ifs/vfs/registry -Igui -Igui/apps -Igui/apps/files -Igui/apps/settings -Igui/apps/terminal -Igui/core -Igui/desktop -Igui/input -Igui/renderer -Igui/search -Igui/window -Ikernel -Ikernel/arch -Ikernel/arch/x86_64 -Ikernel/bootmode -Ikernel/core -Ikernel/core/events -Ikernel/core/ipc -Ikernel/core/module -Ikernel/core/network -Ikernel/core/process -Ikernel/core/runtime -Ikernel/core/scheduler -Ikernel/core/sync -Ikernel/core/syscall -Ikernel/core/usermode -Ikernel/mm -Ilib -Ilib/memory -Iplatform -Iplatform/target -Ishell -Ishell/commands -Ishell/commands/filesystem -Ishell/commands/system -Ishell/commands/utilities -Ishell/core -Isystem -Isystem/apps -Isystem/config -Isystem/core -Isystem/desktop -Isystem/gui -Isystem/services -Isystem/services/app_manager -Isystem/services/font -Isystem/services/package_manager -Isystem/services/power -Isystem/services/session -Isystem/services/system_info -Iassets/fonts -MMD -MP -c shell/commands/system/reboot.c -o build/shell/commands/system/reboot.o
cc -ffreestanding -fno-stack-protector -fno-stack-check -mno-red-zone -mno-sse -mno-sse2 -mno-mmx -mgeneral-regs-only -fPIE -fno-ident -Wall -Wextra -O2 -Iinclude/nexus -Idrivers -Idrivers/bus -Idrivers/graphics -Idrivers/graphics/framebuffer -Idrivers/graphics/gpu -Idrivers/graphics/gpu/amd -Idrivers/graphics/gpu/intel -Idrivers/graphics/gpu/nvidia -Idrivers/hardware -Idrivers/hardware/cpu -Idrivers/hardware/pic -Idrivers/input -Idrivers/input/core -Idrivers/input/keyboard -Idrivers/input/mouse -Idrivers/network -Idrivers/network/e1000 -Idrivers/storage -Idrivers/timer -Idrivers/usb -Ifs -Ifs/gpt -Ifs/vfs -Ifs/vfs/core -Ifs/vfs/mount -Ifs/vfs/registry -Igui -Igui/apps -Igui/apps/files -Igui/apps/settings -Igui/apps/terminal -Igui/core -Igui/desktop -Igui/input -Igui/renderer -Igui/search -Igui/window -Ikernel -Ikernel/arch -Ikernel/arch/x86_64 -Ikernel/bootmode -Ikernel/core -Ikernel/core/events -Ikernel/core/ipc -Ikernel/core/module -Ikernel/core/network -Ikernel/core/process -Ikernel/core/runtime -Ikernel/core/scheduler -Ikernel/core/sync -Ikernel/core/syscall -Ikernel/core/usermode -Ikernel/mm -Ilib -Ilib/memory -Iplatform -Iplatform/target -Ishell -Ishell/commands -Ishell/commands/filesystem -Ishell/commands/system -Ishell/commands/utilities -Ishell/core -Isystem -Isystem/apps -Isystem/config -Isystem/core -Isystem/desktop -Isystem/gui -Isystem/services -Isystem/services/app_manager -Isystem/services/font -Isystem/services/package_manager -Isystem/services/power -Isystem/services/session -Isystem/services/system_info -Iassets/fonts -MMD -MP -c shell/commands/system/services.c -o build/shell/commands/system/services.o
cc -ffreestanding -fno-stack-protector -fno-stack-check -mno-red-zone -mno-sse -mno-sse2 -mno-mmx -mgeneral-regs-only -fPIE -fno-ident -Wall -Wextra -O2 -Iinclude/nexus -Idrivers -Idrivers/bus -Idrivers/graphics -Idrivers/graphics/framebuffer -Idrivers/graphics/gpu -Idrivers/graphics/gpu/amd -Idrivers/graphics/gpu/intel -Idrivers/graphics/gpu/nvidia -Idrivers/hardware -Idrivers/hardware/cpu -Idrivers/hardware/pic -Idrivers/input -Idrivers/input/core -Idrivers/input/keyboard -Idrivers/input/mouse -Idrivers/network -Idrivers/network/e1000 -Idrivers/storage -Idrivers/timer -Idrivers/usb -Ifs -Ifs/gpt -Ifs/vfs -Ifs/vfs/core -Ifs/vfs/mount -Ifs/vfs/registry -Igui -Igui/apps -Igui/apps/files -Igui/apps/settings -Igui/apps/terminal -Igui/core -Igui/desktop -Igui/input -Igui/renderer -Igui/search -Igui/window -Ikernel -Ikernel/arch -Ikernel/arch/x86_64 -Ikernel/bootmode -Ikernel/core -Ikernel/core/events -Ikernel/core/ipc -Ikernel/core/module -Ikernel/core/network -Ikernel/core/process -Ikernel/core/runtime -Ikernel/core/scheduler -Ikernel/core/sync -Ikernel/core/syscall -Ikernel/core/usermode -Ikernel/mm -Ilib -Ilib/memory -Iplatform -Iplatform/target -Ishell -Ishell/commands -Ishell/commands/filesystem -Ishell/commands/system -Ishell/commands/utilities -Ishell/core -Isystem -Isystem/apps -Isystem/config -Isystem/core -Isystem/desktop -Isystem/gui -Isystem/services -Isystem/services/app_manager -Isystem/services/font -Isystem/services/package_manager -Isystem/services/power -Isystem/services/session -Isystem/services/system_info -Iassets/fonts -MMD -MP -c shell/commands/system/shutdown.c -o build/shell/commands/system/shutdown.o
cc -ffreestanding -fno-stack-protector -fno-stack-check -mno-red-zone -mno-sse -mno-sse2 -mno-mmx -mgeneral-regs-only -fPIE -fno-ident -Wall -Wextra -O2 -Iinclude/nexus -Idrivers -Idrivers/bus -Idrivers/graphics -Idrivers/graphics/framebuffer -Idrivers/graphics/gpu -Idrivers/graphics/gpu/amd -Idrivers/graphics/gpu/intel -Idrivers/graphics/gpu/nvidia -Idrivers/hardware -Idrivers/hardware/cpu -Idrivers/hardware/pic -Idrivers/input -Idrivers/input/core -Idrivers/input/keyboard -Idrivers/input/mouse -Idrivers/network -Idrivers/network/e1000 -Idrivers/storage -Idrivers/timer -Idrivers/usb -Ifs -Ifs/gpt -Ifs/vfs -Ifs/vfs/core -Ifs/vfs/mount -Ifs/vfs/registry -Igui -Igui/apps -Igui/apps/files -Igui/apps/settings -Igui/apps/terminal -Igui/core -Igui/desktop -Igui/input -Igui/renderer -Igui/search -Igui/window -Ikernel -Ikernel/arch -Ikernel/arch/x86_64 -Ikernel/bootmode -Ikernel/core -Ikernel/core/events -Ikernel/core/ipc -Ikernel/core/module -Ikernel/core/network -Ikernel/core/process -Ikernel/core/runtime -Ikernel/core/scheduler -Ikernel/core/sync -Ikernel/core/syscall -Ikernel/core/usermode -Ikernel/mm -Ilib -Ilib/memory -Iplatform -Iplatform/target -Ishell -Ishell/commands -Ishell/commands/filesystem -Ishell/commands/system -Ishell/commands/utilities -Ishell/core -Isystem -Isystem/apps -Isystem/config -Isystem/core -Isystem/desktop -Isystem/gui -Isystem/services -Isystem/services/app_manager -Isystem/services/font -Isystem/services/package_manager -Isystem/services/power -Isystem/services/session -Isystem/services/system_info -Iassets/fonts -MMD -MP -c shell/commands/system/sysinfo.c -o build/shell/commands/system/sysinfo.o
cc -ffreestanding -fno-stack-protector -fno-stack-check -mno-red-zone -mno-sse -mno-sse2 -mno-mmx -mgeneral-regs-only -fPIE -fno-ident -Wall -Wextra -O2 -Iinclude/nexus -Idrivers -Idrivers/bus -Idrivers/graphics -Idrivers/graphics/framebuffer -Idrivers/graphics/gpu -Idrivers/graphics/gpu/amd -Idrivers/graphics/gpu/intel -Idrivers/graphics/gpu/nvidia -Idrivers/hardware -Idrivers/hardware/cpu -Idrivers/hardware/pic -Idrivers/input -Idrivers/input/core -Idrivers/input/keyboard -Idrivers/input/mouse -Idrivers/network -Idrivers/network/e1000 -Idrivers/storage -Idrivers/timer -Idrivers/usb -Ifs -Ifs/gpt -Ifs/vfs -Ifs/vfs/core -Ifs/vfs/mount -Ifs/vfs/registry -Igui -Igui/apps -Igui/apps/files -Igui/apps/settings -Igui/apps/terminal -Igui/core -Igui/desktop -Igui/input -Igui/renderer -Igui/search -Igui/window -Ikernel -Ikernel/arch -Ikernel/arch/x86_64 -Ikernel/bootmode -Ikernel/core -Ikernel/core/events -Ikernel/core/ipc -Ikernel/core/module -Ikernel/core/network -Ikernel/core/process -Ikernel/core/runtime -Ikernel/core/scheduler -Ikernel/core/sync -Ikernel/core/syscall -Ikernel/core/usermode -Ikernel/mm -Ilib -Ilib/memory -Iplatform -Iplatform/target -Ishell -Ishell/commands -Ishell/commands/filesystem -Ishell/commands/system -Ishell/commands/utilities -Ishell/core -Isystem -Isystem/apps -Isystem/config -Isystem/core -Isystem/desktop -Isystem/gui -Isystem/services -Isystem/services/app_manager -Isystem/services/font -Isystem/services/package_manager -Isystem/services/power -Isystem/services/session -Isystem/services/system_info -Iassets/fonts -MMD -MP -c shell/commands/system/uname.c -o build/shell/commands/system/uname.o
cc -ffreestanding -fno-stack-protector -fno-stack-check -mno-red-zone -mno-sse -mno-sse2 -mno-mmx -mgeneral-regs-only -fPIE -fno-ident -Wall -Wextra -O2 -Iinclude/nexus -Idrivers -Idrivers/bus -Idrivers/graphics -Idrivers/graphics/framebuffer -Idrivers/graphics/gpu -Idrivers/graphics/gpu/amd -Idrivers/graphics/gpu/intel -Idrivers/graphics/gpu/nvidia -Idrivers/hardware -Idrivers/hardware/cpu -Idrivers/hardware/pic -Idrivers/input -Idrivers/input/core -Idrivers/input/keyboard -Idrivers/input/mouse -Idrivers/network -Idrivers/network/e1000 -Idrivers/storage -Idrivers/timer -Idrivers/usb -Ifs -Ifs/gpt -Ifs/vfs -Ifs/vfs/core -Ifs/vfs/mount -Ifs/vfs/registry -Igui -Igui/apps -Igui/apps/files -Igui/apps/settings -Igui/apps/terminal -Igui/core -Igui/desktop -Igui/input -Igui/renderer -Igui/search -Igui/window -Ikernel -Ikernel/arch -Ikernel/arch/x86_64 -Ikernel/bootmode -Ikernel/core -Ikernel/core/events -Ikernel/core/ipc -Ikernel/core/module -Ikernel/core/network -Ikernel/core/process -Ikernel/core/runtime -Ikernel/core/scheduler -Ikernel/core/sync -Ikernel/core/syscall -Ikernel/core/usermode -Ikernel/mm -Ilib -Ilib/memory -Iplatform -Iplatform/target -Ishell -Ishell/commands -Ishell/commands/filesystem -Ishell/commands/system -Ishell/commands/utilities -Ishell/core -Isystem -Isystem/apps -Isystem/config -Isystem/core -Isystem/desktop -Isystem/gui -Isystem/services -Isystem/services/app_manager -Isystem/services/font -Isystem/services/package_manager -Isystem/services/power -Isystem/services/session -Isystem/services/system_info -Iassets/fonts -MMD -MP -c shell/commands/system/uptime.c -o build/shell/commands/system/uptime.o
cc -ffreestanding -fno-stack-protector -fno-stack-check -mno-red-zone -mno-sse -mno-sse2 -mno-mmx -mgeneral-regs-only -fPIE -fno-ident -Wall -Wextra -O2 -Iinclude/nexus -Idrivers -Idrivers/bus -Idrivers/graphics -Idrivers/graphics/framebuffer -Idrivers/graphics/gpu -Idrivers/graphics/gpu/amd -Idrivers/graphics/gpu/intel -Idrivers/graphics/gpu/nvidia -Idrivers/hardware -Idrivers/hardware/cpu -Idrivers/hardware/pic -Idrivers/input -Idrivers/input/core -Idrivers/input/keyboard -Idrivers/input/mouse -Idrivers/network -Idrivers/network/e1000 -Idrivers/storage -Idrivers/timer -Idrivers/usb -Ifs -Ifs/gpt -Ifs/vfs -Ifs/vfs/core -Ifs/vfs/mount -Ifs/vfs/registry -Igui -Igui/apps -Igui/apps/files -Igui/apps/settings -Igui/apps/terminal -Igui/core -Igui/desktop -Igui/input -Igui/renderer -Igui/search -Igui/window -Ikernel -Ikernel/arch -Ikernel/arch/x86_64 -Ikernel/bootmode -Ikernel/core -Ikernel/core/events -Ikernel/core/ipc -Ikernel/core/module -Ikernel/core/network -Ikernel/core/process -Ikernel/core/runtime -Ikernel/core/scheduler -Ikernel/core/sync -Ikernel/core/syscall -Ikernel/core/usermode -Ikernel/mm -Ilib -Ilib/memory -Iplatform -Iplatform/target -Ishell -Ishell/commands -Ishell/commands/filesystem -Ishell/commands/system -Ishell/commands/utilities -Ishell/core -Isystem -Isystem/apps -Isystem/config -Isystem/core -Isystem/desktop -Isystem/gui -Isystem/services -Isystem/services/app_manager -Isystem/services/font -Isystem/services/package_manager -Isystem/services/power -Isystem/services/session -Isystem/services/system_info -Iassets/fonts -MMD -MP -c shell/commands/system/version.c -o build/shell/commands/system/version.o
cc -ffreestanding -fno-stack-protector -fno-stack-check -mno-red-zone -mno-sse -mno-sse2 -mno-mmx -mgeneral-regs-only -fPIE -fno-ident -Wall -Wextra -O2 -Iinclude/nexus -Idrivers -Idrivers/bus -Idrivers/graphics -Idrivers/graphics/framebuffer -Idrivers/graphics/gpu -Idrivers/graphics/gpu/amd -Idrivers/graphics/gpu/intel -Idrivers/graphics/gpu/nvidia -Idrivers/hardware -Idrivers/hardware/cpu -Idrivers/hardware/pic -Idrivers/input -Idrivers/input/core -Idrivers/input/keyboard -Idrivers/input/mouse -Idrivers/network -Idrivers/network/e1000 -Idrivers/storage -Idrivers/timer -Idrivers/usb -Ifs -Ifs/gpt -Ifs/vfs -Ifs/vfs/core -Ifs/vfs/mount -Ifs/vfs/registry -Igui -Igui/apps -Igui/apps/files -Igui/apps/settings -Igui/apps/terminal -Igui/core -Igui/desktop -Igui/input -Igui/renderer -Igui/search -Igui/window -Ikernel -Ikernel/arch -Ikernel/arch/x86_64 -Ikernel/bootmode -Ikernel/core -Ikernel/core/events -Ikernel/core/ipc -Ikernel/core/module -Ikernel/core/network -Ikernel/core/process -Ikernel/core/runtime -Ikernel/core/scheduler -Ikernel/core/sync -Ikernel/core/syscall -Ikernel/core/usermode -Ikernel/mm -Ilib -Ilib/memory -Iplatform -Iplatform/target -Ishell -Ishell/commands -Ishell/commands/filesystem -Ishell/commands/system -Ishell/commands/utilities -Ishell/core -Isystem -Isystem/apps -Isystem/config -Isystem/core -Isystem/desktop -Isystem/gui -Isystem/services -Isystem/services/app_manager -Isystem/services/font -Isystem/services/package_manager -Isystem/services/power -Isystem/services/session -Isystem/services/system_info -Iassets/fonts -MMD -MP -c shell/commands/system/whoami.c -o build/shell/commands/system/whoami.o
cc -ffreestanding -fno-stack-protector -fno-stack-check -mno-red-zone -mno-sse -mno-sse2 -mno-mmx -mgeneral-regs-only -fPIE -fno-ident -Wall -Wextra -O2 -Iinclude/nexus -Idrivers -Idrivers/bus -Idrivers/graphics -Idrivers/graphics/framebuffer -Idrivers/graphics/gpu -Idrivers/graphics/gpu/amd -Idrivers/graphics/gpu/intel -Idrivers/graphics/gpu/nvidia -Idrivers/hardware -Idrivers/hardware/cpu -Idrivers/hardware/pic -Idrivers/input -Idrivers/input/core -Idrivers/input/keyboard -Idrivers/input/mouse -Idrivers/network -Idrivers/network/e1000 -Idrivers/storage -Idrivers/timer -Idrivers/usb -Ifs -Ifs/gpt -Ifs/vfs -Ifs/vfs/core -Ifs/vfs/mount -Ifs/vfs/registry -Igui -Igui/apps -Igui/apps/files -Igui/apps/settings -Igui/apps/terminal -Igui/core -Igui/desktop -Igui/input -Igui/renderer -Igui/search -Igui/window -Ikernel -Ikernel/arch -Ikernel/arch/x86_64 -Ikernel/bootmode -Ikernel/core -Ikernel/core/events -Ikernel/core/ipc -Ikernel/core/module -Ikernel/core/network -Ikernel/core/process -Ikernel/core/runtime -Ikernel/core/scheduler -Ikernel/core/sync -Ikernel/core/syscall -Ikernel/core/usermode -Ikernel/mm -Ilib -Ilib/memory -Iplatform -Iplatform/target -Ishell -Ishell/commands -Ishell/commands/filesystem -Ishell/commands/system -Ishell/commands/utilities -Ishell/core -Isystem -Isystem/apps -Isystem/config -Isystem/core -Isystem/desktop -Isystem/gui -Isystem/services -Isystem/services/app_manager -Isystem/services/font -Isystem/services/package_manager -Isystem/services/power -Isystem/services/session -Isystem/services/system_info -Iassets/fonts -MMD -MP -c shell/commands/utilities/calc.c -o build/shell/commands/utilities/calc.o
cc -ffreestanding -fno-stack-protector -fno-stack-check -mno-red-zone -mno-sse -mno-sse2 -mno-mmx -mgeneral-regs-only -fPIE -fno-ident -Wall -Wextra -O2 -Iinclude/nexus -Idrivers -Idrivers/bus -Idrivers/graphics -Idrivers/graphics/framebuffer -Idrivers/graphics/gpu -Idrivers/graphics/gpu/amd -Idrivers/graphics/gpu/intel -Idrivers/graphics/gpu/nvidia -Idrivers/hardware -Idrivers/hardware/cpu -Idrivers/hardware/pic -Idrivers/input -Idrivers/input/core -Idrivers/input/keyboard -Idrivers/input/mouse -Idrivers/network -Idrivers/network/e1000 -Idrivers/storage -Idrivers/timer -Idrivers/usb -Ifs -Ifs/gpt -Ifs/vfs -Ifs/vfs/core -Ifs/vfs/mount -Ifs/vfs/registry -Igui -Igui/apps -Igui/apps/files -Igui/apps/settings -Igui/apps/terminal -Igui/core -Igui/desktop -Igui/input -Igui/renderer -Igui/search -Igui/window -Ikernel -Ikernel/arch -Ikernel/arch/x86_64 -Ikernel/bootmode -Ikernel/core -Ikernel/core/events -Ikernel/core/ipc -Ikernel/core/module -Ikernel/core/network -Ikernel/core/process -Ikernel/core/runtime -Ikernel/core/scheduler -Ikernel/core/sync -Ikernel/core/syscall -Ikernel/core/usermode -Ikernel/mm -Ilib -Ilib/memory -Iplatform -Iplatform/target -Ishell -Ishell/commands -Ishell/commands/filesystem -Ishell/commands/system -Ishell/commands/utilities -Ishell/core -Isystem -Isystem/apps -Isystem/config -Isystem/core -Isystem/desktop -Isystem/gui -Isystem/services -Isystem/services/app_manager -Isystem/services/font -Isystem/services/package_manager -Isystem/services/power -Isystem/services/session -Isystem/services/system_info -Iassets/fonts -MMD -MP -c shell/commands/utilities/dec.c -o build/shell/commands/utilities/dec.o
cc -ffreestanding -fno-stack-protector -fno-stack-check -mno-red-zone -mno-sse -mno-sse2 -mno-mmx -mgeneral-regs-only -fPIE -fno-ident -Wall -Wextra -O2 -Iinclude/nexus -Idrivers -Idrivers/bus -Idrivers/graphics -Idrivers/graphics/framebuffer -Idrivers/graphics/gpu -Idrivers/graphics/gpu/amd -Idrivers/graphics/gpu/intel -Idrivers/graphics/gpu/nvidia -Idrivers/hardware -Idrivers/hardware/cpu -Idrivers/hardware/pic -Idrivers/input -Idrivers/input/core -Idrivers/input/keyboard -Idrivers/input/mouse -Idrivers/network -Idrivers/network/e1000 -Idrivers/storage -Idrivers/timer -Idrivers/usb -Ifs -Ifs/gpt -Ifs/vfs -Ifs/vfs/core -Ifs/vfs/mount -Ifs/vfs/registry -Igui -Igui/apps -Igui/apps/files -Igui/apps/settings -Igui/apps/terminal -Igui/core -Igui/desktop -Igui/input -Igui/renderer -Igui/search -Igui/window -Ikernel -Ikernel/arch -Ikernel/arch/x86_64 -Ikernel/bootmode -Ikernel/core -Ikernel/core/events -Ikernel/core/ipc -Ikernel/core/module -Ikernel/core/network -Ikernel/core/process -Ikernel/core/runtime -Ikernel/core/scheduler -Ikernel/core/sync -Ikernel/core/syscall -Ikernel/core/usermode -Ikernel/mm -Ilib -Ilib/memory -Iplatform -Iplatform/target -Ishell -Ishell/commands -Ishell/commands/filesystem -Ishell/commands/system -Ishell/commands/utilities -Ishell/core -Isystem -Isystem/apps -Isystem/config -Isystem/core -Isystem/desktop -Isystem/gui -Isystem/services -Isystem/services/app_manager -Isystem/services/font -Isystem/services/package_manager -Isystem/services/power -Isystem/services/session -Isystem/services/system_info -Iassets/fonts -MMD -MP -c shell/commands/utilities/echo.c -o build/shell/commands/utilities/echo.o
cc -ffreestanding -fno-stack-protector -fno-stack-check -mno-red-zone -mno-sse -mno-sse2 -mno-mmx -mgeneral-regs-only -fPIE -fno-ident -Wall -Wextra -O2 -Iinclude/nexus -Idrivers -Idrivers/bus -Idrivers/graphics -Idrivers/graphics/framebuffer -Idrivers/graphics/gpu -Idrivers/graphics/gpu/amd -Idrivers/graphics/gpu/intel -Idrivers/graphics/gpu/nvidia -Idrivers/hardware -Idrivers/hardware/cpu -Idrivers/hardware/pic -Idrivers/input -Idrivers/input/core -Idrivers/input/keyboard -Idrivers/input/mouse -Idrivers/network -Idrivers/network/e1000 -Idrivers/storage -Idrivers/timer -Idrivers/usb -Ifs -Ifs/gpt -Ifs/vfs -Ifs/vfs/core -Ifs/vfs/mount -Ifs/vfs/registry -Igui -Igui/apps -Igui/apps/files -Igui/apps/settings -Igui/apps/terminal -Igui/core -Igui/desktop -Igui/input -Igui/renderer -Igui/search -Igui/window -Ikernel -Ikernel/arch -Ikernel/arch/x86_64 -Ikernel/bootmode -Ikernel/core -Ikernel/core/events -Ikernel/core/ipc -Ikernel/core/module -Ikernel/core/network -Ikernel/core/process -Ikernel/core/runtime -Ikernel/core/scheduler -Ikernel/core/sync -Ikernel/core/syscall -Ikernel/core/usermode -Ikernel/mm -Ilib -Ilib/memory -Iplatform -Iplatform/target -Ishell -Ishell/commands -Ishell/commands/filesystem -Ishell/commands/system -Ishell/commands/utilities -Ishell/core -Isystem -Isystem/apps -Isystem/config -Isystem/core -Isystem/desktop -Isystem/gui -Isystem/services -Isystem/services/app_manager -Isystem/services/font -Isystem/services/package_manager -Isystem/services/power -Isystem/services/session -Isystem/services/system_info -Iassets/fonts -MMD -MP -c shell/commands/utilities/fib.c -o build/shell/commands/utilities/fib.o
cc -ffreestanding -fno-stack-protector -fno-stack-check -mno-red-zone -mno-sse -mno-sse2 -mno-mmx -mgeneral-regs-only -fPIE -fno-ident -Wall -Wextra -O2 -Iinclude/nexus -Idrivers -Idrivers/bus -Idrivers/graphics -Idrivers/graphics/framebuffer -Idrivers/graphics/gpu -Idrivers/graphics/gpu/amd -Idrivers/graphics/gpu/intel -Idrivers/graphics/gpu/nvidia -Idrivers/hardware -Idrivers/hardware/cpu -Idrivers/hardware/pic -Idrivers/input -Idrivers/input/core -Idrivers/input/keyboard -Idrivers/input/mouse -Idrivers/network -Idrivers/network/e1000 -Idrivers/storage -Idrivers/timer -Idrivers/usb -Ifs -Ifs/gpt -Ifs/vfs -Ifs/vfs/core -Ifs/vfs/mount -Ifs/vfs/registry -Igui -Igui/apps -Igui/apps/files -Igui/apps/settings -Igui/apps/terminal -Igui/core -Igui/desktop -Igui/input -Igui/renderer -Igui/search -Igui/window -Ikernel -Ikernel/arch -Ikernel/arch/x86_64 -Ikernel/bootmode -Ikernel/core -Ikernel/core/events -Ikernel/core/ipc -Ikernel/core/module -Ikernel/core/network -Ikernel/core/process -Ikernel/core/runtime -Ikernel/core/scheduler -Ikernel/core/sync -Ikernel/core/syscall -Ikernel/core/usermode -Ikernel/mm -Ilib -Ilib/memory -Iplatform -Iplatform/target -Ishell -Ishell/commands -Ishell/commands/filesystem -Ishell/commands/system -Ishell/commands/utilities -Ishell/core -Isystem -Isystem/apps -Isystem/config -Isystem/core -Isystem/desktop -Isystem/gui -Isystem/services -Isystem/services/app_manager -Isystem/services/font -Isystem/services/package_manager -Isystem/services/power -Isystem/services/session -Isystem/services/system_info -Iassets/fonts -MMD -MP -c shell/commands/utilities/hex.c -o build/shell/commands/utilities/hex.o
cc -ffreestanding -fno-stack-protector -fno-stack-check -mno-red-zone -mno-sse -mno-sse2 -mno-mmx -mgeneral-regs-only -fPIE -fno-ident -Wall -Wextra -O2 -Iinclude/nexus -Idrivers -Idrivers/bus -Idrivers/graphics -Idrivers/graphics/framebuffer -Idrivers/graphics/gpu -Idrivers/graphics/gpu/amd -Idrivers/graphics/gpu/intel -Idrivers/graphics/gpu/nvidia -Idrivers/hardware -Idrivers/hardware/cpu -Idrivers/hardware/pic -Idrivers/input -Idrivers/input/core -Idrivers/input/keyboard -Idrivers/input/mouse -Idrivers/network -Idrivers/network/e1000 -Idrivers/storage -Idrivers/timer -Idrivers/usb -Ifs -Ifs/gpt -Ifs/vfs -Ifs/vfs/core -Ifs/vfs/mount -Ifs/vfs/registry -Igui -Igui/apps -Igui/apps/files -Igui/apps/settings -Igui/apps/terminal -Igui/core -Igui/desktop -Igui/input -Igui/renderer -Igui/search -Igui/window -Ikernel -Ikernel/arch -Ikernel/arch/x86_64 -Ikernel/bootmode -Ikernel/core -Ikernel/core/events -Ikernel/core/ipc -Ikernel/core/module -Ikernel/core/network -Ikernel/core/process -Ikernel/core/runtime -Ikernel/core/scheduler -Ikernel/core/sync -Ikernel/core/syscall -Ikernel/core/usermode -Ikernel/mm -Ilib -Ilib/memory -Iplatform -Iplatform/target -Ishell -Ishell/commands -Ishell/commands/filesystem -Ishell/commands/system -Ishell/commands/utilities -Ishell/core -Isystem -Isystem/apps -Isystem/config -Isystem/core -Isystem/desktop -Isystem/gui -Isystem/services -Isystem/services/app_manager -Isystem/services/font -Isystem/services/package_manager -Isystem/services/power -Isystem/services/session -Isystem/services/system_info -Iassets/fonts -MMD -MP -c shell/commands/utilities/isprime.c -o build/shell/commands/utilities/isprime.o
cc -ffreestanding -fno-stack-protector -fno-stack-check -mno-red-zone -mno-sse -mno-sse2 -mno-mmx -mgeneral-regs-only -fPIE -fno-ident -Wall -Wextra -O2 -Iinclude/nexus -Idrivers -Idrivers/bus -Idrivers/graphics -Idrivers/graphics/framebuffer -Idrivers/graphics/gpu -Idrivers/graphics/gpu/amd -Idrivers/graphics/gpu/intel -Idrivers/graphics/gpu/nvidia -Idrivers/hardware -Idrivers/hardware/cpu -Idrivers/hardware/pic -Idrivers/input -Idrivers/input/core -Idrivers/input/keyboard -Idrivers/input/mouse -Idrivers/network -Idrivers/network/e1000 -Idrivers/storage -Idrivers/timer -Idrivers/usb -Ifs -Ifs/gpt -Ifs/vfs -Ifs/vfs/core -Ifs/vfs/mount -Ifs/vfs/registry -Igui -Igui/apps -Igui/apps/files -Igui/apps/settings -Igui/apps/terminal -Igui/core -Igui/desktop -Igui/input -Igui/renderer -Igui/search -Igui/window -Ikernel -Ikernel/arch -Ikernel/arch/x86_64 -Ikernel/bootmode -Ikernel/core -Ikernel/core/events -Ikernel/core/ipc -Ikernel/core/module -Ikernel/core/network -Ikernel/core/process -Ikernel/core/runtime -Ikernel/core/scheduler -Ikernel/core/sync -Ikernel/core/syscall -Ikernel/core/usermode -Ikernel/mm -Ilib -Ilib/memory -Iplatform -Iplatform/target -Ishell -Ishell/commands -Ishell/commands/filesystem -Ishell/commands/system -Ishell/commands/utilities -Ishell/core -Isystem -Isystem/apps -Isystem/config -Isystem/core -Isystem/desktop -Isystem/gui -Isystem/services -Isystem/services/app_manager -Isystem/services/font -Isystem/services/package_manager -Isystem/services/power -Isystem/services/session -Isystem/services/system_info -Iassets/fonts -MMD -MP -c shell/commands/utilities/len.c -o build/shell/commands/utilities/len.o
cc -ffreestanding -fno-stack-protector -fno-stack-check -mno-red-zone -mno-sse -mno-sse2 -mno-mmx -mgeneral-regs-only -fPIE -fno-ident -Wall -Wextra -O2 -Iinclude/nexus -Idrivers -Idrivers/bus -Idrivers/graphics -Idrivers/graphics/framebuffer -Idrivers/graphics/gpu -Idrivers/graphics/gpu/amd -Idrivers/graphics/gpu/intel -Idrivers/graphics/gpu/nvidia -Idrivers/hardware -Idrivers/hardware/cpu -Idrivers/hardware/pic -Idrivers/input -Idrivers/input/core -Idrivers/input/keyboard -Idrivers/input/mouse -Idrivers/network -Idrivers/network/e1000 -Idrivers/storage -Idrivers/timer -Idrivers/usb -Ifs -Ifs/gpt -Ifs/vfs -Ifs/vfs/core -Ifs/vfs/mount -Ifs/vfs/registry -Igui -Igui/apps -Igui/apps/files -Igui/apps/settings -Igui/apps/terminal -Igui/core -Igui/desktop -Igui/input -Igui/renderer -Igui/search -Igui/window -Ikernel -Ikernel/arch -Ikernel/arch/x86_64 -Ikernel/bootmode -Ikernel/core -Ikernel/core/events -Ikernel/core/ipc -Ikernel/core/module -Ikernel/core/network -Ikernel/core/process -Ikernel/core/runtime -Ikernel/core/scheduler -Ikernel/core/sync -Ikernel/core/syscall -Ikernel/core/usermode -Ikernel/mm -Ilib -Ilib/memory -Iplatform -Iplatform/target -Ishell -Ishell/commands -Ishell/commands/filesystem -Ishell/commands/system -Ishell/commands/utilities -Ishell/core -Isystem -Isystem/apps -Isystem/config -Isystem/core -Isystem/desktop -Isystem/gui -Isystem/services -Isystem/services/app_manager -Isystem/services/font -Isystem/services/package_manager -Isystem/services/power -Isystem/services/session -Isystem/services/system_info -Iassets/fonts -MMD -MP -c shell/commands/utilities/lower.c -o build/shell/commands/utilities/lower.o
cc -ffreestanding -fno-stack-protector -fno-stack-check -mno-red-zone -mno-sse -mno-sse2 -mno-mmx -mgeneral-regs-only -fPIE -fno-ident -Wall -Wextra -O2 -Iinclude/nexus -Idrivers -Idrivers/bus -Idrivers/graphics -Idrivers/graphics/framebuffer -Idrivers/graphics/gpu -Idrivers/graphics/gpu/amd -Idrivers/graphics/gpu/intel -Idrivers/graphics/gpu/nvidia -Idrivers/hardware -Idrivers/hardware/cpu -Idrivers/hardware/pic -Idrivers/input -Idrivers/input/core -Idrivers/input/keyboard -Idrivers/input/mouse -Idrivers/network -Idrivers/network/e1000 -Idrivers/storage -Idrivers/timer -Idrivers/usb -Ifs -Ifs/gpt -Ifs/vfs -Ifs/vfs/core -Ifs/vfs/mount -Ifs/vfs/registry -Igui -Igui/apps -Igui/apps/files -Igui/apps/settings -Igui/apps/terminal -Igui/core -Igui/desktop -Igui/input -Igui/renderer -Igui/search -Igui/window -Ikernel -Ikernel/arch -Ikernel/arch/x86_64 -Ikernel/bootmode -Ikernel/core -Ikernel/core/events -Ikernel/core/ipc -Ikernel/core/module -Ikernel/core/network -Ikernel/core/process -Ikernel/core/runtime -Ikernel/core/scheduler -Ikernel/core/sync -Ikernel/core/syscall -Ikernel/core/usermode -Ikernel/mm -Ilib -Ilib/memory -Iplatform -Iplatform/target -Ishell -Ishell/commands -Ishell/commands/filesystem -Ishell/commands/system -Ishell/commands/utilities -Ishell/core -Isystem -Isystem/apps -Isystem/config -Isystem/core -Isystem/desktop -Isystem/gui -Isystem/services -Isystem/services/app_manager -Isystem/services/font -Isystem/services/package_manager -Isystem/services/power -Isystem/services/session -Isystem/services/system_info -Iassets/fonts -MMD -MP -c shell/commands/utilities/man.c -o build/shell/commands/utilities/man.o
cc -ffreestanding -fno-stack-protector -fno-stack-check -mno-red-zone -mno-sse -mno-sse2 -mno-mmx -mgeneral-regs-only -fPIE -fno-ident -Wall -Wextra -O2 -Iinclude/nexus -Idrivers -Idrivers/bus -Idrivers/graphics -Idrivers/graphics/framebuffer -Idrivers/graphics/gpu -Idrivers/graphics/gpu/amd -Idrivers/graphics/gpu/intel -Idrivers/graphics/gpu/nvidia -Idrivers/hardware -Idrivers/hardware/cpu -Idrivers/hardware/pic -Idrivers/input -Idrivers/input/core -Idrivers/input/keyboard -Idrivers/input/mouse -Idrivers/network -Idrivers/network/e1000 -Idrivers/storage -Idrivers/timer -Idrivers/usb -Ifs -Ifs/gpt -Ifs/vfs -Ifs/vfs/core -Ifs/vfs/mount -Ifs/vfs/registry -Igui -Igui/apps -Igui/apps/files -Igui/apps/settings -Igui/apps/terminal -Igui/core -Igui/desktop -Igui/input -Igui/renderer -Igui/search -Igui/window -Ikernel -Ikernel/arch -Ikernel/arch/x86_64 -Ikernel/bootmode -Ikernel/core -Ikernel/core/events -Ikernel/core/ipc -Ikernel/core/module -Ikernel/core/network -Ikernel/core/process -Ikernel/core/runtime -Ikernel/core/scheduler -Ikernel/core/sync -Ikernel/core/syscall -Ikernel/core/usermode -Ikernel/mm -Ilib -Ilib/memory -Iplatform -Iplatform/target -Ishell -Ishell/commands -Ishell/commands/filesystem -Ishell/commands/system -Ishell/commands/utilities -Ishell/core -Isystem -Isystem/apps -Isystem/config -Isystem/core -Isystem/desktop -Isystem/gui -Isystem/services -Isystem/services/app_manager -Isystem/services/font -Isystem/services/package_manager -Isystem/services/power -Isystem/services/session -Isystem/services/system_info -Iassets/fonts -MMD -MP -c shell/commands/utilities/reverse.c -o build/shell/commands/utilities/reverse.o
cc -ffreestanding -fno-stack-protector -fno-stack-check -mno-red-zone -mno-sse -mno-sse2 -mno-mmx -mgeneral-regs-only -fPIE -fno-ident -Wall -Wextra -O2 -Iinclude/nexus -Idrivers -Idrivers/bus -Idrivers/graphics -Idrivers/graphics/framebuffer -Idrivers/graphics/gpu -Idrivers/graphics/gpu/amd -Idrivers/graphics/gpu/intel -Idrivers/graphics/gpu/nvidia -Idrivers/hardware -Idrivers/hardware/cpu -Idrivers/hardware/pic -Idrivers/input -Idrivers/input/core -Idrivers/input/keyboard -Idrivers/input/mouse -Idrivers/network -Idrivers/network/e1000 -Idrivers/storage -Idrivers/timer -Idrivers/usb -Ifs -Ifs/gpt -Ifs/vfs -Ifs/vfs/core -Ifs/vfs/mount -Ifs/vfs/registry -Igui -Igui/apps -Igui/apps/files -Igui/apps/settings -Igui/apps/terminal -Igui/core -Igui/desktop -Igui/input -Igui/renderer -Igui/search -Igui/window -Ikernel -Ikernel/arch -Ikernel/arch/x86_64 -Ikernel/bootmode -Ikernel/core -Ikernel/core/events -Ikernel/core/ipc -Ikernel/core/module -Ikernel/core/network -Ikernel/core/process -Ikernel/core/runtime -Ikernel/core/scheduler -Ikernel/core/sync -Ikernel/core/syscall -Ikernel/core/usermode -Ikernel/mm -Ilib -Ilib/memory -Iplatform -Iplatform/target -Ishell -Ishell/commands -Ishell/commands/filesystem -Ishell/commands/system -Ishell/commands/utilities -Ishell/core -Isystem -Isystem/apps -Isystem/config -Isystem/core -Isystem/desktop -Isystem/gui -Isystem/services -Isystem/services/app_manager -Isystem/services/font -Isystem/services/package_manager -Isystem/services/power -Isystem/services/session -Isystem/services/system_info -Iassets/fonts -MMD -MP -c shell/commands/utilities/sum.c -o build/shell/commands/utilities/sum.o
cc -ffreestanding -fno-stack-protector -fno-stack-check -mno-red-zone -mno-sse -mno-sse2 -mno-mmx -mgeneral-regs-only -fPIE -fno-ident -Wall -Wextra -O2 -Iinclude/nexus -Idrivers -Idrivers/bus -Idrivers/graphics -Idrivers/graphics/framebuffer -Idrivers/graphics/gpu -Idrivers/graphics/gpu/amd -Idrivers/graphics/gpu/intel -Idrivers/graphics/gpu/nvidia -Idrivers/hardware -Idrivers/hardware/cpu -Idrivers/hardware/pic -Idrivers/input -Idrivers/input/core -Idrivers/input/keyboard -Idrivers/input/mouse -Idrivers/network -Idrivers/network/e1000 -Idrivers/storage -Idrivers/timer -Idrivers/usb -Ifs -Ifs/gpt -Ifs/vfs -Ifs/vfs/core -Ifs/vfs/mount -Ifs/vfs/registry -Igui -Igui/apps -Igui/apps/files -Igui/apps/settings -Igui/apps/terminal -Igui/core -Igui/desktop -Igui/input -Igui/renderer -Igui/search -Igui/window -Ikernel -Ikernel/arch -Ikernel/arch/x86_64 -Ikernel/bootmode -Ikernel/core -Ikernel/core/events -Ikernel/core/ipc -Ikernel/core/module -Ikernel/core/network -Ikernel/core/process -Ikernel/core/runtime -Ikernel/core/scheduler -Ikernel/core/sync -Ikernel/core/syscall -Ikernel/core/usermode -Ikernel/mm -Ilib -Ilib/memory -Iplatform -Iplatform/target -Ishell -Ishell/commands -Ishell/commands/filesystem -Ishell/commands/system -Ishell/commands/utilities -Ishell/core -Isystem -Isystem/apps -Isystem/config -Isystem/core -Isystem/desktop -Isystem/gui -Isystem/services -Isystem/services/app_manager -Isystem/services/font -Isystem/services/package_manager -Isystem/services/power -Isystem/services/session -Isystem/services/system_info -Iassets/fonts -MMD -MP -c shell/commands/utilities/title.c -o build/shell/commands/utilities/title.o
cc -ffreestanding -fno-stack-protector -fno-stack-check -mno-red-zone -mno-sse -mno-sse2 -mno-mmx -mgeneral-regs-only -fPIE -fno-ident -Wall -Wextra -O2 -Iinclude/nexus -Idrivers -Idrivers/bus -Idrivers/graphics -Idrivers/graphics/framebuffer -Idrivers/graphics/gpu -Idrivers/graphics/gpu/amd -Idrivers/graphics/gpu/intel -Idrivers/graphics/gpu/nvidia -Idrivers/hardware -Idrivers/hardware/cpu -Idrivers/hardware/pic -Idrivers/input -Idrivers/input/core -Idrivers/input/keyboard -Idrivers/input/mouse -Idrivers/network -Idrivers/network/e1000 -Idrivers/storage -Idrivers/timer -Idrivers/usb -Ifs -Ifs/gpt -Ifs/vfs -Ifs/vfs/core -Ifs/vfs/mount -Ifs/vfs/registry -Igui -Igui/apps -Igui/apps/files -Igui/apps/settings -Igui/apps/terminal -Igui/core -Igui/desktop -Igui/input -Igui/renderer -Igui/search -Igui/window -Ikernel -Ikernel/arch -Ikernel/arch/x86_64 -Ikernel/bootmode -Ikernel/core -Ikernel/core/events -Ikernel/core/ipc -Ikernel/core/module -Ikernel/core/network -Ikernel/core/process -Ikernel/core/runtime -Ikernel/core/scheduler -Ikernel/core/sync -Ikernel/core/syscall -Ikernel/core/usermode -Ikernel/mm -Ilib -Ilib/memory -Iplatform -Iplatform/target -Ishell -Ishell/commands -Ishell/commands/filesystem -Ishell/commands/system -Ishell/commands/utilities -Ishell/core -Isystem -Isystem/apps -Isystem/config -Isystem/core -Isystem/desktop -Isystem/gui -Isystem/services -Isystem/services/app_manager -Isystem/services/font -Isystem/services/package_manager -Isystem/services/power -Isystem/services/session -Isystem/services/system_info -Iassets/fonts -MMD -MP -c shell/commands/utilities/upper.c -o build/shell/commands/utilities/upper.o
cc -ffreestanding -fno-stack-protector -fno-stack-check -mno-red-zone -mno-sse -mno-sse2 -mno-mmx -mgeneral-regs-only -fPIE -fno-ident -Wall -Wextra -O2 -Iinclude/nexus -Idrivers -Idrivers/bus -Idrivers/graphics -Idrivers/graphics/framebuffer -Idrivers/graphics/gpu -Idrivers/graphics/gpu/amd -Idrivers/graphics/gpu/intel -Idrivers/graphics/gpu/nvidia -Idrivers/hardware -Idrivers/hardware/cpu -Idrivers/hardware/pic -Idrivers/input -Idrivers/input/core -Idrivers/input/keyboard -Idrivers/input/mouse -Idrivers/network -Idrivers/network/e1000 -Idrivers/storage -Idrivers/timer -Idrivers/usb -Ifs -Ifs/gpt -Ifs/vfs -Ifs/vfs/core -Ifs/vfs/mount -Ifs/vfs/registry -Igui -Igui/apps -Igui/apps/files -Igui/apps/settings -Igui/apps/terminal -Igui/core -Igui/desktop -Igui/input -Igui/renderer -Igui/search -Igui/window -Ikernel -Ikernel/arch -Ikernel/arch/x86_64 -Ikernel/bootmode -Ikernel/core -Ikernel/core/events -Ikernel/core/ipc -Ikernel/core/module -Ikernel/core/network -Ikernel/core/process -Ikernel/core/runtime -Ikernel/core/scheduler -Ikernel/core/sync -Ikernel/core/syscall -Ikernel/core/usermode -Ikernel/mm -Ilib -Ilib/memory -Iplatform -Iplatform/target -Ishell -Ishell/commands -Ishell/commands/filesystem -Ishell/commands/system -Ishell/commands/utilities -Ishell/core -Isystem -Isystem/apps -Isystem/config -Isystem/core -Isystem/desktop -Isystem/gui -Isystem/services -Isystem/services/app_manager -Isystem/services/font -Isystem/services/package_manager -Isystem/services/power -Isystem/services/session -Isystem/services/system_info -Iassets/fonts -MMD -MP -c shell/core/command_registry.c -o build/shell/core/command_registry.o
cc -ffreestanding -fno-stack-protector -fno-stack-check -mno-red-zone -mno-sse -mno-sse2 -mno-mmx -mgeneral-regs-only -fPIE -fno-ident -Wall -Wextra -O2 -Iinclude/nexus -Idrivers -Idrivers/bus -Idrivers/graphics -Idrivers/graphics/framebuffer -Idrivers/graphics/gpu -Idrivers/graphics/gpu/amd -Idrivers/graphics/gpu/intel -Idrivers/graphics/gpu/nvidia -Idrivers/hardware -Idrivers/hardware/cpu -Idrivers/hardware/pic -Idrivers/input -Idrivers/input/core -Idrivers/input/keyboard -Idrivers/input/mouse -Idrivers/network -Idrivers/network/e1000 -Idrivers/storage -Idrivers/timer -Idrivers/usb -Ifs -Ifs/gpt -Ifs/vfs -Ifs/vfs/core -Ifs/vfs/mount -Ifs/vfs/registry -Igui -Igui/apps -Igui/apps/files -Igui/apps/settings -Igui/apps/terminal -Igui/core -Igui/desktop -Igui/input -Igui/renderer -Igui/search -Igui/window -Ikernel -Ikernel/arch -Ikernel/arch/x86_64 -Ikernel/bootmode -Ikernel/core -Ikernel/core/events -Ikernel/core/ipc -Ikernel/core/module -Ikernel/core/network -Ikernel/core/process -Ikernel/core/runtime -Ikernel/core/scheduler -Ikernel/core/sync -Ikernel/core/syscall -Ikernel/core/usermode -Ikernel/mm -Ilib -Ilib/memory -Iplatform -Iplatform/target -Ishell -Ishell/commands -Ishell/commands/filesystem -Ishell/commands/system -Ishell/commands/utilities -Ishell/core -Isystem -Isystem/apps -Isystem/config -Isystem/core -Isystem/desktop -Isystem/gui -Isystem/services -Isystem/services/app_manager -Isystem/services/font -Isystem/services/package_manager -Isystem/services/power -Isystem/services/session -Isystem/services/system_info -Iassets/fonts -MMD -MP -c shell/core/parser.c -o build/shell/core/parser.o
cc -ffreestanding -fno-stack-protector -fno-stack-check -mno-red-zone -mno-sse -mno-sse2 -mno-mmx -mgeneral-regs-only -fPIE -fno-ident -Wall -Wextra -O2 -Iinclude/nexus -Idrivers -Idrivers/bus -Idrivers/graphics -Idrivers/graphics/framebuffer -Idrivers/graphics/gpu -Idrivers/graphics/gpu/amd -Idrivers/graphics/gpu/intel -Idrivers/graphics/gpu/nvidia -Idrivers/hardware -Idrivers/hardware/cpu -Idrivers/hardware/pic -Idrivers/input -Idrivers/input/core -Idrivers/input/keyboard -Idrivers/input/mouse -Idrivers/network -Idrivers/network/e1000 -Idrivers/storage -Idrivers/timer -Idrivers/usb -Ifs -Ifs/gpt -Ifs/vfs -Ifs/vfs/core -Ifs/vfs/mount -Ifs/vfs/registry -Igui -Igui/apps -Igui/apps/files -Igui/apps/settings -Igui/apps/terminal -Igui/core -Igui/desktop -Igui/input -Igui/renderer -Igui/search -Igui/window -Ikernel -Ikernel/arch -Ikernel/arch/x86_64 -Ikernel/bootmode -Ikernel/core -Ikernel/core/events -Ikernel/core/ipc -Ikernel/core/module -Ikernel/core/network -Ikernel/core/process -Ikernel/core/runtime -Ikernel/core/scheduler -Ikernel/core/sync -Ikernel/core/syscall -Ikernel/core/usermode -Ikernel/mm -Ilib -Ilib/memory -Iplatform -Iplatform/target -Ishell -Ishell/commands -Ishell/commands/filesystem -Ishell/commands/system -Ishell/commands/utilities -Ishell/core -Isystem -Isystem/apps -Isystem/config -Isystem/core -Isystem/desktop -Isystem/gui -Isystem/services -Isystem/services/app_manager -Isystem/services/font -Isystem/services/package_manager -Isystem/services/power -Isystem/services/session -Isystem/services/system_info -Iassets/fonts -MMD -MP -c shell/core/shell.c -o build/shell/core/shell.o
cc -ffreestanding -fno-stack-protector -fno-stack-check -mno-red-zone -mno-sse -mno-sse2 -mno-mmx -mgeneral-regs-only -fPIE -fno-ident -Wall -Wextra -O2 -Iinclude/nexus -Idrivers -Idrivers/bus -Idrivers/graphics -Idrivers/graphics/framebuffer -Idrivers/graphics/gpu -Idrivers/graphics/gpu/amd -Idrivers/graphics/gpu/intel -Idrivers/graphics/gpu/nvidia -Idrivers/hardware -Idrivers/hardware/cpu -Idrivers/hardware/pic -Idrivers/input -Idrivers/input/core -Idrivers/input/keyboard -Idrivers/input/mouse -Idrivers/network -Idrivers/network/e1000 -Idrivers/storage -Idrivers/timer -Idrivers/usb -Ifs -Ifs/gpt -Ifs/vfs -Ifs/vfs/core -Ifs/vfs/mount -Ifs/vfs/registry -Igui -Igui/apps -Igui/apps/files -Igui/apps/settings -Igui/apps/terminal -Igui/core -Igui/desktop -Igui/input -Igui/renderer -Igui/search -Igui/window -Ikernel -Ikernel/arch -Ikernel/arch/x86_64 -Ikernel/bootmode -Ikernel/core -Ikernel/core/events -Ikernel/core/ipc -Ikernel/core/module -Ikernel/core/network -Ikernel/core/process -Ikernel/core/runtime -Ikernel/core/scheduler -Ikernel/core/sync -Ikernel/core/syscall -Ikernel/core/usermode -Ikernel/mm -Ilib -Ilib/memory -Iplatform -Iplatform/target -Ishell -Ishell/commands -Ishell/commands/filesystem -Ishell/commands/system -Ishell/commands/utilities -Ishell/core -Isystem -Isystem/apps -Isystem/config -Isystem/core -Isystem/desktop -Isystem/gui -Isystem/services -Isystem/services/app_manager -Isystem/services/font -Isystem/services/package_manager -Isystem/services/power -Isystem/services/session -Isystem/services/system_info -Iassets/fonts -MMD -MP -c system/core/state.c -o build/system/core/state.o
cc -ffreestanding -fno-stack-protector -fno-stack-check -mno-red-zone -mno-sse -mno-sse2 -mno-mmx -mgeneral-regs-only -fPIE -fno-ident -Wall -Wextra -O2 -Iinclude/nexus -Idrivers -Idrivers/bus -Idrivers/graphics -Idrivers/graphics/framebuffer -Idrivers/graphics/gpu -Idrivers/graphics/gpu/amd -Idrivers/graphics/gpu/intel -Idrivers/graphics/gpu/nvidia -Idrivers/hardware -Idrivers/hardware/cpu -Idrivers/hardware/pic -Idrivers/input -Idrivers/input/core -Idrivers/input/keyboard -Idrivers/input/mouse -Idrivers/network -Idrivers/network/e1000 -Idrivers/storage -Idrivers/timer -Idrivers/usb -Ifs -Ifs/gpt -Ifs/vfs -Ifs/vfs/core -Ifs/vfs/mount -Ifs/vfs/registry -Igui -Igui/apps -Igui/apps/files -Igui/apps/settings -Igui/apps/terminal -Igui/core -Igui/desktop -Igui/input -Igui/renderer -Igui/search -Igui/window -Ikernel -Ikernel/arch -Ikernel/arch/x86_64 -Ikernel/bootmode -Ikernel/core -Ikernel/core/events -Ikernel/core/ipc -Ikernel/core/module -Ikernel/core/network -Ikernel/core/process -Ikernel/core/runtime -Ikernel/core/scheduler -Ikernel/core/sync -Ikernel/core/syscall -Ikernel/core/usermode -Ikernel/mm -Ilib -Ilib/memory -Iplatform -Iplatform/target -Ishell -Ishell/commands -Ishell/commands/filesystem -Ishell/commands/system -Ishell/commands/utilities -Ishell/core -Isystem -Isystem/apps -Isystem/config -Isystem/core -Isystem/desktop -Isystem/gui -Isystem/services -Isystem/services/app_manager -Isystem/services/font -Isystem/services/package_manager -Isystem/services/power -Isystem/services/session -Isystem/services/system_info -Iassets/fonts -MMD -MP -c system/services/app_manager/app_manager.c -o build/system/services/app_manager/app_manager.o
cc -ffreestanding -fno-stack-protector -fno-stack-check -mno-red-zone -mno-sse -mno-sse2 -mno-mmx -mgeneral-regs-only -fPIE -fno-ident -Wall -Wextra -O2 -Iinclude/nexus -Idrivers -Idrivers/bus -Idrivers/graphics -Idrivers/graphics/framebuffer -Idrivers/graphics/gpu -Idrivers/graphics/gpu/amd -Idrivers/graphics/gpu/intel -Idrivers/graphics/gpu/nvidia -Idrivers/hardware -Idrivers/hardware/cpu -Idrivers/hardware/pic -Idrivers/input -Idrivers/input/core -Idrivers/input/keyboard -Idrivers/input/mouse -Idrivers/network -Idrivers/network/e1000 -Idrivers/storage -Idrivers/timer -Idrivers/usb -Ifs -Ifs/gpt -Ifs/vfs -Ifs/vfs/core -Ifs/vfs/mount -Ifs/vfs/registry -Igui -Igui/apps -Igui/apps/files -Igui/apps/settings -Igui/apps/terminal -Igui/core -Igui/desktop -Igui/input -Igui/renderer -Igui/search -Igui/window -Ikernel -Ikernel/arch -Ikernel/arch/x86_64 -Ikernel/bootmode -Ikernel/core -Ikernel/core/events -Ikernel/core/ipc -Ikernel/core/module -Ikernel/core/network -Ikernel/core/process -Ikernel/core/runtime -Ikernel/core/scheduler -Ikernel/core/sync -Ikernel/core/syscall -Ikernel/core/usermode -Ikernel/mm -Ilib -Ilib/memory -Iplatform -Iplatform/target -Ishell -Ishell/commands -Ishell/commands/filesystem -Ishell/commands/system -Ishell/commands/utilities -Ishell/core -Isystem -Isystem/apps -Isystem/config -Isystem/core -Isystem/desktop -Isystem/gui -Isystem/services -Isystem/services/app_manager -Isystem/services/font -Isystem/services/package_manager -Isystem/services/power -Isystem/services/session -Isystem/services/system_info -Iassets/fonts -MMD -MP -c system/services/font/font.c -o build/system/services/font/font.o
cc -ffreestanding -fno-stack-protector -fno-stack-check -mno-red-zone -mno-sse -mno-sse2 -mno-mmx -mgeneral-regs-only -fPIE -fno-ident -Wall -Wextra -O2 -Iinclude/nexus -Idrivers -Idrivers/bus -Idrivers/graphics -Idrivers/graphics/framebuffer -Idrivers/graphics/gpu -Idrivers/graphics/gpu/amd -Idrivers/graphics/gpu/intel -Idrivers/graphics/gpu/nvidia -Idrivers/hardware -Idrivers/hardware/cpu -Idrivers/hardware/pic -Idrivers/input -Idrivers/input/core -Idrivers/input/keyboard -Idrivers/input/mouse -Idrivers/network -Idrivers/network/e1000 -Idrivers/storage -Idrivers/timer -Idrivers/usb -Ifs -Ifs/gpt -Ifs/vfs -Ifs/vfs/core -Ifs/vfs/mount -Ifs/vfs/registry -Igui -Igui/apps -Igui/apps/files -Igui/apps/settings -Igui/apps/terminal -Igui/core -Igui/desktop -Igui/input -Igui/renderer -Igui/search -Igui/window -Ikernel -Ikernel/arch -Ikernel/arch/x86_64 -Ikernel/bootmode -Ikernel/core -Ikernel/core/events -Ikernel/core/ipc -Ikernel/core/module -Ikernel/core/network -Ikernel/core/process -Ikernel/core/runtime -Ikernel/core/scheduler -Ikernel/core/sync -Ikernel/core/syscall -Ikernel/core/usermode -Ikernel/mm -Ilib -Ilib/memory -Iplatform -Iplatform/target -Ishell -Ishell/commands -Ishell/commands/filesystem -Ishell/commands/system -Ishell/commands/utilities -Ishell/core -Isystem -Isystem/apps -Isystem/config -Isystem/core -Isystem/desktop -Isystem/gui -Isystem/services -Isystem/services/app_manager -Isystem/services/font -Isystem/services/package_manager -Isystem/services/power -Isystem/services/session -Isystem/services/system_info -Iassets/fonts -MMD -MP -c system/services/package_manager/package_loader.c -o build/system/services/package_manager/package_loader.o
cc -ffreestanding -fno-stack-protector -fno-stack-check -mno-red-zone -mno-sse -mno-sse2 -mno-mmx -mgeneral-regs-only -fPIE -fno-ident -Wall -Wextra -O2 -Iinclude/nexus -Idrivers -Idrivers/bus -Idrivers/graphics -Idrivers/graphics/framebuffer -Idrivers/graphics/gpu -Idrivers/graphics/gpu/amd -Idrivers/graphics/gpu/intel -Idrivers/graphics/gpu/nvidia -Idrivers/hardware -Idrivers/hardware/cpu -Idrivers/hardware/pic -Idrivers/input -Idrivers/input/core -Idrivers/input/keyboard -Idrivers/input/mouse -Idrivers/network -Idrivers/network/e1000 -Idrivers/storage -Idrivers/timer -Idrivers/usb -Ifs -Ifs/gpt -Ifs/vfs -Ifs/vfs/core -Ifs/vfs/mount -Ifs/vfs/registry -Igui -Igui/apps -Igui/apps/files -Igui/apps/settings -Igui/apps/terminal -Igui/core -Igui/desktop -Igui/input -Igui/renderer -Igui/search -Igui/window -Ikernel -Ikernel/arch -Ikernel/arch/x86_64 -Ikernel/bootmode -Ikernel/core -Ikernel/core/events -Ikernel/core/ipc -Ikernel/core/module -Ikernel/core/network -Ikernel/core/process -Ikernel/core/runtime -Ikernel/core/scheduler -Ikernel/core/sync -Ikernel/core/syscall -Ikernel/core/usermode -Ikernel/mm -Ilib -Ilib/memory -Iplatform -Iplatform/target -Ishell -Ishell/commands -Ishell/commands/filesystem -Ishell/commands/system -Ishell/commands/utilities -Ishell/core -Isystem -Isystem/apps -Isystem/config -Isystem/core -Isystem/desktop -Isystem/gui -Isystem/services -Isystem/services/app_manager -Isystem/services/font -Isystem/services/package_manager -Isystem/services/power -Isystem/services/session -Isystem/services/system_info -Iassets/fonts -MMD -MP -c system/services/package_manager/package_manager.c -o build/system/services/package_manager/package_manager.o
cc -ffreestanding -fno-stack-protector -fno-stack-check -mno-red-zone -mno-sse -mno-sse2 -mno-mmx -mgeneral-regs-only -fPIE -fno-ident -Wall -Wextra -O2 -Iinclude/nexus -Idrivers -Idrivers/bus -Idrivers/graphics -Idrivers/graphics/framebuffer -Idrivers/graphics/gpu -Idrivers/graphics/gpu/amd -Idrivers/graphics/gpu/intel -Idrivers/graphics/gpu/nvidia -Idrivers/hardware -Idrivers/hardware/cpu -Idrivers/hardware/pic -Idrivers/input -Idrivers/input/core -Idrivers/input/keyboard -Idrivers/input/mouse -Idrivers/network -Idrivers/network/e1000 -Idrivers/storage -Idrivers/timer -Idrivers/usb -Ifs -Ifs/gpt -Ifs/vfs -Ifs/vfs/core -Ifs/vfs/mount -Ifs/vfs/registry -Igui -Igui/apps -Igui/apps/files -Igui/apps/settings -Igui/apps/terminal -Igui/core -Igui/desktop -Igui/input -Igui/renderer -Igui/search -Igui/window -Ikernel -Ikernel/arch -Ikernel/arch/x86_64 -Ikernel/bootmode -Ikernel/core -Ikernel/core/events -Ikernel/core/ipc -Ikernel/core/module -Ikernel/core/network -Ikernel/core/process -Ikernel/core/runtime -Ikernel/core/scheduler -Ikernel/core/sync -Ikernel/core/syscall -Ikernel/core/usermode -Ikernel/mm -Ilib -Ilib/memory -Iplatform -Iplatform/target -Ishell -Ishell/commands -Ishell/commands/filesystem -Ishell/commands/system -Ishell/commands/utilities -Ishell/core -Isystem -Isystem/apps -Isystem/config -Isystem/core -Isystem/desktop -Isystem/gui -Isystem/services -Isystem/services/app_manager -Isystem/services/font -Isystem/services/package_manager -Isystem/services/power -Isystem/services/session -Isystem/services/system_info -Iassets/fonts -MMD -MP -c system/services/package_manager/package_manifest.c -o build/system/services/package_manager/package_manifest.o
cc -ffreestanding -fno-stack-protector -fno-stack-check -mno-red-zone -mno-sse -mno-sse2 -mno-mmx -mgeneral-regs-only -fPIE -fno-ident -Wall -Wextra -O2 -Iinclude/nexus -Idrivers -Idrivers/bus -Idrivers/graphics -Idrivers/graphics/framebuffer -Idrivers/graphics/gpu -Idrivers/graphics/gpu/amd -Idrivers/graphics/gpu/intel -Idrivers/graphics/gpu/nvidia -Idrivers/hardware -Idrivers/hardware/cpu -Idrivers/hardware/pic -Idrivers/input -Idrivers/input/core -Idrivers/input/keyboard -Idrivers/input/mouse -Idrivers/network -Idrivers/network/e1000 -Idrivers/storage -Idrivers/timer -Idrivers/usb -Ifs -Ifs/gpt -Ifs/vfs -Ifs/vfs/core -Ifs/vfs/mount -Ifs/vfs/registry -Igui -Igui/apps -Igui/apps/files -Igui/apps/settings -Igui/apps/terminal -Igui/core -Igui/desktop -Igui/input -Igui/renderer -Igui/search -Igui/window -Ikernel -Ikernel/arch -Ikernel/arch/x86_64 -Ikernel/bootmode -Ikernel/core -Ikernel/core/events -Ikernel/core/ipc -Ikernel/core/module -Ikernel/core/network -Ikernel/core/process -Ikernel/core/runtime -Ikernel/core/scheduler -Ikernel/core/sync -Ikernel/core/syscall -Ikernel/core/usermode -Ikernel/mm -Ilib -Ilib/memory -Iplatform -Iplatform/target -Ishell -Ishell/commands -Ishell/commands/filesystem -Ishell/commands/system -Ishell/commands/utilities -Ishell/core -Isystem -Isystem/apps -Isystem/config -Isystem/core -Isystem/desktop -Isystem/gui -Isystem/services -Isystem/services/app_manager -Isystem/services/font -Isystem/services/package_manager -Isystem/services/power -Isystem/services/session -Isystem/services/system_info -Iassets/fonts -MMD -MP -c system/services/power/power.c -o build/system/services/power/power.o
cc -ffreestanding -fno-stack-protector -fno-stack-check -mno-red-zone -mno-sse -mno-sse2 -mno-mmx -mgeneral-regs-only -fPIE -fno-ident -Wall -Wextra -O2 -Iinclude/nexus -Idrivers -Idrivers/bus -Idrivers/graphics -Idrivers/graphics/framebuffer -Idrivers/graphics/gpu -Idrivers/graphics/gpu/amd -Idrivers/graphics/gpu/intel -Idrivers/graphics/gpu/nvidia -Idrivers/hardware -Idrivers/hardware/cpu -Idrivers/hardware/pic -Idrivers/input -Idrivers/input/core -Idrivers/input/keyboard -Idrivers/input/mouse -Idrivers/network -Idrivers/network/e1000 -Idrivers/storage -Idrivers/timer -Idrivers/usb -Ifs -Ifs/gpt -Ifs/vfs -Ifs/vfs/core -Ifs/vfs/mount -Ifs/vfs/registry -Igui -Igui/apps -Igui/apps/files -Igui/apps/settings -Igui/apps/terminal -Igui/core -Igui/desktop -Igui/input -Igui/renderer -Igui/search -Igui/window -Ikernel -Ikernel/arch -Ikernel/arch/x86_64 -Ikernel/bootmode -Ikernel/core -Ikernel/core/events -Ikernel/core/ipc -Ikernel/core/module -Ikernel/core/network -Ikernel/core/process -Ikernel/core/runtime -Ikernel/core/scheduler -Ikernel/core/sync -Ikernel/core/syscall -Ikernel/core/usermode -Ikernel/mm -Ilib -Ilib/memory -Iplatform -Iplatform/target -Ishell -Ishell/commands -Ishell/commands/filesystem -Ishell/commands/system -Ishell/commands/utilities -Ishell/core -Isystem -Isystem/apps -Isystem/config -Isystem/core -Isystem/desktop -Isystem/gui -Isystem/services -Isystem/services/app_manager -Isystem/services/font -Isystem/services/package_manager -Isystem/services/power -Isystem/services/session -Isystem/services/system_info -Iassets/fonts -MMD -MP -c system/services/session/session.c -o build/system/services/session/session.o
cc -ffreestanding -fno-stack-protector -fno-stack-check -mno-red-zone -mno-sse -mno-sse2 -mno-mmx -mgeneral-regs-only -fPIE -fno-ident -Wall -Wextra -O2 -Iinclude/nexus -Idrivers -Idrivers/bus -Idrivers/graphics -Idrivers/graphics/framebuffer -Idrivers/graphics/gpu -Idrivers/graphics/gpu/amd -Idrivers/graphics/gpu/intel -Idrivers/graphics/gpu/nvidia -Idrivers/hardware -Idrivers/hardware/cpu -Idrivers/hardware/pic -Idrivers/input -Idrivers/input/core -Idrivers/input/keyboard -Idrivers/input/mouse -Idrivers/network -Idrivers/network/e1000 -Idrivers/storage -Idrivers/timer -Idrivers/usb -Ifs -Ifs/gpt -Ifs/vfs -Ifs/vfs/core -Ifs/vfs/mount -Ifs/vfs/registry -Igui -Igui/apps -Igui/apps/files -Igui/apps/settings -Igui/apps/terminal -Igui/core -Igui/desktop -Igui/input -Igui/renderer -Igui/search -Igui/window -Ikernel -Ikernel/arch -Ikernel/arch/x86_64 -Ikernel/bootmode -Ikernel/core -Ikernel/core/events -Ikernel/core/ipc -Ikernel/core/module -Ikernel/core/network -Ikernel/core/process -Ikernel/core/runtime -Ikernel/core/scheduler -Ikernel/core/sync -Ikernel/core/syscall -Ikernel/core/usermode -Ikernel/mm -Ilib -Ilib/memory -Iplatform -Iplatform/target -Ishell -Ishell/commands -Ishell/commands/filesystem -Ishell/commands/system -Ishell/commands/utilities -Ishell/core -Isystem -Isystem/apps -Isystem/config -Isystem/core -Isystem/desktop -Isystem/gui -Isystem/services -Isystem/services/app_manager -Isystem/services/font -Isystem/services/package_manager -Isystem/services/power -Isystem/services/session -Isystem/services/system_info -Iassets/fonts -MMD -MP -c system/services/system_info/system_info.c -o build/system/services/system_info/system_info.o
objcopy -I binary -O elf64-x86-64 -B i386:x86-64 \
	--rename-section .data=.rodata,alloc,load,readonly,data,contents \
	assets/wallpapers/nexus_default.rgb565 build/assets/wallpapers/nexus_default.o
objcopy -I binary -O elf64-x86-64 -B i386:x86-64 \
	--rename-section .data=.rodata,alloc,load,readonly,data,contents \
	assets/fonts/Roboto-Regular.ttf build/assets/fonts/Roboto-Regular.o
objcopy -I binary -O elf64-x86-64 -B i386:x86-64 \
	--rename-section .data=.rodata,alloc,load,readonly,data,contents \
	assets/fonts/Roboto-Bold.ttf build/assets/fonts/Roboto-Bold.o
cc -ffreestanding -fno-stack-protector -fno-stack-check -fshort-wchar -mno-red-zone -fpic -fno-ident -Wall -Wextra -O2 -Iinclude/nexus -Iboot/uefi/include -Iboot/uefi/src -Iboot/uefi/assets -MMD -MP -c boot/uefi/src/boot.c -o build/boot/uefi/src/boot.o
cc -ffreestanding -fno-stack-protector -fno-stack-check -fshort-wchar -mno-red-zone -fpic -fno-ident -Wall -Wextra -O2 -Iinclude/nexus -Iboot/uefi/include -Iboot/uefi/src -Iboot/uefi/assets -MMD -MP -c lib/memory/mem.c -o build/boot/uefi/mem.o
ld -m i386pep -nostdlib -shared -Bsymbolic -e efi_main --subsystem 10 -o build/BOOTX64.EFI build/boot/uefi/src/boot.o build/boot/uefi/mem.o
==> UEFI bootloader: build/BOOTX64.EFI
cp build/BOOTX64.EFI iso/EFI/BOOT/BOOTX64.EFI
ld -nostdlib -shared -Bsymbolic -T kernel/arch/x86_64/linker.ld -o build/kernel.elf build/kernel/arch/x86_64/entry.o build/kernel/arch/x86_64/gdt_asm.o build/kernel/arch/x86_64/isr.o build/kernel/arch/x86_64/syscall_entry.o build/drivers/bus/pci.o build/drivers/graphics/framebuffer/console.o build/drivers/graphics/gpu/amd/amd_gpu.o build/drivers/graphics/gpu/gpu.o build/drivers/graphics/gpu/intel/intel_gpu.o build/drivers/graphics/gpu/nvidia/nvidia_gpu.o build/drivers/hardware/cpu/cpu.o build/drivers/hardware/pic/pic.o build/drivers/input/core/input.o build/drivers/input/keyboard/keyboard.o build/drivers/input/mouse/mouse.o build/drivers/network/e1000/e1000.o build/drivers/storage/ahci.o build/drivers/storage/nvme.o build/drivers/timer/pit.o build/drivers/usb/ehci.o build/drivers/usb/ohci.o build/drivers/usb/uhci.o build/drivers/usb/usb.o build/drivers/usb/xhci.o build/fs/fat32.o build/fs/gpt/gpt.o build/fs/vfs/core/vfs.o build/fs/vfs/mount/mount.o build/fs/vfs/registry/fs.o build/gui/apps/files/files.o build/gui/apps/settings/settings.o build/gui/apps/terminal/terminal.o build/gui/core/gui.o build/gui/core/gui_state.o build/gui/desktop/desktop.o build/gui/input/input.o build/gui/renderer/font.o build/gui/renderer/renderer.o build/gui/search/search.o build/gui/window/window.o build/kernel/arch/x86_64/gdt.o build/kernel/arch/x86_64/idt.o build/kernel/core/elf_loader.o build/kernel/core/events/event_queue.o build/kernel/core/events/kernel_events.o build/kernel/core/ipc/ipc.o build/kernel/core/kernel.o build/kernel/core/kstate.o build/kernel/core/module/driver_modules.o build/kernel/core/module/module.o build/kernel/core/module/native_runtime_modules.o build/kernel/core/module/service_modules.o build/kernel/core/network/network.o build/kernel/core/panic.o build/kernel/core/process/capability.o build/kernel/core/process/process.o build/kernel/core/runtime/runtime.o build/kernel/core/scheduler/scheduler.o build/kernel/core/sync/sync.o build/kernel/core/syscall/syscall.o build/kernel/core/usermode/usermode.o build/kernel/core/watchdog.o build/kernel/mm/heap.o build/kernel/mm/paging.o build/kernel/mm/pmm.o build/kernel/mm/vmm.o build/lib/memory/mem.o build/platform/target/target.o build/shell/commands/filesystem/append.o build/shell/commands/filesystem/cat.o build/shell/commands/filesystem/cd.o build/shell/commands/filesystem/cp.o build/shell/commands/filesystem/df.o build/shell/commands/filesystem/diff.o build/shell/commands/filesystem/du.o build/shell/commands/filesystem/find.o build/shell/commands/filesystem/grep.o build/shell/commands/filesystem/head.o build/shell/commands/filesystem/less.o build/shell/commands/filesystem/ls.o build/shell/commands/filesystem/mkdir.o build/shell/commands/filesystem/mv.o build/shell/commands/filesystem/pwd.o build/shell/commands/filesystem/rm.o build/shell/commands/filesystem/rmdir.o build/shell/commands/filesystem/tail.o build/shell/commands/filesystem/touch.o build/shell/commands/filesystem/wc.o build/shell/commands/filesystem/write.o build/shell/commands/system/about.o build/shell/commands/system/arch.o build/shell/commands/system/beep.o build/shell/commands/system/colors.o build/shell/commands/system/date.o build/shell/commands/system/diskcat.o build/shell/commands/system/diskls.o build/shell/commands/system/fontinfo.o build/shell/commands/system/free.o build/shell/commands/system/gpuinfo.o build/shell/commands/system/halt.o build/shell/commands/system/hardware.o build/shell/commands/system/hostname.o build/shell/commands/system/inputinfo.o build/shell/commands/system/lspci.o build/shell/commands/system/meminfo.o build/shell/commands/system/modules.o build/shell/commands/system/neofetch.o build/shell/commands/system/ps.o build/shell/commands/system/reboot.o build/shell/commands/system/services.o build/shell/commands/system/shutdown.o build/shell/commands/system/sysinfo.o build/shell/commands/system/uname.o build/shell/commands/system/uptime.o build/shell/commands/system/version.o build/shell/commands/system/whoami.o build/shell/commands/utilities/calc.o build/shell/commands/utilities/dec.o build/shell/commands/utilities/echo.o build/shell/commands/utilities/fib.o build/shell/commands/utilities/hex.o build/shell/commands/utilities/isprime.o build/shell/commands/utilities/len.o build/shell/commands/utilities/lower.o build/shell/commands/utilities/man.o build/shell/commands/utilities/reverse.o build/shell/commands/utilities/sum.o build/shell/commands/utilities/title.o build/shell/commands/utilities/upper.o build/shell/core/command_registry.o build/shell/core/parser.o build/shell/core/shell.o build/system/core/state.o build/system/services/app_manager/app_manager.o build/system/services/font/font.o build/system/services/package_manager/package_loader.o build/system/services/package_manager/package_manager.o build/system/services/package_manager/package_manifest.o build/system/services/power/power.o build/system/services/session/session.o build/system/services/system_info/system_info.o build/assets/wallpapers/nexus_default.o build/assets/fonts/Roboto-Regular.o build/assets/fonts/Roboto-Bold.o
==> Kernel: build/kernel.elf
cp build/kernel.elf iso/kernel.elf
==> System staging: iso/
python3 tools/create_iso.py --bootloader build/BOOTX64.EFI --kernel build/kernel.elf --out build/NexusOS-0.7.iso
created build/NexusOS-0.7.iso (16844800 bytes)
EFI boot image: FAT16 16 MiB @ ISO LBA 32
ISO9660: root/EFI/BOOT/BOOTX64.EFI + root/KERNEL.ELF
==> Bootable ISO: build/NexusOS-0.7.iso
